
45. Printing statistics.

=== ibex_top ===

   Number of wires:              14647
   Number of wire bits:          15260
   Number of public wires:        2309
   Number of public wire bits:    2922
   Number of memories:               0
   Number of memory bits:            0
   Number of processes:              0
   Number of cells:              13519
     $_DLATCH_N_                    33
     AND2_X1                       309
     AND2_X2                         2
     AND2_X4                         1
     AND3_X1                        88
     AND3_X2                         1
     AND4_X1                        76
     AND4_X2                         1
     AOI211_X1                     198
     AOI211_X2                       6
     AOI21_X1                      875
     AOI21_X2                        5
     AOI21_X4                        3
     AOI221_X1                     154
     AOI221_X2                       2
     AOI222_X1                     290
     AOI222_X2                       1
     AOI22_X1                      887
     BUF_X1                        608
     BUF_X2                         67
     BUF_X4                          9
     BUF_X8                          5
     CLKBUF_X1                     144
     CLKBUF_X3                       5
     DFFR_X1                       731
     DFFS_X1                         8
     DFF_X1                        278
     DLH_X1                        992
     INV_X1                        581
     INV_X2                          1
     INV_X4                          1
     MUX2_X1                       925
     MUX2_X2                         5
     NAND2_X1                     1354
     NAND2_X2                        1
     NAND3_X1                      489
     NAND4_X1                      199
     NAND4_X4                        1
     NOR2_X1                       972
     NOR2_X2                         3
     NOR2_X4                         1
     NOR3_X1                       230
     NOR3_X2                         1
     NOR3_X4                         2
     NOR4_X1                        74
     NOR4_X2                         7
     NOR4_X4                         1
     OAI211_X1                     234
     OAI211_X4                       1
     OAI21_X1                     1127
     OAI21_X2                       11
     OAI21_X4                        2
     OAI221_X1                      92
     OAI222_X1                      35
     OAI22_X1                      105
     OAI33_X1                       20
     OR2_X1                        275
     OR3_X1                        113
     OR3_X2                          3
     OR4_X1                         29
     OR4_X2                          3
     XNOR2_X1                      486
     XNOR2_X2                        1
     XOR2_X1                       355

   Area for cell type $_DLATCH_N_ is unknown!

   Chip area for module '\ibex_top': 21253.666000

