Archive member included to satisfy reference by file (symbol)

/home/kachi3/lowrisc-toolchain-gcc-rv32imcb/bin/../lib/gcc/riscv32-unknown-elf/10.2.0/../../../../riscv32-unknown-elf/lib/libm.a(lib_a-s_modf.o)
                              /tmp/ccoAuIYO.o (modf)
/home/kachi3/lowrisc-toolchain-gcc-rv32imcb/bin/../lib/gcc/riscv32-unknown-elf/10.2.0/../../../../riscv32-unknown-elf/lib/libm.a(lib_a-s_fpclassify.o)
                              /home/kachi3/lowrisc-toolchain-gcc-rv32imcb/bin/../lib/gcc/riscv32-unknown-elf/10.2.0/../../../../riscv32-unknown-elf/lib/libm.a(lib_a-s_modf.o) (__fpclassifyd)
/home/kachi3/lowrisc-toolchain-gcc-rv32imcb/bin/../lib/gcc/riscv32-unknown-elf/10.2.0/libgcc.a(adddf3.o)
                              /tmp/ccoAuIYO.o (__adddf3)
/home/kachi3/lowrisc-toolchain-gcc-rv32imcb/bin/../lib/gcc/riscv32-unknown-elf/10.2.0/libgcc.a(divdf3.o)
                              /tmp/ccpLveND.o (__divdf3)
/home/kachi3/lowrisc-toolchain-gcc-rv32imcb/bin/../lib/gcc/riscv32-unknown-elf/10.2.0/libgcc.a(eqdf2.o)
                              /tmp/ccoAuIYO.o (__nedf2)
/home/kachi3/lowrisc-toolchain-gcc-rv32imcb/bin/../lib/gcc/riscv32-unknown-elf/10.2.0/libgcc.a(gedf2.o)
                              /tmp/ccpLveND.o (__gtdf2)
/home/kachi3/lowrisc-toolchain-gcc-rv32imcb/bin/../lib/gcc/riscv32-unknown-elf/10.2.0/libgcc.a(ledf2.o)
                              /tmp/ccpLveND.o (__ltdf2)
/home/kachi3/lowrisc-toolchain-gcc-rv32imcb/bin/../lib/gcc/riscv32-unknown-elf/10.2.0/libgcc.a(muldf3.o)
                              /tmp/ccoAuIYO.o (__muldf3)
/home/kachi3/lowrisc-toolchain-gcc-rv32imcb/bin/../lib/gcc/riscv32-unknown-elf/10.2.0/libgcc.a(subdf3.o)
                              /home/kachi3/lowrisc-toolchain-gcc-rv32imcb/bin/../lib/gcc/riscv32-unknown-elf/10.2.0/../../../../riscv32-unknown-elf/lib/libm.a(lib_a-s_modf.o) (__subdf3)
/home/kachi3/lowrisc-toolchain-gcc-rv32imcb/bin/../lib/gcc/riscv32-unknown-elf/10.2.0/libgcc.a(fixdfsi.o)
                              /tmp/ccoAuIYO.o (__fixdfsi)
/home/kachi3/lowrisc-toolchain-gcc-rv32imcb/bin/../lib/gcc/riscv32-unknown-elf/10.2.0/libgcc.a(fixunsdfsi.o)
                              /tmp/ccpLveND.o (__fixunsdfsi)
/home/kachi3/lowrisc-toolchain-gcc-rv32imcb/bin/../lib/gcc/riscv32-unknown-elf/10.2.0/libgcc.a(floatunsidf.o)
                              /tmp/ccpLveND.o (__floatunsidf)
/home/kachi3/lowrisc-toolchain-gcc-rv32imcb/bin/../lib/gcc/riscv32-unknown-elf/10.2.0/libgcc.a(divsf3.o)
                              /tmp/ccdXFDmm.o (__divsf3)
/home/kachi3/lowrisc-toolchain-gcc-rv32imcb/bin/../lib/gcc/riscv32-unknown-elf/10.2.0/libgcc.a(floatunsisf.o)
                              /tmp/ccdXFDmm.o (__floatunsisf)
/home/kachi3/lowrisc-toolchain-gcc-rv32imcb/bin/../lib/gcc/riscv32-unknown-elf/10.2.0/libgcc.a(extendsfdf2.o)
                              /tmp/ccdXFDmm.o (__extendsfdf2)
/home/kachi3/lowrisc-toolchain-gcc-rv32imcb/bin/../lib/gcc/riscv32-unknown-elf/10.2.0/libgcc.a(_clzsi2.o)
                              /home/kachi3/lowrisc-toolchain-gcc-rv32imcb/bin/../lib/gcc/riscv32-unknown-elf/10.2.0/libgcc.a(adddf3.o) (__clzsi2)
/home/kachi3/lowrisc-toolchain-gcc-rv32imcb/bin/../lib/gcc/riscv32-unknown-elf/10.2.0/libgcc.a(_clz.o)
                              /home/kachi3/lowrisc-toolchain-gcc-rv32imcb/bin/../lib/gcc/riscv32-unknown-elf/10.2.0/libgcc.a(_clzsi2.o) (__clz_tab)

Memory Configuration

Name             Origin             Length             Attributes
ram              0x0000000000100000 0x0000000000030000
stack            0x0000000000130000 0x0000000000008000
*default*        0x0000000000000000 0xffffffffffffffff

Linker script and memory map

LOAD /tmp/ccdzPlMt.o
LOAD /tmp/ccpLveND.o
LOAD /tmp/ccucvQYg.o
LOAD /tmp/cc1l638K.o
LOAD /tmp/ccma0iB2.o
LOAD /tmp/ccdXFDmm.o
LOAD /tmp/ccRBGKMP.o
LOAD /tmp/ccoAuIYO.o
LOAD /tmp/cciTUYtk.o
LOAD /tmp/ccfIK1Ez.o
LOAD /home/kachi3/lowrisc-toolchain-gcc-rv32imcb/bin/../lib/gcc/riscv32-unknown-elf/10.2.0/../../../../riscv32-unknown-elf/lib/libm.a
LOAD /home/kachi3/lowrisc-toolchain-gcc-rv32imcb/bin/../lib/gcc/riscv32-unknown-elf/10.2.0/libgcc.a
                0x0000000000002000                _min_stack = 0x2000
                0x0000000000008000                _stack_len = LENGTH (stack)
                0x0000000000138000                _stack_start = (ORIGIN (stack) + LENGTH (stack))
                0x0000000000100080                _entry_point = (_vectors_start + 0x80)
                0x0000000000020008                tohost = 0x20008
                0x0000000000138010                fromhost = (_stack_start + 0x10)

.vectors        0x0000000000100000       0x84
                0x0000000000100000                . = ALIGN (0x4)
                0x0000000000100000                _vectors_start = .
 *(.vectors)
 .vectors       0x0000000000100000       0x84 /tmp/cciTUYtk.o
                0x0000000000100084                _vectors_end = .

.text           0x0000000000100090     0xd7d0
                0x0000000000100090                . = ALIGN (0x4)
 *(.text)
 .text          0x0000000000100090     0x15b0 /tmp/ccdzPlMt.o
                0x0000000000100090                calc_func
                0x00000000001001d0                cmp_complex
                0x00000000001003d0                cmp_idx
                0x0000000000100430                copy_info
                0x0000000000100450                core_bench_list
                0x0000000000100cc0                core_list_init
                0x0000000000101250                core_list_insert_new
                0x00000000001012b0                core_list_remove
                0x00000000001012e0                core_list_undo_remove
                0x0000000000101300                core_list_find
                0x0000000000101360                core_list_reverse
                0x0000000000101410                core_list_mergesort
 *fill*         0x0000000000101640        0x0 
 .text          0x0000000000101640       0xa4 /tmp/ccpLveND.o
                0x0000000000101640                iterate
 *fill*         0x00000000001016e4        0xc 
 .text          0x00000000001016f0     0x2b1c /tmp/ccucvQYg.o
                0x00000000001016f0                matrix_test
                0x0000000000102e30                core_bench_matrix
                0x0000000000102e70                core_init_matrix
                0x0000000000103290                matrix_sum
                0x0000000000103730                matrix_mul_const
                0x00000000001038f0                matrix_add_const
                0x0000000000103b50                matrix_mul_vect
                0x0000000000103d70                matrix_mul_matrix
                0x0000000000103ff0                matrix_mul_matrix_bitextract
 *fill*         0x000000000010420c        0x4 
 .text          0x0000000000104210      0x920 /tmp/cc1l638K.o
                0x0000000000104210                core_init_state
                0x00000000001044d0                core_state_transition
                0x00000000001047f0                core_bench_state
 *fill*         0x0000000000104b30        0x0 
 .text          0x0000000000104b30      0xbfc /tmp/ccma0iB2.o
                0x0000000000104b30                get_seed_32
                0x0000000000104ba0                crcu8
                0x0000000000104ce0                crcu16
                0x0000000000104f70                crcu32
                0x0000000000105490                crc16
                0x0000000000105720                check_data_types
 *fill*         0x000000000010572c        0x4 
 .text          0x0000000000105730      0x25c /tmp/ccdXFDmm.o
                0x0000000000105730                barebones_clock
                0x0000000000105740                pcount_read
                0x00000000001057a0                dump_pcounts
                0x0000000000105830                start_time
                0x0000000000105870                stop_time
                0x0000000000105890                get_time
                0x00000000001058b0                time_in_secs
                0x00000000001058e0                portable_init
                0x0000000000105920                portable_fini
 *fill*         0x000000000010598c        0x4 
 .text          0x0000000000105990     0x3878 /tmp/ccRBGKMP.o
                0x00000000001063b0                ee_printf
 *fill*         0x0000000000109208        0x8 
 .text          0x0000000000109210      0xda0 /tmp/ccoAuIYO.o
                0x0000000000109f70                ecvt
                0x0000000000109f80                ecvtbuf
                0x0000000000109f90                fcvt
                0x0000000000109fa0                fcvtbuf
 .text          0x0000000000109fb0       0xd0 /tmp/cciTUYtk.o
                0x000000000010a03c                _start
 .text          0x000000000010a080      0xcb4 /tmp/ccfIK1Ez.o
                0x000000000010a080                putchar
                0x000000000010a090                puts
                0x000000000010a110                puthex
                0x000000000010a2c0                sim_halt
                0x000000000010a2d0                pcount_reset
                0x000000000010a3d0                get_mepc
                0x000000000010a3e0                get_mcause
                0x000000000010a3f0                get_mtval
                0x000000000010a400                simple_exc_handler
                0x000000000010aa60                timer_enable
                0x000000000010ab40                timer_disable
                0x000000000010ab50                timer_read
                0x000000000010abe0                timecmp_update
                0x000000000010ac00                get_elapsed_time
                0x000000000010ac10                simple_timer_handler
 .text          0x000000000010ad34       0xda /home/kachi3/lowrisc-toolchain-gcc-rv32imcb/bin/../lib/gcc/riscv32-unknown-elf/10.2.0/../../../../riscv32-unknown-elf/lib/libm.a(lib_a-s_modf.o)
                0x000000000010ad34                modf
 .text          0x000000000010ae0e       0x42 /home/kachi3/lowrisc-toolchain-gcc-rv32imcb/bin/../lib/gcc/riscv32-unknown-elf/10.2.0/../../../../riscv32-unknown-elf/lib/libm.a(lib_a-s_fpclassify.o)
                0x000000000010ae0e                __fpclassifyd
 .text          0x000000000010ae50      0x60a /home/kachi3/lowrisc-toolchain-gcc-rv32imcb/bin/../lib/gcc/riscv32-unknown-elf/10.2.0/libgcc.a(adddf3.o)
                0x000000000010ae50                __adddf3
 .text          0x000000000010b45a      0x53e /home/kachi3/lowrisc-toolchain-gcc-rv32imcb/bin/../lib/gcc/riscv32-unknown-elf/10.2.0/libgcc.a(divdf3.o)
                0x000000000010b45a                __divdf3
 .text          0x000000000010b998       0x6a /home/kachi3/lowrisc-toolchain-gcc-rv32imcb/bin/../lib/gcc/riscv32-unknown-elf/10.2.0/libgcc.a(eqdf2.o)
                0x000000000010b998                __eqdf2
                0x000000000010b998                __nedf2
 .text          0x000000000010ba02       0xa6 /home/kachi3/lowrisc-toolchain-gcc-rv32imcb/bin/../lib/gcc/riscv32-unknown-elf/10.2.0/libgcc.a(gedf2.o)
                0x000000000010ba02                __gtdf2
                0x000000000010ba02                __gedf2
 .text          0x000000000010baa8       0xa6 /home/kachi3/lowrisc-toolchain-gcc-rv32imcb/bin/../lib/gcc/riscv32-unknown-elf/10.2.0/libgcc.a(ledf2.o)
                0x000000000010baa8                __ltdf2
                0x000000000010baa8                __ledf2
 .text          0x000000000010bb4e      0x440 /home/kachi3/lowrisc-toolchain-gcc-rv32imcb/bin/../lib/gcc/riscv32-unknown-elf/10.2.0/libgcc.a(muldf3.o)
                0x000000000010bb4e                __muldf3
 .text          0x000000000010bf8e      0x618 /home/kachi3/lowrisc-toolchain-gcc-rv32imcb/bin/../lib/gcc/riscv32-unknown-elf/10.2.0/libgcc.a(subdf3.o)
                0x000000000010bf8e                __subdf3
 .text          0x000000000010c5a6       0x64 /home/kachi3/lowrisc-toolchain-gcc-rv32imcb/bin/../lib/gcc/riscv32-unknown-elf/10.2.0/libgcc.a(fixdfsi.o)
                0x000000000010c5a6                __fixdfsi
 .text          0x000000000010c60a       0x60 /home/kachi3/lowrisc-toolchain-gcc-rv32imcb/bin/../lib/gcc/riscv32-unknown-elf/10.2.0/libgcc.a(fixunsdfsi.o)
                0x000000000010c60a                __fixunsdfsi
 .text          0x000000000010c66a       0x4e /home/kachi3/lowrisc-toolchain-gcc-rv32imcb/bin/../lib/gcc/riscv32-unknown-elf/10.2.0/libgcc.a(floatunsidf.o)
                0x000000000010c66a                __floatunsidf
 .text          0x000000000010c6b8      0x24e /home/kachi3/lowrisc-toolchain-gcc-rv32imcb/bin/../lib/gcc/riscv32-unknown-elf/10.2.0/libgcc.a(divsf3.o)
                0x000000000010c6b8                __divsf3
 .text          0x000000000010c906       0x9a /home/kachi3/lowrisc-toolchain-gcc-rv32imcb/bin/../lib/gcc/riscv32-unknown-elf/10.2.0/libgcc.a(floatunsisf.o)
                0x000000000010c906                __floatunsisf
 .text          0x000000000010c9a0       0x96 /home/kachi3/lowrisc-toolchain-gcc-rv32imcb/bin/../lib/gcc/riscv32-unknown-elf/10.2.0/libgcc.a(extendsfdf2.o)
                0x000000000010c9a0                __extendsfdf2
 .text          0x000000000010ca36       0x3c /home/kachi3/lowrisc-toolchain-gcc-rv32imcb/bin/../lib/gcc/riscv32-unknown-elf/10.2.0/libgcc.a(_clzsi2.o)
                0x000000000010ca36                __clzsi2
 .text          0x000000000010ca72        0x0 /home/kachi3/lowrisc-toolchain-gcc-rv32imcb/bin/../lib/gcc/riscv32-unknown-elf/10.2.0/libgcc.a(_clz.o)
 *(.text.*)
 *fill*         0x000000000010ca72        0xe 
 .text.startup  0x000000000010ca80      0xde0 /tmp/ccpLveND.o
                0x000000000010ca80                main

.rodata         0x000000000010d860      0xa64
                0x000000000010d860                . = ALIGN (0x4)
 *(.srodata)
 .srodata       0x000000000010d860        0x4 /tmp/ccdXFDmm.o
                0x000000000010d860                pcount_num
 *(.srodata.*)
 *fill*         0x000000000010d864        0x4 
 .srodata.cst8  0x000000000010d868        0x8 /tmp/ccpLveND.o
 .srodata.cst8  0x000000000010d870        0x8 /tmp/ccdXFDmm.o
 .srodata.cst4  0x000000000010d878        0x4 /tmp/ccdXFDmm.o
 *fill*         0x000000000010d87c        0x4 
 .srodata.cst8  0x000000000010d880       0x10 /tmp/ccoAuIYO.o
                                         0x18 (size before relaxing)
 *(.rodata)
 .rodata        0x000000000010d890       0x40 /tmp/cc1l638K.o
 .rodata        0x000000000010d8d0       0x18 /tmp/ccma0iB2.o
 .rodata        0x000000000010d8e8      0x204 /tmp/ccRBGKMP.o
 .rodata        0x000000000010daec       0x3c /home/kachi3/lowrisc-toolchain-gcc-rv32imcb/bin/../lib/gcc/riscv32-unknown-elf/10.2.0/libgcc.a(divdf3.o)
 .rodata        0x000000000010db28       0x3c /home/kachi3/lowrisc-toolchain-gcc-rv32imcb/bin/../lib/gcc/riscv32-unknown-elf/10.2.0/libgcc.a(muldf3.o)
 .rodata        0x000000000010db64       0x3c /home/kachi3/lowrisc-toolchain-gcc-rv32imcb/bin/../lib/gcc/riscv32-unknown-elf/10.2.0/libgcc.a(divsf3.o)
 .rodata        0x000000000010dba0      0x100 /home/kachi3/lowrisc-toolchain-gcc-rv32imcb/bin/../lib/gcc/riscv32-unknown-elf/10.2.0/libgcc.a(_clz.o)
                0x000000000010dba0                __clz_tab
 *(.rodata.*)
 .rodata.str1.4
                0x000000000010dca0      0x3d6 /tmp/ccpLveND.o
                                        0x3de (size before relaxing)
 *fill*         0x000000000010e076        0x2 
 .rodata.str1.4
                0x000000000010e078       0xad /tmp/cc1l638K.o
 *fill*         0x000000000010e125        0x3 
 .rodata.str1.4
                0x000000000010e128      0x100 /tmp/ccdXFDmm.o
                                        0x104 (size before relaxing)
 .rodata.str1.4
                0x000000000010e228       0x57 /tmp/ccRBGKMP.o
 *fill*         0x000000000010e27f        0x1 
 .rodata.str1.4
                0x000000000010e280       0x44 /tmp/ccfIK1Ez.o

.rela.dyn       0x000000000010e2c4        0x0
 .rela.text     0x000000000010e2c4        0x0 /tmp/ccdzPlMt.o

.data           0x000000000010e2c4       0x44
                0x000000000010e2c4                . = ALIGN (0x4)
 *(.sdata)
 .sdata         0x000000000010e2c4        0xc /tmp/ccdXFDmm.o
                0x000000000010e2c4                default_num_contexts
                0x000000000010e2c8                seed4_volatile
                0x000000000010e2cc                seed3_volatile
 *(.sdata.*)
 *(.data)
 .data          0x000000000010e2d0        0x0 /tmp/ccdzPlMt.o
 .data          0x000000000010e2d0        0xc /tmp/ccpLveND.o
                0x000000000010e2d0                mem_name
 .data          0x000000000010e2dc        0x0 /tmp/ccucvQYg.o
 .data          0x000000000010e2dc        0x0 /tmp/cc1l638K.o
 .data          0x000000000010e2dc        0x0 /tmp/ccma0iB2.o
 .data          0x000000000010e2dc       0x2c /tmp/ccdXFDmm.o
                0x000000000010e2dc                pcount_names
 .data          0x000000000010e308        0x0 /tmp/ccRBGKMP.o
 .data          0x000000000010e308        0x0 /tmp/ccoAuIYO.o
 .data          0x000000000010e308        0x0 /tmp/cciTUYtk.o
 .data          0x000000000010e308        0x0 /tmp/ccfIK1Ez.o
 .data          0x000000000010e308        0x0 /home/kachi3/lowrisc-toolchain-gcc-rv32imcb/bin/../lib/gcc/riscv32-unknown-elf/10.2.0/../../../../riscv32-unknown-elf/lib/libm.a(lib_a-s_modf.o)
 .data          0x000000000010e308        0x0 /home/kachi3/lowrisc-toolchain-gcc-rv32imcb/bin/../lib/gcc/riscv32-unknown-elf/10.2.0/../../../../riscv32-unknown-elf/lib/libm.a(lib_a-s_fpclassify.o)
 .data          0x000000000010e308        0x0 /home/kachi3/lowrisc-toolchain-gcc-rv32imcb/bin/../lib/gcc/riscv32-unknown-elf/10.2.0/libgcc.a(adddf3.o)
 .data          0x000000000010e308        0x0 /home/kachi3/lowrisc-toolchain-gcc-rv32imcb/bin/../lib/gcc/riscv32-unknown-elf/10.2.0/libgcc.a(divdf3.o)
 .data          0x000000000010e308        0x0 /home/kachi3/lowrisc-toolchain-gcc-rv32imcb/bin/../lib/gcc/riscv32-unknown-elf/10.2.0/libgcc.a(eqdf2.o)
 .data          0x000000000010e308        0x0 /home/kachi3/lowrisc-toolchain-gcc-rv32imcb/bin/../lib/gcc/riscv32-unknown-elf/10.2.0/libgcc.a(gedf2.o)
 .data          0x000000000010e308        0x0 /home/kachi3/lowrisc-toolchain-gcc-rv32imcb/bin/../lib/gcc/riscv32-unknown-elf/10.2.0/libgcc.a(ledf2.o)
 .data          0x000000000010e308        0x0 /home/kachi3/lowrisc-toolchain-gcc-rv32imcb/bin/../lib/gcc/riscv32-unknown-elf/10.2.0/libgcc.a(muldf3.o)
 .data          0x000000000010e308        0x0 /home/kachi3/lowrisc-toolchain-gcc-rv32imcb/bin/../lib/gcc/riscv32-unknown-elf/10.2.0/libgcc.a(subdf3.o)
 .data          0x000000000010e308        0x0 /home/kachi3/lowrisc-toolchain-gcc-rv32imcb/bin/../lib/gcc/riscv32-unknown-elf/10.2.0/libgcc.a(fixdfsi.o)
 .data          0x000000000010e308        0x0 /home/kachi3/lowrisc-toolchain-gcc-rv32imcb/bin/../lib/gcc/riscv32-unknown-elf/10.2.0/libgcc.a(fixunsdfsi.o)
 .data          0x000000000010e308        0x0 /home/kachi3/lowrisc-toolchain-gcc-rv32imcb/bin/../lib/gcc/riscv32-unknown-elf/10.2.0/libgcc.a(floatunsidf.o)
 .data          0x000000000010e308        0x0 /home/kachi3/lowrisc-toolchain-gcc-rv32imcb/bin/../lib/gcc/riscv32-unknown-elf/10.2.0/libgcc.a(divsf3.o)
 .data          0x000000000010e308        0x0 /home/kachi3/lowrisc-toolchain-gcc-rv32imcb/bin/../lib/gcc/riscv32-unknown-elf/10.2.0/libgcc.a(floatunsisf.o)
 .data          0x000000000010e308        0x0 /home/kachi3/lowrisc-toolchain-gcc-rv32imcb/bin/../lib/gcc/riscv32-unknown-elf/10.2.0/libgcc.a(extendsfdf2.o)
 .data          0x000000000010e308        0x0 /home/kachi3/lowrisc-toolchain-gcc-rv32imcb/bin/../lib/gcc/riscv32-unknown-elf/10.2.0/libgcc.a(_clzsi2.o)
 .data          0x000000000010e308        0x0 /home/kachi3/lowrisc-toolchain-gcc-rv32imcb/bin/../lib/gcc/riscv32-unknown-elf/10.2.0/libgcc.a(_clz.o)
 *(.data.*)

.bss            0x000000000010e308       0x78
                0x000000000010e308                . = ALIGN (0x4)
                0x000000000010e308                _bss_start = .
 *(.sbss)
 .sbss          0x000000000010e308       0x14 /tmp/ccdXFDmm.o
                0x000000000010e310                seed5_volatile
                0x000000000010e314                seed2_volatile
                0x000000000010e318                seed1_volatile
 *fill*         0x000000000010e31c        0x4 
 .sbss          0x000000000010e320       0x10 /tmp/ccfIK1Ez.o
                0x000000000010e320                time_increment
                0x000000000010e328                time_elapsed
 *(.sbss.*)
 *(.bss)
 .bss           0x000000000010e330        0x0 /tmp/ccdzPlMt.o
 .bss           0x000000000010e330        0x0 /tmp/ccpLveND.o
 .bss           0x000000000010e330        0x0 /tmp/ccucvQYg.o
 .bss           0x000000000010e330        0x0 /tmp/cc1l638K.o
 .bss           0x000000000010e330        0x0 /tmp/ccma0iB2.o
 .bss           0x000000000010e330        0x0 /tmp/ccdXFDmm.o
 .bss           0x000000000010e330        0x0 /tmp/ccRBGKMP.o
 .bss           0x000000000010e330       0x50 /tmp/ccoAuIYO.o
 .bss           0x000000000010e380        0x0 /tmp/cciTUYtk.o
 .bss           0x000000000010e380        0x0 /tmp/ccfIK1Ez.o
 .bss           0x000000000010e380        0x0 /home/kachi3/lowrisc-toolchain-gcc-rv32imcb/bin/../lib/gcc/riscv32-unknown-elf/10.2.0/../../../../riscv32-unknown-elf/lib/libm.a(lib_a-s_modf.o)
 .bss           0x000000000010e380        0x0 /home/kachi3/lowrisc-toolchain-gcc-rv32imcb/bin/../lib/gcc/riscv32-unknown-elf/10.2.0/../../../../riscv32-unknown-elf/lib/libm.a(lib_a-s_fpclassify.o)
 .bss           0x000000000010e380        0x0 /home/kachi3/lowrisc-toolchain-gcc-rv32imcb/bin/../lib/gcc/riscv32-unknown-elf/10.2.0/libgcc.a(adddf3.o)
 .bss           0x000000000010e380        0x0 /home/kachi3/lowrisc-toolchain-gcc-rv32imcb/bin/../lib/gcc/riscv32-unknown-elf/10.2.0/libgcc.a(divdf3.o)
 .bss           0x000000000010e380        0x0 /home/kachi3/lowrisc-toolchain-gcc-rv32imcb/bin/../lib/gcc/riscv32-unknown-elf/10.2.0/libgcc.a(eqdf2.o)
 .bss           0x000000000010e380        0x0 /home/kachi3/lowrisc-toolchain-gcc-rv32imcb/bin/../lib/gcc/riscv32-unknown-elf/10.2.0/libgcc.a(gedf2.o)
 .bss           0x000000000010e380        0x0 /home/kachi3/lowrisc-toolchain-gcc-rv32imcb/bin/../lib/gcc/riscv32-unknown-elf/10.2.0/libgcc.a(ledf2.o)
 .bss           0x000000000010e380        0x0 /home/kachi3/lowrisc-toolchain-gcc-rv32imcb/bin/../lib/gcc/riscv32-unknown-elf/10.2.0/libgcc.a(muldf3.o)
 .bss           0x000000000010e380        0x0 /home/kachi3/lowrisc-toolchain-gcc-rv32imcb/bin/../lib/gcc/riscv32-unknown-elf/10.2.0/libgcc.a(subdf3.o)
 .bss           0x000000000010e380        0x0 /home/kachi3/lowrisc-toolchain-gcc-rv32imcb/bin/../lib/gcc/riscv32-unknown-elf/10.2.0/libgcc.a(fixdfsi.o)
 .bss           0x000000000010e380        0x0 /home/kachi3/lowrisc-toolchain-gcc-rv32imcb/bin/../lib/gcc/riscv32-unknown-elf/10.2.0/libgcc.a(fixunsdfsi.o)
 .bss           0x000000000010e380        0x0 /home/kachi3/lowrisc-toolchain-gcc-rv32imcb/bin/../lib/gcc/riscv32-unknown-elf/10.2.0/libgcc.a(floatunsidf.o)
 .bss           0x000000000010e380        0x0 /home/kachi3/lowrisc-toolchain-gcc-rv32imcb/bin/../lib/gcc/riscv32-unknown-elf/10.2.0/libgcc.a(divsf3.o)
 .bss           0x000000000010e380        0x0 /home/kachi3/lowrisc-toolchain-gcc-rv32imcb/bin/../lib/gcc/riscv32-unknown-elf/10.2.0/libgcc.a(floatunsisf.o)
 .bss           0x000000000010e380        0x0 /home/kachi3/lowrisc-toolchain-gcc-rv32imcb/bin/../lib/gcc/riscv32-unknown-elf/10.2.0/libgcc.a(extendsfdf2.o)
 .bss           0x000000000010e380        0x0 /home/kachi3/lowrisc-toolchain-gcc-rv32imcb/bin/../lib/gcc/riscv32-unknown-elf/10.2.0/libgcc.a(_clzsi2.o)
 .bss           0x000000000010e380        0x0 /home/kachi3/lowrisc-toolchain-gcc-rv32imcb/bin/../lib/gcc/riscv32-unknown-elf/10.2.0/libgcc.a(_clz.o)
 *(.bss.*)
 *(COMMON)
                0x000000000010e380                _bss_end = .

.stack          0x0000000000130000     0x2000
                0x0000000000130000                . = ALIGN (0x4)
                0x0000000000132000                . = (. + _min_stack)
 *fill*         0x0000000000130000     0x2000 
                0x0000000000132000                . = ALIGN (0x4)
                0x0000000000132000                stack = .
                0x0000000000132000                _stack = .
OUTPUT(/home/kachi3/Kachi9Code/Hardware/CO-lab-material-CQU/ibex_ise/examples/sw/benchmarks/coremark/coremark.elf elf32-littleriscv)

.debug_info     0x0000000000000000     0x873e
 .debug_info    0x0000000000000000     0x111f /tmp/ccdzPlMt.o
 .debug_info    0x000000000000111f      0xcb9 /tmp/ccpLveND.o
 .debug_info    0x0000000000001dd8      0xb13 /tmp/ccucvQYg.o
 .debug_info    0x00000000000028eb      0x56a /tmp/cc1l638K.o
 .debug_info    0x0000000000002e55      0x566 /tmp/ccma0iB2.o
 .debug_info    0x00000000000033bb      0x5bd /tmp/ccdXFDmm.o
 .debug_info    0x0000000000003978      0xa7a /tmp/ccRBGKMP.o
 .debug_info    0x00000000000043f2      0x6aa /tmp/ccoAuIYO.o
 .debug_info    0x0000000000004a9c       0x22 /tmp/cciTUYtk.o
 .debug_info    0x0000000000004abe      0x7ad /tmp/ccfIK1Ez.o
 .debug_info    0x000000000000526b      0x24a /home/kachi3/lowrisc-toolchain-gcc-rv32imcb/bin/../lib/gcc/riscv32-unknown-elf/10.2.0/../../../../riscv32-unknown-elf/lib/libm.a(lib_a-s_modf.o)
 .debug_info    0x00000000000054b5      0x140 /home/kachi3/lowrisc-toolchain-gcc-rv32imcb/bin/../lib/gcc/riscv32-unknown-elf/10.2.0/../../../../riscv32-unknown-elf/lib/libm.a(lib_a-s_fpclassify.o)
 .debug_info    0x00000000000055f5      0x581 /home/kachi3/lowrisc-toolchain-gcc-rv32imcb/bin/../lib/gcc/riscv32-unknown-elf/10.2.0/libgcc.a(adddf3.o)
 .debug_info    0x0000000000005b76      0x72a /home/kachi3/lowrisc-toolchain-gcc-rv32imcb/bin/../lib/gcc/riscv32-unknown-elf/10.2.0/libgcc.a(divdf3.o)
 .debug_info    0x00000000000062a0      0x255 /home/kachi3/lowrisc-toolchain-gcc-rv32imcb/bin/../lib/gcc/riscv32-unknown-elf/10.2.0/libgcc.a(eqdf2.o)
 .debug_info    0x00000000000064f5      0x253 /home/kachi3/lowrisc-toolchain-gcc-rv32imcb/bin/../lib/gcc/riscv32-unknown-elf/10.2.0/libgcc.a(gedf2.o)
 .debug_info    0x0000000000006748      0x253 /home/kachi3/lowrisc-toolchain-gcc-rv32imcb/bin/../lib/gcc/riscv32-unknown-elf/10.2.0/libgcc.a(ledf2.o)
 .debug_info    0x000000000000699b      0x766 /home/kachi3/lowrisc-toolchain-gcc-rv32imcb/bin/../lib/gcc/riscv32-unknown-elf/10.2.0/libgcc.a(muldf3.o)
 .debug_info    0x0000000000007101      0x581 /home/kachi3/lowrisc-toolchain-gcc-rv32imcb/bin/../lib/gcc/riscv32-unknown-elf/10.2.0/libgcc.a(subdf3.o)
 .debug_info    0x0000000000007682      0x1e7 /home/kachi3/lowrisc-toolchain-gcc-rv32imcb/bin/../lib/gcc/riscv32-unknown-elf/10.2.0/libgcc.a(fixdfsi.o)
 .debug_info    0x0000000000007869      0x1d5 /home/kachi3/lowrisc-toolchain-gcc-rv32imcb/bin/../lib/gcc/riscv32-unknown-elf/10.2.0/libgcc.a(fixunsdfsi.o)
 .debug_info    0x0000000000007a3e      0x28e /home/kachi3/lowrisc-toolchain-gcc-rv32imcb/bin/../lib/gcc/riscv32-unknown-elf/10.2.0/libgcc.a(floatunsidf.o)
 .debug_info    0x0000000000007ccc      0x3a3 /home/kachi3/lowrisc-toolchain-gcc-rv32imcb/bin/../lib/gcc/riscv32-unknown-elf/10.2.0/libgcc.a(divsf3.o)
 .debug_info    0x000000000000806f      0x229 /home/kachi3/lowrisc-toolchain-gcc-rv32imcb/bin/../lib/gcc/riscv32-unknown-elf/10.2.0/libgcc.a(floatunsisf.o)
 .debug_info    0x0000000000008298      0x28b /home/kachi3/lowrisc-toolchain-gcc-rv32imcb/bin/../lib/gcc/riscv32-unknown-elf/10.2.0/libgcc.a(extendsfdf2.o)
 .debug_info    0x0000000000008523      0x144 /home/kachi3/lowrisc-toolchain-gcc-rv32imcb/bin/../lib/gcc/riscv32-unknown-elf/10.2.0/libgcc.a(_clzsi2.o)
 .debug_info    0x0000000000008667       0xd7 /home/kachi3/lowrisc-toolchain-gcc-rv32imcb/bin/../lib/gcc/riscv32-unknown-elf/10.2.0/libgcc.a(_clz.o)

.debug_abbrev   0x0000000000000000     0x2908
 .debug_abbrev  0x0000000000000000      0x2cd /tmp/ccdzPlMt.o
 .debug_abbrev  0x00000000000002cd      0x1e8 /tmp/ccpLveND.o
 .debug_abbrev  0x00000000000004b5      0x214 /tmp/ccucvQYg.o
 .debug_abbrev  0x00000000000006c9      0x209 /tmp/cc1l638K.o
 .debug_abbrev  0x00000000000008d2      0x175 /tmp/ccma0iB2.o
 .debug_abbrev  0x0000000000000a47      0x2b7 /tmp/ccdXFDmm.o
 .debug_abbrev  0x0000000000000cfe      0x2f1 /tmp/ccRBGKMP.o
 .debug_abbrev  0x0000000000000fef      0x126 /tmp/ccoAuIYO.o
 .debug_abbrev  0x0000000000001115       0x12 /tmp/cciTUYtk.o
 .debug_abbrev  0x0000000000001127      0x25c /tmp/ccfIK1Ez.o
 .debug_abbrev  0x0000000000001383      0x135 /home/kachi3/lowrisc-toolchain-gcc-rv32imcb/bin/../lib/gcc/riscv32-unknown-elf/10.2.0/../../../../riscv32-unknown-elf/lib/libm.a(lib_a-s_modf.o)
 .debug_abbrev  0x00000000000014b8       0xd8 /home/kachi3/lowrisc-toolchain-gcc-rv32imcb/bin/../lib/gcc/riscv32-unknown-elf/10.2.0/../../../../riscv32-unknown-elf/lib/libm.a(lib_a-s_fpclassify.o)
 .debug_abbrev  0x0000000000001590      0x173 /home/kachi3/lowrisc-toolchain-gcc-rv32imcb/bin/../lib/gcc/riscv32-unknown-elf/10.2.0/libgcc.a(adddf3.o)
 .debug_abbrev  0x0000000000001703      0x173 /home/kachi3/lowrisc-toolchain-gcc-rv32imcb/bin/../lib/gcc/riscv32-unknown-elf/10.2.0/libgcc.a(divdf3.o)
 .debug_abbrev  0x0000000000001876      0x14b /home/kachi3/lowrisc-toolchain-gcc-rv32imcb/bin/../lib/gcc/riscv32-unknown-elf/10.2.0/libgcc.a(eqdf2.o)
 .debug_abbrev  0x00000000000019c1      0x15e /home/kachi3/lowrisc-toolchain-gcc-rv32imcb/bin/../lib/gcc/riscv32-unknown-elf/10.2.0/libgcc.a(gedf2.o)
 .debug_abbrev  0x0000000000001b1f      0x15e /home/kachi3/lowrisc-toolchain-gcc-rv32imcb/bin/../lib/gcc/riscv32-unknown-elf/10.2.0/libgcc.a(ledf2.o)
 .debug_abbrev  0x0000000000001c7d      0x185 /home/kachi3/lowrisc-toolchain-gcc-rv32imcb/bin/../lib/gcc/riscv32-unknown-elf/10.2.0/libgcc.a(muldf3.o)
 .debug_abbrev  0x0000000000001e02      0x173 /home/kachi3/lowrisc-toolchain-gcc-rv32imcb/bin/../lib/gcc/riscv32-unknown-elf/10.2.0/libgcc.a(subdf3.o)
 .debug_abbrev  0x0000000000001f75      0x15e /home/kachi3/lowrisc-toolchain-gcc-rv32imcb/bin/../lib/gcc/riscv32-unknown-elf/10.2.0/libgcc.a(fixdfsi.o)
 .debug_abbrev  0x00000000000020d3      0x15e /home/kachi3/lowrisc-toolchain-gcc-rv32imcb/bin/../lib/gcc/riscv32-unknown-elf/10.2.0/libgcc.a(fixunsdfsi.o)
 .debug_abbrev  0x0000000000002231      0x164 /home/kachi3/lowrisc-toolchain-gcc-rv32imcb/bin/../lib/gcc/riscv32-unknown-elf/10.2.0/libgcc.a(floatunsidf.o)
 .debug_abbrev  0x0000000000002395      0x14c /home/kachi3/lowrisc-toolchain-gcc-rv32imcb/bin/../lib/gcc/riscv32-unknown-elf/10.2.0/libgcc.a(divsf3.o)
 .debug_abbrev  0x00000000000024e1      0x195 /home/kachi3/lowrisc-toolchain-gcc-rv32imcb/bin/../lib/gcc/riscv32-unknown-elf/10.2.0/libgcc.a(floatunsisf.o)
 .debug_abbrev  0x0000000000002676      0x158 /home/kachi3/lowrisc-toolchain-gcc-rv32imcb/bin/../lib/gcc/riscv32-unknown-elf/10.2.0/libgcc.a(extendsfdf2.o)
 .debug_abbrev  0x00000000000027ce       0xca /home/kachi3/lowrisc-toolchain-gcc-rv32imcb/bin/../lib/gcc/riscv32-unknown-elf/10.2.0/libgcc.a(_clzsi2.o)
 .debug_abbrev  0x0000000000002898       0x70 /home/kachi3/lowrisc-toolchain-gcc-rv32imcb/bin/../lib/gcc/riscv32-unknown-elf/10.2.0/libgcc.a(_clz.o)

.debug_loc      0x0000000000000000    0x11fda
 .debug_loc     0x0000000000000000     0x2ce2 /tmp/ccdzPlMt.o
 .debug_loc     0x0000000000002ce2      0x67e /tmp/ccpLveND.o
 .debug_loc     0x0000000000003360     0x1e0d /tmp/ccucvQYg.o
 .debug_loc     0x000000000000516d      0x95a /tmp/cc1l638K.o
 .debug_loc     0x0000000000005ac7     0x14d2 /tmp/ccma0iB2.o
 .debug_loc     0x0000000000006f99      0x224 /tmp/ccdXFDmm.o
 .debug_loc     0x00000000000071bd     0x39ef /tmp/ccRBGKMP.o
 .debug_loc     0x000000000000abac      0xa8b /tmp/ccoAuIYO.o
 .debug_loc     0x000000000000b637      0xf32 /tmp/ccfIK1Ez.o
 .debug_loc     0x000000000000c569      0x2d0 /home/kachi3/lowrisc-toolchain-gcc-rv32imcb/bin/../lib/gcc/riscv32-unknown-elf/10.2.0/../../../../riscv32-unknown-elf/lib/libm.a(lib_a-s_modf.o)
 .debug_loc     0x000000000000c839       0x9a /home/kachi3/lowrisc-toolchain-gcc-rv32imcb/bin/../lib/gcc/riscv32-unknown-elf/10.2.0/../../../../riscv32-unknown-elf/lib/libm.a(lib_a-s_fpclassify.o)
 .debug_loc     0x000000000000c8d3     0x11ec /home/kachi3/lowrisc-toolchain-gcc-rv32imcb/bin/../lib/gcc/riscv32-unknown-elf/10.2.0/libgcc.a(adddf3.o)
 .debug_loc     0x000000000000dabf     0x1494 /home/kachi3/lowrisc-toolchain-gcc-rv32imcb/bin/../lib/gcc/riscv32-unknown-elf/10.2.0/libgcc.a(divdf3.o)
 .debug_loc     0x000000000000ef53       0xa4 /home/kachi3/lowrisc-toolchain-gcc-rv32imcb/bin/../lib/gcc/riscv32-unknown-elf/10.2.0/libgcc.a(eqdf2.o)
 .debug_loc     0x000000000000eff7      0x135 /home/kachi3/lowrisc-toolchain-gcc-rv32imcb/bin/../lib/gcc/riscv32-unknown-elf/10.2.0/libgcc.a(gedf2.o)
 .debug_loc     0x000000000000f12c      0x135 /home/kachi3/lowrisc-toolchain-gcc-rv32imcb/bin/../lib/gcc/riscv32-unknown-elf/10.2.0/libgcc.a(ledf2.o)
 .debug_loc     0x000000000000f261      0xd56 /home/kachi3/lowrisc-toolchain-gcc-rv32imcb/bin/../lib/gcc/riscv32-unknown-elf/10.2.0/libgcc.a(muldf3.o)
 .debug_loc     0x000000000000ffb7     0x114d /home/kachi3/lowrisc-toolchain-gcc-rv32imcb/bin/../lib/gcc/riscv32-unknown-elf/10.2.0/libgcc.a(subdf3.o)
 .debug_loc     0x0000000000011104      0x181 /home/kachi3/lowrisc-toolchain-gcc-rv32imcb/bin/../lib/gcc/riscv32-unknown-elf/10.2.0/libgcc.a(fixdfsi.o)
 .debug_loc     0x0000000000011285       0xe7 /home/kachi3/lowrisc-toolchain-gcc-rv32imcb/bin/../lib/gcc/riscv32-unknown-elf/10.2.0/libgcc.a(fixunsdfsi.o)
 .debug_loc     0x000000000001136c      0x14f /home/kachi3/lowrisc-toolchain-gcc-rv32imcb/bin/../lib/gcc/riscv32-unknown-elf/10.2.0/libgcc.a(floatunsidf.o)
 .debug_loc     0x00000000000114bb      0x74d /home/kachi3/lowrisc-toolchain-gcc-rv32imcb/bin/../lib/gcc/riscv32-unknown-elf/10.2.0/libgcc.a(divsf3.o)
 .debug_loc     0x0000000000011c08      0x165 /home/kachi3/lowrisc-toolchain-gcc-rv32imcb/bin/../lib/gcc/riscv32-unknown-elf/10.2.0/libgcc.a(floatunsisf.o)
 .debug_loc     0x0000000000011d6d      0x202 /home/kachi3/lowrisc-toolchain-gcc-rv32imcb/bin/../lib/gcc/riscv32-unknown-elf/10.2.0/libgcc.a(extendsfdf2.o)
 .debug_loc     0x0000000000011f6f       0x6b /home/kachi3/lowrisc-toolchain-gcc-rv32imcb/bin/../lib/gcc/riscv32-unknown-elf/10.2.0/libgcc.a(_clzsi2.o)

.debug_aranges  0x0000000000000000      0x368
 .debug_aranges
                0x0000000000000000       0x20 /tmp/ccdzPlMt.o
 .debug_aranges
                0x0000000000000020       0x28 /tmp/ccpLveND.o
 .debug_aranges
                0x0000000000000048       0x20 /tmp/ccucvQYg.o
 .debug_aranges
                0x0000000000000068       0x20 /tmp/cc1l638K.o
 .debug_aranges
                0x0000000000000088       0x20 /tmp/ccma0iB2.o
 .debug_aranges
                0x00000000000000a8       0x20 /tmp/ccdXFDmm.o
 .debug_aranges
                0x00000000000000c8       0x20 /tmp/ccRBGKMP.o
 .debug_aranges
                0x00000000000000e8       0x20 /tmp/ccoAuIYO.o
 .debug_aranges
                0x0000000000000108       0x28 /tmp/cciTUYtk.o
 .debug_aranges
                0x0000000000000130       0x20 /tmp/ccfIK1Ez.o
 .debug_aranges
                0x0000000000000150       0x20 /home/kachi3/lowrisc-toolchain-gcc-rv32imcb/bin/../lib/gcc/riscv32-unknown-elf/10.2.0/../../../../riscv32-unknown-elf/lib/libm.a(lib_a-s_modf.o)
 .debug_aranges
                0x0000000000000170       0x20 /home/kachi3/lowrisc-toolchain-gcc-rv32imcb/bin/../lib/gcc/riscv32-unknown-elf/10.2.0/../../../../riscv32-unknown-elf/lib/libm.a(lib_a-s_fpclassify.o)
 .debug_aranges
                0x0000000000000190       0x20 /home/kachi3/lowrisc-toolchain-gcc-rv32imcb/bin/../lib/gcc/riscv32-unknown-elf/10.2.0/libgcc.a(adddf3.o)
 .debug_aranges
                0x00000000000001b0       0x20 /home/kachi3/lowrisc-toolchain-gcc-rv32imcb/bin/../lib/gcc/riscv32-unknown-elf/10.2.0/libgcc.a(divdf3.o)
 .debug_aranges
                0x00000000000001d0       0x20 /home/kachi3/lowrisc-toolchain-gcc-rv32imcb/bin/../lib/gcc/riscv32-unknown-elf/10.2.0/libgcc.a(eqdf2.o)
 .debug_aranges
                0x00000000000001f0       0x20 /home/kachi3/lowrisc-toolchain-gcc-rv32imcb/bin/../lib/gcc/riscv32-unknown-elf/10.2.0/libgcc.a(gedf2.o)
 .debug_aranges
                0x0000000000000210       0x20 /home/kachi3/lowrisc-toolchain-gcc-rv32imcb/bin/../lib/gcc/riscv32-unknown-elf/10.2.0/libgcc.a(ledf2.o)
 .debug_aranges
                0x0000000000000230       0x20 /home/kachi3/lowrisc-toolchain-gcc-rv32imcb/bin/../lib/gcc/riscv32-unknown-elf/10.2.0/libgcc.a(muldf3.o)
 .debug_aranges
                0x0000000000000250       0x20 /home/kachi3/lowrisc-toolchain-gcc-rv32imcb/bin/../lib/gcc/riscv32-unknown-elf/10.2.0/libgcc.a(subdf3.o)
 .debug_aranges
                0x0000000000000270       0x20 /home/kachi3/lowrisc-toolchain-gcc-rv32imcb/bin/../lib/gcc/riscv32-unknown-elf/10.2.0/libgcc.a(fixdfsi.o)
 .debug_aranges
                0x0000000000000290       0x20 /home/kachi3/lowrisc-toolchain-gcc-rv32imcb/bin/../lib/gcc/riscv32-unknown-elf/10.2.0/libgcc.a(fixunsdfsi.o)
 .debug_aranges
                0x00000000000002b0       0x20 /home/kachi3/lowrisc-toolchain-gcc-rv32imcb/bin/../lib/gcc/riscv32-unknown-elf/10.2.0/libgcc.a(floatunsidf.o)
 .debug_aranges
                0x00000000000002d0       0x20 /home/kachi3/lowrisc-toolchain-gcc-rv32imcb/bin/../lib/gcc/riscv32-unknown-elf/10.2.0/libgcc.a(divsf3.o)
 .debug_aranges
                0x00000000000002f0       0x20 /home/kachi3/lowrisc-toolchain-gcc-rv32imcb/bin/../lib/gcc/riscv32-unknown-elf/10.2.0/libgcc.a(floatunsisf.o)
 .debug_aranges
                0x0000000000000310       0x20 /home/kachi3/lowrisc-toolchain-gcc-rv32imcb/bin/../lib/gcc/riscv32-unknown-elf/10.2.0/libgcc.a(extendsfdf2.o)
 .debug_aranges
                0x0000000000000330       0x20 /home/kachi3/lowrisc-toolchain-gcc-rv32imcb/bin/../lib/gcc/riscv32-unknown-elf/10.2.0/libgcc.a(_clzsi2.o)
 .debug_aranges
                0x0000000000000350       0x18 /home/kachi3/lowrisc-toolchain-gcc-rv32imcb/bin/../lib/gcc/riscv32-unknown-elf/10.2.0/libgcc.a(_clz.o)

.debug_ranges   0x0000000000000000     0x2208
 .debug_ranges  0x0000000000000000      0x430 /tmp/ccdzPlMt.o
 .debug_ranges  0x0000000000000430       0xb0 /tmp/ccpLveND.o
 .debug_ranges  0x00000000000004e0      0x2c8 /tmp/ccucvQYg.o
 .debug_ranges  0x00000000000007a8      0x208 /tmp/cc1l638K.o
 .debug_ranges  0x00000000000009b0      0x1a8 /tmp/ccma0iB2.o
 .debug_ranges  0x0000000000000b58       0x30 /tmp/ccdXFDmm.o
 .debug_ranges  0x0000000000000b88      0x248 /tmp/ccRBGKMP.o
 .debug_ranges  0x0000000000000dd0       0x20 /tmp/cciTUYtk.o
 .debug_ranges  0x0000000000000df0      0x8e0 /tmp/ccfIK1Ez.o
 .debug_ranges  0x00000000000016d0       0x30 /home/kachi3/lowrisc-toolchain-gcc-rv32imcb/bin/../lib/gcc/riscv32-unknown-elf/10.2.0/../../../../riscv32-unknown-elf/lib/libm.a(lib_a-s_modf.o)
 .debug_ranges  0x0000000000001700      0x248 /home/kachi3/lowrisc-toolchain-gcc-rv32imcb/bin/../lib/gcc/riscv32-unknown-elf/10.2.0/libgcc.a(adddf3.o)
 .debug_ranges  0x0000000000001948      0x198 /home/kachi3/lowrisc-toolchain-gcc-rv32imcb/bin/../lib/gcc/riscv32-unknown-elf/10.2.0/libgcc.a(divdf3.o)
 .debug_ranges  0x0000000000001ae0       0x48 /home/kachi3/lowrisc-toolchain-gcc-rv32imcb/bin/../lib/gcc/riscv32-unknown-elf/10.2.0/libgcc.a(eqdf2.o)
 .debug_ranges  0x0000000000001b28       0x50 /home/kachi3/lowrisc-toolchain-gcc-rv32imcb/bin/../lib/gcc/riscv32-unknown-elf/10.2.0/libgcc.a(gedf2.o)
 .debug_ranges  0x0000000000001b78       0x50 /home/kachi3/lowrisc-toolchain-gcc-rv32imcb/bin/../lib/gcc/riscv32-unknown-elf/10.2.0/libgcc.a(ledf2.o)
 .debug_ranges  0x0000000000001bc8      0x1e0 /home/kachi3/lowrisc-toolchain-gcc-rv32imcb/bin/../lib/gcc/riscv32-unknown-elf/10.2.0/libgcc.a(muldf3.o)
 .debug_ranges  0x0000000000001da8      0x250 /home/kachi3/lowrisc-toolchain-gcc-rv32imcb/bin/../lib/gcc/riscv32-unknown-elf/10.2.0/libgcc.a(subdf3.o)
 .debug_ranges  0x0000000000001ff8       0x18 /home/kachi3/lowrisc-toolchain-gcc-rv32imcb/bin/../lib/gcc/riscv32-unknown-elf/10.2.0/libgcc.a(fixdfsi.o)
 .debug_ranges  0x0000000000002010       0x20 /home/kachi3/lowrisc-toolchain-gcc-rv32imcb/bin/../lib/gcc/riscv32-unknown-elf/10.2.0/libgcc.a(fixunsdfsi.o)
 .debug_ranges  0x0000000000002030       0x70 /home/kachi3/lowrisc-toolchain-gcc-rv32imcb/bin/../lib/gcc/riscv32-unknown-elf/10.2.0/libgcc.a(floatunsidf.o)
 .debug_ranges  0x00000000000020a0       0xc0 /home/kachi3/lowrisc-toolchain-gcc-rv32imcb/bin/../lib/gcc/riscv32-unknown-elf/10.2.0/libgcc.a(divsf3.o)
 .debug_ranges  0x0000000000002160       0x50 /home/kachi3/lowrisc-toolchain-gcc-rv32imcb/bin/../lib/gcc/riscv32-unknown-elf/10.2.0/libgcc.a(floatunsisf.o)
 .debug_ranges  0x00000000000021b0       0x38 /home/kachi3/lowrisc-toolchain-gcc-rv32imcb/bin/../lib/gcc/riscv32-unknown-elf/10.2.0/libgcc.a(extendsfdf2.o)
 .debug_ranges  0x00000000000021e8       0x20 /home/kachi3/lowrisc-toolchain-gcc-rv32imcb/bin/../lib/gcc/riscv32-unknown-elf/10.2.0/libgcc.a(_clzsi2.o)

.debug_line     0x0000000000000000    0x22520
 .debug_line    0x0000000000000000     0x38f7 /tmp/ccdzPlMt.o
 .debug_line    0x00000000000038f7     0x1892 /tmp/ccpLveND.o
 .debug_line    0x0000000000005189     0x6949 /tmp/ccucvQYg.o
 .debug_line    0x000000000000bad2     0x1853 /tmp/cc1l638K.o
 .debug_line    0x000000000000d325     0x24ec /tmp/ccma0iB2.o
 .debug_line    0x000000000000f811      0x501 /tmp/ccdXFDmm.o
 .debug_line    0x000000000000fd12     0x7c9d /tmp/ccRBGKMP.o
 .debug_line    0x00000000000179af     0x1718 /tmp/ccoAuIYO.o
 .debug_line    0x00000000000190c7      0x19b /tmp/cciTUYtk.o
 .debug_line    0x0000000000019262     0x2eee /tmp/ccfIK1Ez.o
 .debug_line    0x000000000001c150      0x392 /home/kachi3/lowrisc-toolchain-gcc-rv32imcb/bin/../lib/gcc/riscv32-unknown-elf/10.2.0/../../../../riscv32-unknown-elf/lib/libm.a(lib_a-s_modf.o)
 .debug_line    0x000000000001c4e2      0x26a /home/kachi3/lowrisc-toolchain-gcc-rv32imcb/bin/../lib/gcc/riscv32-unknown-elf/10.2.0/../../../../riscv32-unknown-elf/lib/libm.a(lib_a-s_fpclassify.o)
 .debug_line    0x000000000001c74c     0x102e /home/kachi3/lowrisc-toolchain-gcc-rv32imcb/bin/../lib/gcc/riscv32-unknown-elf/10.2.0/libgcc.a(adddf3.o)
 .debug_line    0x000000000001d77a      0xf85 /home/kachi3/lowrisc-toolchain-gcc-rv32imcb/bin/../lib/gcc/riscv32-unknown-elf/10.2.0/libgcc.a(divdf3.o)
 .debug_line    0x000000000001e6ff      0x26b /home/kachi3/lowrisc-toolchain-gcc-rv32imcb/bin/../lib/gcc/riscv32-unknown-elf/10.2.0/libgcc.a(eqdf2.o)
 .debug_line    0x000000000001e96a      0x300 /home/kachi3/lowrisc-toolchain-gcc-rv32imcb/bin/../lib/gcc/riscv32-unknown-elf/10.2.0/libgcc.a(gedf2.o)
 .debug_line    0x000000000001ec6a      0x300 /home/kachi3/lowrisc-toolchain-gcc-rv32imcb/bin/../lib/gcc/riscv32-unknown-elf/10.2.0/libgcc.a(ledf2.o)
 .debug_line    0x000000000001ef6a      0xdc0 /home/kachi3/lowrisc-toolchain-gcc-rv32imcb/bin/../lib/gcc/riscv32-unknown-elf/10.2.0/libgcc.a(muldf3.o)
 .debug_line    0x000000000001fd2a     0x1093 /home/kachi3/lowrisc-toolchain-gcc-rv32imcb/bin/../lib/gcc/riscv32-unknown-elf/10.2.0/libgcc.a(subdf3.o)
 .debug_line    0x0000000000020dbd      0x22f /home/kachi3/lowrisc-toolchain-gcc-rv32imcb/bin/../lib/gcc/riscv32-unknown-elf/10.2.0/libgcc.a(fixdfsi.o)
 .debug_line    0x0000000000020fec      0x1c0 /home/kachi3/lowrisc-toolchain-gcc-rv32imcb/bin/../lib/gcc/riscv32-unknown-elf/10.2.0/libgcc.a(fixunsdfsi.o)
 .debug_line    0x00000000000211ac      0x289 /home/kachi3/lowrisc-toolchain-gcc-rv32imcb/bin/../lib/gcc/riscv32-unknown-elf/10.2.0/libgcc.a(floatunsidf.o)
 .debug_line    0x0000000000021435      0x85f /home/kachi3/lowrisc-toolchain-gcc-rv32imcb/bin/../lib/gcc/riscv32-unknown-elf/10.2.0/libgcc.a(divsf3.o)
 .debug_line    0x0000000000021c94      0x358 /home/kachi3/lowrisc-toolchain-gcc-rv32imcb/bin/../lib/gcc/riscv32-unknown-elf/10.2.0/libgcc.a(floatunsisf.o)
 .debug_line    0x0000000000021fec      0x3c0 /home/kachi3/lowrisc-toolchain-gcc-rv32imcb/bin/../lib/gcc/riscv32-unknown-elf/10.2.0/libgcc.a(extendsfdf2.o)
 .debug_line    0x00000000000223ac      0x100 /home/kachi3/lowrisc-toolchain-gcc-rv32imcb/bin/../lib/gcc/riscv32-unknown-elf/10.2.0/libgcc.a(_clzsi2.o)
 .debug_line    0x00000000000224ac       0x74 /home/kachi3/lowrisc-toolchain-gcc-rv32imcb/bin/../lib/gcc/riscv32-unknown-elf/10.2.0/libgcc.a(_clz.o)

.debug_str      0x0000000000000000     0x1ae1
 .debug_str     0x0000000000000000      0x46d /tmp/ccdzPlMt.o
                                        0x4e0 (size before relaxing)
 .debug_str     0x000000000000046d      0x1a8 /tmp/ccpLveND.o
                                        0x4a2 (size before relaxing)
 .debug_str     0x0000000000000615       0xab /tmp/ccucvQYg.o
                                        0x2e1 (size before relaxing)
 .debug_str     0x00000000000006c0      0x117 /tmp/cc1l638K.o
                                        0x34a (size before relaxing)
 .debug_str     0x00000000000007d7       0x6a /tmp/ccma0iB2.o
                                        0x287 (size before relaxing)
 .debug_str     0x0000000000000841      0x14b /tmp/ccdXFDmm.o
                                        0x45a (size before relaxing)
 .debug_str     0x000000000000098c      0x176 /tmp/ccRBGKMP.o
                                        0x37d (size before relaxing)
 .debug_str     0x0000000000000b02       0x62 /tmp/ccoAuIYO.o
                                        0x252 (size before relaxing)
 .debug_str     0x0000000000000b64       0x3a /tmp/cciTUYtk.o
                                         0x8e (size before relaxing)
 .debug_str     0x0000000000000b9e      0x159 /tmp/ccfIK1Ez.o
                                        0x329 (size before relaxing)
 .debug_str     0x0000000000000cf7      0x166 /home/kachi3/lowrisc-toolchain-gcc-rv32imcb/bin/../lib/gcc/riscv32-unknown-elf/10.2.0/../../../../riscv32-unknown-elf/lib/libm.a(lib_a-s_modf.o)
                                        0x227 (size before relaxing)
 .debug_str     0x0000000000000e5d      0x120 /home/kachi3/lowrisc-toolchain-gcc-rv32imcb/bin/../lib/gcc/riscv32-unknown-elf/10.2.0/../../../../riscv32-unknown-elf/lib/libm.a(lib_a-s_fpclassify.o)
                                        0x203 (size before relaxing)
 .debug_str     0x0000000000000f7d      0x2aa /home/kachi3/lowrisc-toolchain-gcc-rv32imcb/bin/../lib/gcc/riscv32-unknown-elf/10.2.0/libgcc.a(adddf3.o)
                                        0x339 (size before relaxing)
 .debug_str     0x0000000000001227      0x1f6 /home/kachi3/lowrisc-toolchain-gcc-rv32imcb/bin/../lib/gcc/riscv32-unknown-elf/10.2.0/libgcc.a(divdf3.o)
                                        0x3fb (size before relaxing)
 .debug_str     0x000000000000141d       0x74 /home/kachi3/lowrisc-toolchain-gcc-rv32imcb/bin/../lib/gcc/riscv32-unknown-elf/10.2.0/libgcc.a(eqdf2.o)
                                        0x24a (size before relaxing)
 .debug_str     0x0000000000001491       0x79 /home/kachi3/lowrisc-toolchain-gcc-rv32imcb/bin/../lib/gcc/riscv32-unknown-elf/10.2.0/libgcc.a(gedf2.o)
                                        0x26e (size before relaxing)
 .debug_str     0x000000000000150a       0x55 /home/kachi3/lowrisc-toolchain-gcc-rv32imcb/bin/../lib/gcc/riscv32-unknown-elf/10.2.0/libgcc.a(ledf2.o)
                                        0x26e (size before relaxing)
 .debug_str     0x000000000000155f      0x173 /home/kachi3/lowrisc-toolchain-gcc-rv32imcb/bin/../lib/gcc/riscv32-unknown-elf/10.2.0/libgcc.a(muldf3.o)
                                        0x453 (size before relaxing)
 .debug_str     0x00000000000016d2       0x4e /home/kachi3/lowrisc-toolchain-gcc-rv32imcb/bin/../lib/gcc/riscv32-unknown-elf/10.2.0/libgcc.a(subdf3.o)
                                        0x339 (size before relaxing)
 .debug_str     0x0000000000001720       0x6a /home/kachi3/lowrisc-toolchain-gcc-rv32imcb/bin/../lib/gcc/riscv32-unknown-elf/10.2.0/libgcc.a(fixdfsi.o)
                                        0x247 (size before relaxing)
 .debug_str     0x000000000000178a       0x52 /home/kachi3/lowrisc-toolchain-gcc-rv32imcb/bin/../lib/gcc/riscv32-unknown-elf/10.2.0/libgcc.a(fixunsdfsi.o)
                                        0x246 (size before relaxing)
 .debug_str     0x00000000000017dc       0x80 /home/kachi3/lowrisc-toolchain-gcc-rv32imcb/bin/../lib/gcc/riscv32-unknown-elf/10.2.0/libgcc.a(floatunsidf.o)
                                        0x2e3 (size before relaxing)
 .debug_str     0x000000000000185c      0x12e /home/kachi3/lowrisc-toolchain-gcc-rv32imcb/bin/../lib/gcc/riscv32-unknown-elf/10.2.0/libgcc.a(divsf3.o)
                                        0x366 (size before relaxing)
 .debug_str     0x000000000000198a       0x68 /home/kachi3/lowrisc-toolchain-gcc-rv32imcb/bin/../lib/gcc/riscv32-unknown-elf/10.2.0/libgcc.a(floatunsisf.o)
                                        0x2c4 (size before relaxing)
 .debug_str     0x00000000000019f2       0x60 /home/kachi3/lowrisc-toolchain-gcc-rv32imcb/bin/../lib/gcc/riscv32-unknown-elf/10.2.0/libgcc.a(extendsfdf2.o)
                                        0x274 (size before relaxing)
 .debug_str     0x0000000000001a52       0x8f /home/kachi3/lowrisc-toolchain-gcc-rv32imcb/bin/../lib/gcc/riscv32-unknown-elf/10.2.0/libgcc.a(_clzsi2.o)
                                        0x242 (size before relaxing)
 .debug_str     0x0000000000001ae1      0x225 /home/kachi3/lowrisc-toolchain-gcc-rv32imcb/bin/../lib/gcc/riscv32-unknown-elf/10.2.0/libgcc.a(_clz.o)

.comment        0x0000000000000000       0x2e
 .comment       0x0000000000000000       0x2e /tmp/ccdzPlMt.o
                                         0x2f (size before relaxing)
 .comment       0x000000000000002e       0x2f /tmp/ccpLveND.o
 .comment       0x000000000000002e       0x2f /tmp/ccucvQYg.o
 .comment       0x000000000000002e       0x2f /tmp/cc1l638K.o
 .comment       0x000000000000002e       0x2f /tmp/ccma0iB2.o
 .comment       0x000000000000002e       0x2f /tmp/ccdXFDmm.o
 .comment       0x000000000000002e       0x2f /tmp/ccRBGKMP.o
 .comment       0x000000000000002e       0x2f /tmp/ccoAuIYO.o
 .comment       0x000000000000002e       0x2f /tmp/ccfIK1Ez.o
 .comment       0x000000000000002e       0x2f /home/kachi3/lowrisc-toolchain-gcc-rv32imcb/bin/../lib/gcc/riscv32-unknown-elf/10.2.0/../../../../riscv32-unknown-elf/lib/libm.a(lib_a-s_modf.o)
 .comment       0x000000000000002e       0x2f /home/kachi3/lowrisc-toolchain-gcc-rv32imcb/bin/../lib/gcc/riscv32-unknown-elf/10.2.0/../../../../riscv32-unknown-elf/lib/libm.a(lib_a-s_fpclassify.o)
 .comment       0x000000000000002e       0x2f /home/kachi3/lowrisc-toolchain-gcc-rv32imcb/bin/../lib/gcc/riscv32-unknown-elf/10.2.0/libgcc.a(adddf3.o)
 .comment       0x000000000000002e       0x2f /home/kachi3/lowrisc-toolchain-gcc-rv32imcb/bin/../lib/gcc/riscv32-unknown-elf/10.2.0/libgcc.a(divdf3.o)
 .comment       0x000000000000002e       0x2f /home/kachi3/lowrisc-toolchain-gcc-rv32imcb/bin/../lib/gcc/riscv32-unknown-elf/10.2.0/libgcc.a(eqdf2.o)
 .comment       0x000000000000002e       0x2f /home/kachi3/lowrisc-toolchain-gcc-rv32imcb/bin/../lib/gcc/riscv32-unknown-elf/10.2.0/libgcc.a(gedf2.o)
 .comment       0x000000000000002e       0x2f /home/kachi3/lowrisc-toolchain-gcc-rv32imcb/bin/../lib/gcc/riscv32-unknown-elf/10.2.0/libgcc.a(ledf2.o)
 .comment       0x000000000000002e       0x2f /home/kachi3/lowrisc-toolchain-gcc-rv32imcb/bin/../lib/gcc/riscv32-unknown-elf/10.2.0/libgcc.a(muldf3.o)
 .comment       0x000000000000002e       0x2f /home/kachi3/lowrisc-toolchain-gcc-rv32imcb/bin/../lib/gcc/riscv32-unknown-elf/10.2.0/libgcc.a(subdf3.o)
 .comment       0x000000000000002e       0x2f /home/kachi3/lowrisc-toolchain-gcc-rv32imcb/bin/../lib/gcc/riscv32-unknown-elf/10.2.0/libgcc.a(fixdfsi.o)
 .comment       0x000000000000002e       0x2f /home/kachi3/lowrisc-toolchain-gcc-rv32imcb/bin/../lib/gcc/riscv32-unknown-elf/10.2.0/libgcc.a(fixunsdfsi.o)
 .comment       0x000000000000002e       0x2f /home/kachi3/lowrisc-toolchain-gcc-rv32imcb/bin/../lib/gcc/riscv32-unknown-elf/10.2.0/libgcc.a(floatunsidf.o)
 .comment       0x000000000000002e       0x2f /home/kachi3/lowrisc-toolchain-gcc-rv32imcb/bin/../lib/gcc/riscv32-unknown-elf/10.2.0/libgcc.a(divsf3.o)
 .comment       0x000000000000002e       0x2f /home/kachi3/lowrisc-toolchain-gcc-rv32imcb/bin/../lib/gcc/riscv32-unknown-elf/10.2.0/libgcc.a(floatunsisf.o)
 .comment       0x000000000000002e       0x2f /home/kachi3/lowrisc-toolchain-gcc-rv32imcb/bin/../lib/gcc/riscv32-unknown-elf/10.2.0/libgcc.a(extendsfdf2.o)
 .comment       0x000000000000002e       0x2f /home/kachi3/lowrisc-toolchain-gcc-rv32imcb/bin/../lib/gcc/riscv32-unknown-elf/10.2.0/libgcc.a(_clzsi2.o)
 .comment       0x000000000000002e       0x2f /home/kachi3/lowrisc-toolchain-gcc-rv32imcb/bin/../lib/gcc/riscv32-unknown-elf/10.2.0/libgcc.a(_clz.o)

.riscv.attributes
                0x0000000000000000       0x2a
 .riscv.attributes
                0x0000000000000000       0x21 /tmp/ccdzPlMt.o
 .riscv.attributes
                0x0000000000000021       0x21 /tmp/ccpLveND.o
 .riscv.attributes
                0x0000000000000042       0x21 /tmp/ccucvQYg.o
 .riscv.attributes
                0x0000000000000063       0x21 /tmp/cc1l638K.o
 .riscv.attributes
                0x0000000000000084       0x21 /tmp/ccma0iB2.o
 .riscv.attributes
                0x00000000000000a5       0x25 /tmp/ccdXFDmm.o
 .riscv.attributes
                0x00000000000000ca       0x21 /tmp/ccRBGKMP.o
 .riscv.attributes
                0x00000000000000eb       0x21 /tmp/ccoAuIYO.o
 .riscv.attributes
                0x000000000000010c       0x23 /tmp/cciTUYtk.o
 .riscv.attributes
                0x000000000000012f       0x25 /tmp/ccfIK1Ez.o
 .riscv.attributes
                0x0000000000000154       0x26 /home/kachi3/lowrisc-toolchain-gcc-rv32imcb/bin/../lib/gcc/riscv32-unknown-elf/10.2.0/../../../../riscv32-unknown-elf/lib/libm.a(lib_a-s_modf.o)
 .riscv.attributes
                0x000000000000017a       0x26 /home/kachi3/lowrisc-toolchain-gcc-rv32imcb/bin/../lib/gcc/riscv32-unknown-elf/10.2.0/../../../../riscv32-unknown-elf/lib/libm.a(lib_a-s_fpclassify.o)
 .riscv.attributes
                0x00000000000001a0       0x26 /home/kachi3/lowrisc-toolchain-gcc-rv32imcb/bin/../lib/gcc/riscv32-unknown-elf/10.2.0/libgcc.a(adddf3.o)
 .riscv.attributes
                0x00000000000001c6       0x26 /home/kachi3/lowrisc-toolchain-gcc-rv32imcb/bin/../lib/gcc/riscv32-unknown-elf/10.2.0/libgcc.a(divdf3.o)
 .riscv.attributes
                0x00000000000001ec       0x26 /home/kachi3/lowrisc-toolchain-gcc-rv32imcb/bin/../lib/gcc/riscv32-unknown-elf/10.2.0/libgcc.a(eqdf2.o)
 .riscv.attributes
                0x0000000000000212       0x26 /home/kachi3/lowrisc-toolchain-gcc-rv32imcb/bin/../lib/gcc/riscv32-unknown-elf/10.2.0/libgcc.a(gedf2.o)
 .riscv.attributes
                0x0000000000000238       0x26 /home/kachi3/lowrisc-toolchain-gcc-rv32imcb/bin/../lib/gcc/riscv32-unknown-elf/10.2.0/libgcc.a(ledf2.o)
 .riscv.attributes
                0x000000000000025e       0x26 /home/kachi3/lowrisc-toolchain-gcc-rv32imcb/bin/../lib/gcc/riscv32-unknown-elf/10.2.0/libgcc.a(muldf3.o)
 .riscv.attributes
                0x0000000000000284       0x26 /home/kachi3/lowrisc-toolchain-gcc-rv32imcb/bin/../lib/gcc/riscv32-unknown-elf/10.2.0/libgcc.a(subdf3.o)
 .riscv.attributes
                0x00000000000002aa       0x26 /home/kachi3/lowrisc-toolchain-gcc-rv32imcb/bin/../lib/gcc/riscv32-unknown-elf/10.2.0/libgcc.a(fixdfsi.o)
 .riscv.attributes
                0x00000000000002d0       0x26 /home/kachi3/lowrisc-toolchain-gcc-rv32imcb/bin/../lib/gcc/riscv32-unknown-elf/10.2.0/libgcc.a(fixunsdfsi.o)
 .riscv.attributes
                0x00000000000002f6       0x26 /home/kachi3/lowrisc-toolchain-gcc-rv32imcb/bin/../lib/gcc/riscv32-unknown-elf/10.2.0/libgcc.a(floatunsidf.o)
 .riscv.attributes
                0x000000000000031c       0x26 /home/kachi3/lowrisc-toolchain-gcc-rv32imcb/bin/../lib/gcc/riscv32-unknown-elf/10.2.0/libgcc.a(divsf3.o)
 .riscv.attributes
                0x0000000000000342       0x26 /home/kachi3/lowrisc-toolchain-gcc-rv32imcb/bin/../lib/gcc/riscv32-unknown-elf/10.2.0/libgcc.a(floatunsisf.o)
 .riscv.attributes
                0x0000000000000368       0x26 /home/kachi3/lowrisc-toolchain-gcc-rv32imcb/bin/../lib/gcc/riscv32-unknown-elf/10.2.0/libgcc.a(extendsfdf2.o)
 .riscv.attributes
                0x000000000000038e       0x26 /home/kachi3/lowrisc-toolchain-gcc-rv32imcb/bin/../lib/gcc/riscv32-unknown-elf/10.2.0/libgcc.a(_clzsi2.o)
 .riscv.attributes
                0x00000000000003b4       0x26 /home/kachi3/lowrisc-toolchain-gcc-rv32imcb/bin/../lib/gcc/riscv32-unknown-elf/10.2.0/libgcc.a(_clz.o)

.debug_frame    0x0000000000000000      0xbb0
 .debug_frame   0x0000000000000000      0x1a0 /tmp/ccdzPlMt.o
 .debug_frame   0x00000000000001a0       0x94 /tmp/ccpLveND.o
 .debug_frame   0x0000000000000234      0x1f4 /tmp/ccucvQYg.o
 .debug_frame   0x0000000000000428       0x84 /tmp/cc1l638K.o
 .debug_frame   0x00000000000004ac       0x70 /tmp/ccma0iB2.o
 .debug_frame   0x000000000000051c       0xf8 /tmp/ccdXFDmm.o
 .debug_frame   0x0000000000000614       0x90 /tmp/ccRBGKMP.o
 .debug_frame   0x00000000000006a4       0xa0 /tmp/ccoAuIYO.o
 .debug_frame   0x0000000000000744      0x12c /tmp/ccfIK1Ez.o
 .debug_frame   0x0000000000000870       0x40 /home/kachi3/lowrisc-toolchain-gcc-rv32imcb/bin/../lib/gcc/riscv32-unknown-elf/10.2.0/../../../../riscv32-unknown-elf/lib/libm.a(lib_a-s_modf.o)
 .debug_frame   0x00000000000008b0       0x20 /home/kachi3/lowrisc-toolchain-gcc-rv32imcb/bin/../lib/gcc/riscv32-unknown-elf/10.2.0/../../../../riscv32-unknown-elf/lib/libm.a(lib_a-s_fpclassify.o)
 .debug_frame   0x00000000000008d0       0x44 /home/kachi3/lowrisc-toolchain-gcc-rv32imcb/bin/../lib/gcc/riscv32-unknown-elf/10.2.0/libgcc.a(adddf3.o)
 .debug_frame   0x0000000000000914       0x58 /home/kachi3/lowrisc-toolchain-gcc-rv32imcb/bin/../lib/gcc/riscv32-unknown-elf/10.2.0/libgcc.a(divdf3.o)
 .debug_frame   0x000000000000096c       0x20 /home/kachi3/lowrisc-toolchain-gcc-rv32imcb/bin/../lib/gcc/riscv32-unknown-elf/10.2.0/libgcc.a(eqdf2.o)
 .debug_frame   0x000000000000098c       0x20 /home/kachi3/lowrisc-toolchain-gcc-rv32imcb/bin/../lib/gcc/riscv32-unknown-elf/10.2.0/libgcc.a(gedf2.o)
 .debug_frame   0x00000000000009ac       0x20 /home/kachi3/lowrisc-toolchain-gcc-rv32imcb/bin/../lib/gcc/riscv32-unknown-elf/10.2.0/libgcc.a(ledf2.o)
 .debug_frame   0x00000000000009cc       0x54 /home/kachi3/lowrisc-toolchain-gcc-rv32imcb/bin/../lib/gcc/riscv32-unknown-elf/10.2.0/libgcc.a(muldf3.o)
 .debug_frame   0x0000000000000a20       0x44 /home/kachi3/lowrisc-toolchain-gcc-rv32imcb/bin/../lib/gcc/riscv32-unknown-elf/10.2.0/libgcc.a(subdf3.o)
 .debug_frame   0x0000000000000a64       0x20 /home/kachi3/lowrisc-toolchain-gcc-rv32imcb/bin/../lib/gcc/riscv32-unknown-elf/10.2.0/libgcc.a(fixdfsi.o)
 .debug_frame   0x0000000000000a84       0x20 /home/kachi3/lowrisc-toolchain-gcc-rv32imcb/bin/../lib/gcc/riscv32-unknown-elf/10.2.0/libgcc.a(fixunsdfsi.o)
 .debug_frame   0x0000000000000aa4       0x34 /home/kachi3/lowrisc-toolchain-gcc-rv32imcb/bin/../lib/gcc/riscv32-unknown-elf/10.2.0/libgcc.a(floatunsidf.o)
 .debug_frame   0x0000000000000ad8       0x4c /home/kachi3/lowrisc-toolchain-gcc-rv32imcb/bin/../lib/gcc/riscv32-unknown-elf/10.2.0/libgcc.a(divsf3.o)
 .debug_frame   0x0000000000000b24       0x34 /home/kachi3/lowrisc-toolchain-gcc-rv32imcb/bin/../lib/gcc/riscv32-unknown-elf/10.2.0/libgcc.a(floatunsisf.o)
 .debug_frame   0x0000000000000b58       0x38 /home/kachi3/lowrisc-toolchain-gcc-rv32imcb/bin/../lib/gcc/riscv32-unknown-elf/10.2.0/libgcc.a(extendsfdf2.o)
 .debug_frame   0x0000000000000b90       0x20 /home/kachi3/lowrisc-toolchain-gcc-rv32imcb/bin/../lib/gcc/riscv32-unknown-elf/10.2.0/libgcc.a(_clzsi2.o)
