Startpoint: irq_fast_i[11] (input port clocked by clk_i)
Endpoint: instr_addr_o[30] (output port clocked by clk_i)
Path Group: in2out
Path Type: max

  Delay    Time   Description
---------------------------------------------------------
   0.00    0.00   clock clk_i (rise edge)
   0.00    0.00   clock network delay (ideal)
   0.40    0.40 v input external delay
   0.00    0.40 v irq_fast_i[11] (in)
   0.05    0.46 ^ _15221_/ZN (AOI22_X1)
   0.01    0.47 v _15222_/ZN (INV_X1)
   0.08    0.55 ^ _15223_/ZN (AOI221_X1)
   0.03    0.58 v _15226_/ZN (NAND3_X1)
   0.02    0.60 ^ _15227_/ZN (INV_X1)
   0.03    0.63 v _15238_/ZN (NAND4_X1)
   0.05    0.68 v _15242_/ZN (AND3_X1)
   0.03    0.71 ^ _15243_/ZN (NAND4_X1)
   0.02    0.74 v _15244_/ZN (OAI21_X1)
   0.11    0.85 v _15405_/ZN (OR4_X1)
   0.05    0.90 v _15406_/Z (BUF_X1)
   0.05    0.95 v _15407_/Z (BUF_X1)
   0.05    0.99 v _15408_/Z (BUF_X1)
   0.05    1.04 v _15409_/Z (BUF_X1)
   0.05    1.09 v _15412_/Z (BUF_X1)
   0.05    1.13 ^ _15724_/ZN (OAI21_X1)
   0.07    1.20 ^ _15725_/Z (MUX2_X1)
   0.00    1.20 ^ instr_addr_o[30] (out)
           1.20   data arrival time

   4.00    4.00   clock clk_i (rise edge)
   0.00    4.00   clock network delay (ideal)
   0.00    4.00   clock reconvergence pessimism
  -1.20    2.80   output external delay
           2.80   data required time
---------------------------------------------------------
           2.80   data required time
          -1.20   data arrival time
---------------------------------------------------------
           1.60   slack (MET)


Startpoint: irq_fast_i[11] (input port clocked by clk_i)
Endpoint: instr_addr_o[23] (output port clocked by clk_i)
Path Group: in2out
Path Type: max

  Delay    Time   Description
---------------------------------------------------------
   0.00    0.00   clock clk_i (rise edge)
   0.00    0.00   clock network delay (ideal)
   0.40    0.40 v input external delay
   0.00    0.40 v irq_fast_i[11] (in)
   0.05    0.46 ^ _15221_/ZN (AOI22_X1)
   0.01    0.47 v _15222_/ZN (INV_X1)
   0.08    0.55 ^ _15223_/ZN (AOI221_X1)
   0.03    0.58 v _15226_/ZN (NAND3_X1)
   0.02    0.60 ^ _15227_/ZN (INV_X1)
   0.03    0.63 v _15238_/ZN (NAND4_X1)
   0.05    0.68 v _15242_/ZN (AND3_X1)
   0.03    0.71 ^ _15243_/ZN (NAND4_X1)
   0.02    0.74 v _15244_/ZN (OAI21_X1)
   0.18    0.92 ^ _15250_/ZN (NOR4_X1)
   0.07    0.99 ^ _15536_/Z (BUF_X1)
   0.06    1.05 ^ _15654_/Z (BUF_X1)
   0.03    1.08 ^ _15661_/ZN (OR2_X1)
   0.03    1.11 v _15663_/ZN (OAI21_X1)
   0.08    1.19 v _15664_/Z (MUX2_X1)
   0.00    1.19 v instr_addr_o[23] (out)
           1.19   data arrival time

   4.00    4.00   clock clk_i (rise edge)
   0.00    4.00   clock network delay (ideal)
   0.00    4.00   clock reconvergence pessimism
  -1.20    2.80   output external delay
           2.80   data required time
---------------------------------------------------------
           2.80   data required time
          -1.19   data arrival time
---------------------------------------------------------
           1.61   slack (MET)


Startpoint: irq_fast_i[11] (input port clocked by clk_i)
Endpoint: instr_addr_o[24] (output port clocked by clk_i)
Path Group: in2out
Path Type: max

  Delay    Time   Description
---------------------------------------------------------
   0.00    0.00   clock clk_i (rise edge)
   0.00    0.00   clock network delay (ideal)
   0.40    0.40 v input external delay
   0.00    0.40 v irq_fast_i[11] (in)
   0.05    0.46 ^ _15221_/ZN (AOI22_X1)
   0.01    0.47 v _15222_/ZN (INV_X1)
   0.08    0.55 ^ _15223_/ZN (AOI221_X1)
   0.03    0.58 v _15226_/ZN (NAND3_X1)
   0.02    0.60 ^ _15227_/ZN (INV_X1)
   0.03    0.63 v _15238_/ZN (NAND4_X1)
   0.05    0.68 v _15242_/ZN (AND3_X1)
   0.03    0.71 ^ _15243_/ZN (NAND4_X1)
   0.02    0.74 v _15244_/ZN (OAI21_X1)
   0.18    0.92 ^ _15250_/ZN (NOR4_X1)
   0.07    0.99 ^ _15536_/Z (BUF_X1)
   0.06    1.05 ^ _15654_/Z (BUF_X1)
   0.03    1.08 ^ _15669_/ZN (OR2_X1)
   0.02    1.10 v _15671_/ZN (OAI21_X1)
   0.08    1.18 v _15672_/Z (MUX2_X1)
   0.00    1.18 v instr_addr_o[24] (out)
           1.18   data arrival time

   4.00    4.00   clock clk_i (rise edge)
   0.00    4.00   clock network delay (ideal)
   0.00    4.00   clock reconvergence pessimism
  -1.20    2.80   output external delay
           2.80   data required time
---------------------------------------------------------
           2.80   data required time
          -1.18   data arrival time
---------------------------------------------------------
           1.62   slack (MET)


Startpoint: irq_fast_i[11] (input port clocked by clk_i)
Endpoint: instr_addr_o[29] (output port clocked by clk_i)
Path Group: in2out
Path Type: max

  Delay    Time   Description
---------------------------------------------------------
   0.00    0.00   clock clk_i (rise edge)
   0.00    0.00   clock network delay (ideal)
   0.40    0.40 v input external delay
   0.00    0.40 v irq_fast_i[11] (in)
   0.05    0.46 ^ _15221_/ZN (AOI22_X1)
   0.01    0.47 v _15222_/ZN (INV_X1)
   0.08    0.55 ^ _15223_/ZN (AOI221_X1)
   0.03    0.58 v _15226_/ZN (NAND3_X1)
   0.02    0.60 ^ _15227_/ZN (INV_X1)
   0.03    0.63 v _15238_/ZN (NAND4_X1)
   0.05    0.68 v _15242_/ZN (AND3_X1)
   0.03    0.71 ^ _15243_/ZN (NAND4_X1)
   0.02    0.74 v _15244_/ZN (OAI21_X1)
   0.11    0.85 v _15405_/ZN (OR4_X1)
   0.05    0.90 v _15406_/Z (BUF_X1)
   0.05    0.95 v _15407_/Z (BUF_X1)
   0.05    0.99 v _15408_/Z (BUF_X1)
   0.05    1.04 v _15409_/Z (BUF_X1)
   0.02    1.07 ^ _15714_/ZN (NAND2_X1)
   0.03    1.10 v _15716_/ZN (OAI21_X1)
   0.08    1.18 v _15717_/Z (MUX2_X1)
   0.00    1.18 v instr_addr_o[29] (out)
           1.18   data arrival time

   4.00    4.00   clock clk_i (rise edge)
   0.00    4.00   clock network delay (ideal)
   0.00    4.00   clock reconvergence pessimism
  -1.20    2.80   output external delay
           2.80   data required time
---------------------------------------------------------
           2.80   data required time
          -1.18   data arrival time
---------------------------------------------------------
           1.62   slack (MET)


Startpoint: irq_fast_i[11] (input port clocked by clk_i)
Endpoint: instr_addr_o[27] (output port clocked by clk_i)
Path Group: in2out
Path Type: max

  Delay    Time   Description
---------------------------------------------------------
   0.00    0.00   clock clk_i (rise edge)
   0.00    0.00   clock network delay (ideal)
   0.40    0.40 v input external delay
   0.00    0.40 v irq_fast_i[11] (in)
   0.05    0.46 ^ _15221_/ZN (AOI22_X1)
   0.01    0.47 v _15222_/ZN (INV_X1)
   0.08    0.55 ^ _15223_/ZN (AOI221_X1)
   0.03    0.58 v _15226_/ZN (NAND3_X1)
   0.02    0.60 ^ _15227_/ZN (INV_X1)
   0.03    0.63 v _15238_/ZN (NAND4_X1)
   0.05    0.68 v _15242_/ZN (AND3_X1)
   0.03    0.71 ^ _15243_/ZN (NAND4_X1)
   0.02    0.74 v _15244_/ZN (OAI21_X1)
   0.11    0.85 v _15405_/ZN (OR4_X1)
   0.05    0.90 v _15406_/Z (BUF_X1)
   0.05    0.95 v _15407_/Z (BUF_X1)
   0.05    0.99 v _15408_/Z (BUF_X1)
   0.05    1.04 v _15409_/Z (BUF_X1)
   0.02    1.07 ^ _15697_/ZN (NAND2_X1)
   0.03    1.09 v _15699_/ZN (OAI21_X1)
   0.08    1.17 v _15700_/Z (MUX2_X1)
   0.00    1.17 v instr_addr_o[27] (out)
           1.17   data arrival time

   4.00    4.00   clock clk_i (rise edge)
   0.00    4.00   clock network delay (ideal)
   0.00    4.00   clock reconvergence pessimism
  -1.20    2.80   output external delay
           2.80   data required time
---------------------------------------------------------
           2.80   data required time
          -1.17   data arrival time
---------------------------------------------------------
           1.63   slack (MET)


Startpoint: irq_fast_i[11] (input port clocked by clk_i)
Endpoint: instr_addr_o[31] (output port clocked by clk_i)
Path Group: in2out
Path Type: max

  Delay    Time   Description
---------------------------------------------------------
   0.00    0.00   clock clk_i (rise edge)
   0.00    0.00   clock network delay (ideal)
   0.40    0.40 v input external delay
   0.00    0.40 v irq_fast_i[11] (in)
   0.05    0.46 ^ _15221_/ZN (AOI22_X1)
   0.01    0.47 v _15222_/ZN (INV_X1)
   0.08    0.55 ^ _15223_/ZN (AOI221_X1)
   0.03    0.58 v _15226_/ZN (NAND3_X1)
   0.02    0.60 ^ _15227_/ZN (INV_X1)
   0.03    0.63 v _15238_/ZN (NAND4_X1)
   0.05    0.68 v _15242_/ZN (AND3_X1)
   0.03    0.71 ^ _15243_/ZN (NAND4_X1)
   0.02    0.74 v _15244_/ZN (OAI21_X1)
   0.11    0.85 v _15405_/ZN (OR4_X1)
   0.05    0.90 v _15406_/Z (BUF_X1)
   0.05    0.95 v _15407_/Z (BUF_X1)
   0.05    0.99 v _15408_/Z (BUF_X1)
   0.05    1.04 v _15409_/Z (BUF_X1)
   0.04    1.08 v _15731_/ZN (AND2_X1)
   0.05    1.13 ^ _15732_/ZN (AOI21_X1)
   0.04    1.17 v _15733_/ZN (OAI21_X1)
   0.00    1.17 v instr_addr_o[31] (out)
           1.17   data arrival time

   4.00    4.00   clock clk_i (rise edge)
   0.00    4.00   clock network delay (ideal)
   0.00    4.00   clock reconvergence pessimism
  -1.20    2.80   output external delay
           2.80   data required time
---------------------------------------------------------
           2.80   data required time
          -1.17   data arrival time
---------------------------------------------------------
           1.63   slack (MET)


Startpoint: irq_fast_i[11] (input port clocked by clk_i)
Endpoint: instr_addr_o[26] (output port clocked by clk_i)
Path Group: in2out
Path Type: max

  Delay    Time   Description
---------------------------------------------------------
   0.00    0.00   clock clk_i (rise edge)
   0.00    0.00   clock network delay (ideal)
   0.40    0.40 v input external delay
   0.00    0.40 v irq_fast_i[11] (in)
   0.05    0.46 ^ _15221_/ZN (AOI22_X1)
   0.01    0.47 v _15222_/ZN (INV_X1)
   0.08    0.55 ^ _15223_/ZN (AOI221_X1)
   0.03    0.58 v _15226_/ZN (NAND3_X1)
   0.02    0.60 ^ _15227_/ZN (INV_X1)
   0.03    0.63 v _15238_/ZN (NAND4_X1)
   0.05    0.68 v _15242_/ZN (AND3_X1)
   0.03    0.71 ^ _15243_/ZN (NAND4_X1)
   0.02    0.74 v _15244_/ZN (OAI21_X1)
   0.11    0.85 v _15405_/ZN (OR4_X1)
   0.05    0.90 v _15406_/Z (BUF_X1)
   0.05    0.95 v _15407_/Z (BUF_X1)
   0.05    0.99 v _15408_/Z (BUF_X1)
   0.05    1.04 v _15409_/Z (BUF_X1)
   0.02    1.07 ^ _15688_/ZN (NAND2_X1)
   0.02    1.09 v _15690_/ZN (OAI21_X1)
   0.08    1.17 v _15691_/Z (MUX2_X1)
   0.00    1.17 v instr_addr_o[26] (out)
           1.17   data arrival time

   4.00    4.00   clock clk_i (rise edge)
   0.00    4.00   clock network delay (ideal)
   0.00    4.00   clock reconvergence pessimism
  -1.20    2.80   output external delay
           2.80   data required time
---------------------------------------------------------
           2.80   data required time
          -1.17   data arrival time
---------------------------------------------------------
           1.63   slack (MET)


Startpoint: irq_fast_i[11] (input port clocked by clk_i)
Endpoint: instr_addr_o[28] (output port clocked by clk_i)
Path Group: in2out
Path Type: max

  Delay    Time   Description
---------------------------------------------------------
   0.00    0.00   clock clk_i (rise edge)
   0.00    0.00   clock network delay (ideal)
   0.40    0.40 v input external delay
   0.00    0.40 v irq_fast_i[11] (in)
   0.05    0.46 ^ _15221_/ZN (AOI22_X1)
   0.01    0.47 v _15222_/ZN (INV_X1)
   0.08    0.55 ^ _15223_/ZN (AOI221_X1)
   0.03    0.58 v _15226_/ZN (NAND3_X1)
   0.02    0.60 ^ _15227_/ZN (INV_X1)
   0.03    0.63 v _15238_/ZN (NAND4_X1)
   0.05    0.68 v _15242_/ZN (AND3_X1)
   0.03    0.71 ^ _15243_/ZN (NAND4_X1)
   0.02    0.74 v _15244_/ZN (OAI21_X1)
   0.18    0.92 ^ _15250_/ZN (NOR4_X1)
   0.07    0.99 ^ _15536_/Z (BUF_X1)
   0.06    1.05 ^ _15654_/Z (BUF_X1)
   0.01    1.06 v _15707_/ZN (NOR2_X1)
   0.06    1.12 ^ _15708_/ZN (AOI21_X1)
   0.05    1.17 v _15709_/ZN (OAI21_X1)
   0.00    1.17 v instr_addr_o[28] (out)
           1.17   data arrival time

   4.00    4.00   clock clk_i (rise edge)
   0.00    4.00   clock network delay (ideal)
   0.00    4.00   clock reconvergence pessimism
  -1.20    2.80   output external delay
           2.80   data required time
---------------------------------------------------------
           2.80   data required time
          -1.17   data arrival time
---------------------------------------------------------
           1.63   slack (MET)


Startpoint: irq_fast_i[11] (input port clocked by clk_i)
Endpoint: instr_addr_o[25] (output port clocked by clk_i)
Path Group: in2out
Path Type: max

  Delay    Time   Description
---------------------------------------------------------
   0.00    0.00   clock clk_i (rise edge)
   0.00    0.00   clock network delay (ideal)
   0.40    0.40 v input external delay
   0.00    0.40 v irq_fast_i[11] (in)
   0.05    0.46 ^ _15221_/ZN (AOI22_X1)
   0.01    0.47 v _15222_/ZN (INV_X1)
   0.08    0.55 ^ _15223_/ZN (AOI221_X1)
   0.03    0.58 v _15226_/ZN (NAND3_X1)
   0.02    0.60 ^ _15227_/ZN (INV_X1)
   0.03    0.63 v _15238_/ZN (NAND4_X1)
   0.05    0.68 v _15242_/ZN (AND3_X1)
   0.03    0.71 ^ _15243_/ZN (NAND4_X1)
   0.02    0.74 v _15244_/ZN (OAI21_X1)
   0.11    0.85 v _15405_/ZN (OR4_X1)
   0.05    0.90 v _15406_/Z (BUF_X1)
   0.05    0.95 v _15407_/Z (BUF_X1)
   0.05    0.99 v _15408_/Z (BUF_X1)
   0.05    1.04 v _15409_/Z (BUF_X1)
   0.05    1.09 ^ _15681_/ZN (OAI21_X1)
   0.07    1.16 ^ _15682_/Z (MUX2_X1)
   0.00    1.16 ^ instr_addr_o[25] (out)
           1.16   data arrival time

   4.00    4.00   clock clk_i (rise edge)
   0.00    4.00   clock network delay (ideal)
   0.00    4.00   clock reconvergence pessimism
  -1.20    2.80   output external delay
           2.80   data required time
---------------------------------------------------------
           2.80   data required time
          -1.16   data arrival time
---------------------------------------------------------
           1.64   slack (MET)


Startpoint: irq_fast_i[11] (input port clocked by clk_i)
Endpoint: instr_addr_o[20] (output port clocked by clk_i)
Path Group: in2out
Path Type: max

  Delay    Time   Description
---------------------------------------------------------
   0.00    0.00   clock clk_i (rise edge)
   0.00    0.00   clock network delay (ideal)
   0.40    0.40 v input external delay
   0.00    0.40 v irq_fast_i[11] (in)
   0.05    0.46 ^ _15221_/ZN (AOI22_X1)
   0.01    0.47 v _15222_/ZN (INV_X1)
   0.08    0.55 ^ _15223_/ZN (AOI221_X1)
   0.03    0.58 v _15226_/ZN (NAND3_X1)
   0.02    0.60 ^ _15227_/ZN (INV_X1)
   0.03    0.63 v _15238_/ZN (NAND4_X1)
   0.05    0.68 v _15242_/ZN (AND3_X1)
   0.03    0.71 ^ _15243_/ZN (NAND4_X1)
   0.02    0.74 v _15244_/ZN (OAI21_X1)
   0.18    0.92 ^ _15250_/ZN (NOR4_X1)
   0.07    0.99 ^ _15536_/Z (BUF_X1)
   0.03    1.02 ^ _15631_/ZN (OR2_X1)
   0.03    1.05 v _15633_/ZN (OAI21_X1)
   0.08    1.13 v _15634_/Z (MUX2_X1)
   0.00    1.13 v instr_addr_o[20] (out)
           1.13   data arrival time

   4.00    4.00   clock clk_i (rise edge)
   0.00    4.00   clock network delay (ideal)
   0.00    4.00   clock reconvergence pessimism
  -1.20    2.80   output external delay
           2.80   data required time
---------------------------------------------------------
           2.80   data required time
          -1.13   data arrival time
---------------------------------------------------------
           1.67   slack (MET)


Startpoint: irq_fast_i[11] (input port clocked by clk_i)
Endpoint: instr_addr_o[15] (output port clocked by clk_i)
Path Group: in2out
Path Type: max

  Delay    Time   Description
---------------------------------------------------------
   0.00    0.00   clock clk_i (rise edge)
   0.00    0.00   clock network delay (ideal)
   0.40    0.40 v input external delay
   0.00    0.40 v irq_fast_i[11] (in)
   0.05    0.46 ^ _15221_/ZN (AOI22_X1)
   0.01    0.47 v _15222_/ZN (INV_X1)
   0.08    0.55 ^ _15223_/ZN (AOI221_X1)
   0.03    0.58 v _15226_/ZN (NAND3_X1)
   0.02    0.60 ^ _15227_/ZN (INV_X1)
   0.03    0.63 v _15238_/ZN (NAND4_X1)
   0.05    0.68 v _15242_/ZN (AND3_X1)
   0.03    0.71 ^ _15243_/ZN (NAND4_X1)
   0.02    0.74 v _15244_/ZN (OAI21_X1)
   0.18    0.92 ^ _15250_/ZN (NOR4_X1)
   0.07    0.99 ^ _15536_/Z (BUF_X1)
   0.03    1.02 ^ _15586_/ZN (OR2_X1)
   0.03    1.05 v _15588_/ZN (OAI21_X1)
   0.08    1.13 v _15589_/Z (MUX2_X1)
   0.00    1.13 v instr_addr_o[15] (out)
           1.13   data arrival time

   4.00    4.00   clock clk_i (rise edge)
   0.00    4.00   clock network delay (ideal)
   0.00    4.00   clock reconvergence pessimism
  -1.20    2.80   output external delay
           2.80   data required time
---------------------------------------------------------
           2.80   data required time
          -1.13   data arrival time
---------------------------------------------------------
           1.67   slack (MET)


Startpoint: irq_fast_i[11] (input port clocked by clk_i)
Endpoint: instr_addr_o[10] (output port clocked by clk_i)
Path Group: in2out
Path Type: max

  Delay    Time   Description
---------------------------------------------------------
   0.00    0.00   clock clk_i (rise edge)
   0.00    0.00   clock network delay (ideal)
   0.40    0.40 v input external delay
   0.00    0.40 v irq_fast_i[11] (in)
   0.05    0.46 ^ _15221_/ZN (AOI22_X1)
   0.01    0.47 v _15222_/ZN (INV_X1)
   0.08    0.55 ^ _15223_/ZN (AOI221_X1)
   0.03    0.58 v _15226_/ZN (NAND3_X1)
   0.02    0.60 ^ _15227_/ZN (INV_X1)
   0.03    0.63 v _15238_/ZN (NAND4_X1)
   0.05    0.68 v _15242_/ZN (AND3_X1)
   0.03    0.71 ^ _15243_/ZN (NAND4_X1)
   0.02    0.74 v _15244_/ZN (OAI21_X1)
   0.18    0.92 ^ _15250_/ZN (NOR4_X1)
   0.07    0.99 ^ _15536_/Z (BUF_X1)
   0.01    1.00 v _15541_/ZN (NOR2_X1)
   0.02    1.02 ^ _15542_/ZN (INV_X1)
   0.03    1.05 v _15544_/ZN (OAI21_X1)
   0.08    1.13 v _15545_/Z (MUX2_X1)
   0.00    1.13 v instr_addr_o[10] (out)
           1.13   data arrival time

   4.00    4.00   clock clk_i (rise edge)
   0.00    4.00   clock network delay (ideal)
   0.00    4.00   clock reconvergence pessimism
  -1.20    2.80   output external delay
           2.80   data required time
---------------------------------------------------------
           2.80   data required time
          -1.13   data arrival time
---------------------------------------------------------
           1.67   slack (MET)


Startpoint: irq_fast_i[11] (input port clocked by clk_i)
Endpoint: instr_addr_o[19] (output port clocked by clk_i)
Path Group: in2out
Path Type: max

  Delay    Time   Description
---------------------------------------------------------
   0.00    0.00   clock clk_i (rise edge)
   0.00    0.00   clock network delay (ideal)
   0.40    0.40 v input external delay
   0.00    0.40 v irq_fast_i[11] (in)
   0.05    0.46 ^ _15221_/ZN (AOI22_X1)
   0.01    0.47 v _15222_/ZN (INV_X1)
   0.08    0.55 ^ _15223_/ZN (AOI221_X1)
   0.03    0.58 v _15226_/ZN (NAND3_X1)
   0.02    0.60 ^ _15227_/ZN (INV_X1)
   0.03    0.63 v _15238_/ZN (NAND4_X1)
   0.05    0.68 v _15242_/ZN (AND3_X1)
   0.03    0.71 ^ _15243_/ZN (NAND4_X1)
   0.02    0.74 v _15244_/ZN (OAI21_X1)
   0.11    0.85 v _15405_/ZN (OR4_X1)
   0.05    0.90 v _15406_/Z (BUF_X1)
   0.05    0.95 v _15407_/Z (BUF_X1)
   0.05    0.99 v _15408_/Z (BUF_X1)
   0.02    1.02 ^ _15622_/ZN (NAND2_X1)
   0.03    1.04 v _15624_/ZN (OAI21_X1)
   0.08    1.12 v _15625_/Z (MUX2_X1)
   0.00    1.12 v instr_addr_o[19] (out)
           1.12   data arrival time

   4.00    4.00   clock clk_i (rise edge)
   0.00    4.00   clock network delay (ideal)
   0.00    4.00   clock reconvergence pessimism
  -1.20    2.80   output external delay
           2.80   data required time
---------------------------------------------------------
           2.80   data required time
          -1.12   data arrival time
---------------------------------------------------------
           1.68   slack (MET)


Startpoint: irq_fast_i[11] (input port clocked by clk_i)
Endpoint: instr_addr_o[22] (output port clocked by clk_i)
Path Group: in2out
Path Type: max

  Delay    Time   Description
---------------------------------------------------------
   0.00    0.00   clock clk_i (rise edge)
   0.00    0.00   clock network delay (ideal)
   0.40    0.40 v input external delay
   0.00    0.40 v irq_fast_i[11] (in)
   0.05    0.46 ^ _15221_/ZN (AOI22_X1)
   0.01    0.47 v _15222_/ZN (INV_X1)
   0.08    0.55 ^ _15223_/ZN (AOI221_X1)
   0.03    0.58 v _15226_/ZN (NAND3_X1)
   0.02    0.60 ^ _15227_/ZN (INV_X1)
   0.03    0.63 v _15238_/ZN (NAND4_X1)
   0.05    0.68 v _15242_/ZN (AND3_X1)
   0.03    0.71 ^ _15243_/ZN (NAND4_X1)
   0.02    0.74 v _15244_/ZN (OAI21_X1)
   0.11    0.85 v _15405_/ZN (OR4_X1)
   0.05    0.90 v _15406_/Z (BUF_X1)
   0.05    0.95 v _15407_/Z (BUF_X1)
   0.05    0.99 v _15408_/Z (BUF_X1)
   0.02    1.02 ^ _15650_/ZN (NAND2_X1)
   0.02    1.04 v _15652_/ZN (OAI21_X1)
   0.08    1.12 v _15653_/Z (MUX2_X1)
   0.00    1.12 v instr_addr_o[22] (out)
           1.12   data arrival time

   4.00    4.00   clock clk_i (rise edge)
   0.00    4.00   clock network delay (ideal)
   0.00    4.00   clock reconvergence pessimism
  -1.20    2.80   output external delay
           2.80   data required time
---------------------------------------------------------
           2.80   data required time
          -1.12   data arrival time
---------------------------------------------------------
           1.68   slack (MET)


Startpoint: irq_fast_i[11] (input port clocked by clk_i)
Endpoint: instr_addr_o[14] (output port clocked by clk_i)
Path Group: in2out
Path Type: max

  Delay    Time   Description
---------------------------------------------------------
   0.00    0.00   clock clk_i (rise edge)
   0.00    0.00   clock network delay (ideal)
   0.40    0.40 v input external delay
   0.00    0.40 v irq_fast_i[11] (in)
   0.05    0.46 ^ _15221_/ZN (AOI22_X1)
   0.01    0.47 v _15222_/ZN (INV_X1)
   0.08    0.55 ^ _15223_/ZN (AOI221_X1)
   0.03    0.58 v _15226_/ZN (NAND3_X1)
   0.02    0.60 ^ _15227_/ZN (INV_X1)
   0.03    0.63 v _15238_/ZN (NAND4_X1)
   0.05    0.68 v _15242_/ZN (AND3_X1)
   0.03    0.71 ^ _15243_/ZN (NAND4_X1)
   0.02    0.74 v _15244_/ZN (OAI21_X1)
   0.18    0.92 ^ _15250_/ZN (NOR4_X1)
   0.07    0.99 ^ _15536_/Z (BUF_X1)
   0.02    1.00 v _15579_/ZN (NOR2_X1)
   0.06    1.07 ^ _15580_/ZN (AOI21_X1)
   0.05    1.11 v _15581_/ZN (OAI21_X1)
   0.00    1.11 v instr_addr_o[14] (out)
           1.11   data arrival time

   4.00    4.00   clock clk_i (rise edge)
   0.00    4.00   clock network delay (ideal)
   0.00    4.00   clock reconvergence pessimism
  -1.20    2.80   output external delay
           2.80   data required time
---------------------------------------------------------
           2.80   data required time
          -1.11   data arrival time
---------------------------------------------------------
           1.69   slack (MET)


Startpoint: irq_fast_i[11] (input port clocked by clk_i)
Endpoint: instr_addr_o[21] (output port clocked by clk_i)
Path Group: in2out
Path Type: max

  Delay    Time   Description
---------------------------------------------------------
   0.00    0.00   clock clk_i (rise edge)
   0.00    0.00   clock network delay (ideal)
   0.40    0.40 v input external delay
   0.00    0.40 v irq_fast_i[11] (in)
   0.05    0.46 ^ _15221_/ZN (AOI22_X1)
   0.01    0.47 v _15222_/ZN (INV_X1)
   0.08    0.55 ^ _15223_/ZN (AOI221_X1)
   0.03    0.58 v _15226_/ZN (NAND3_X1)
   0.02    0.60 ^ _15227_/ZN (INV_X1)
   0.03    0.63 v _15238_/ZN (NAND4_X1)
   0.05    0.68 v _15242_/ZN (AND3_X1)
   0.03    0.71 ^ _15243_/ZN (NAND4_X1)
   0.02    0.74 v _15244_/ZN (OAI21_X1)
   0.18    0.92 ^ _15250_/ZN (NOR4_X1)
   0.07    0.99 ^ _15536_/Z (BUF_X1)
   0.01    1.00 v _15642_/ZN (NOR2_X1)
   0.06    1.06 ^ _15643_/ZN (AOI21_X1)
   0.05    1.11 v _15644_/ZN (OAI21_X1)
   0.00    1.11 v instr_addr_o[21] (out)
           1.11   data arrival time

   4.00    4.00   clock clk_i (rise edge)
   0.00    4.00   clock network delay (ideal)
   0.00    4.00   clock reconvergence pessimism
  -1.20    2.80   output external delay
           2.80   data required time
---------------------------------------------------------
           2.80   data required time
          -1.11   data arrival time
---------------------------------------------------------
           1.69   slack (MET)


Startpoint: irq_fast_i[11] (input port clocked by clk_i)
Endpoint: instr_addr_o[17] (output port clocked by clk_i)
Path Group: in2out
Path Type: max

  Delay    Time   Description
---------------------------------------------------------
   0.00    0.00   clock clk_i (rise edge)
   0.00    0.00   clock network delay (ideal)
   0.40    0.40 v input external delay
   0.00    0.40 v irq_fast_i[11] (in)
   0.05    0.46 ^ _15221_/ZN (AOI22_X1)
   0.01    0.47 v _15222_/ZN (INV_X1)
   0.08    0.55 ^ _15223_/ZN (AOI221_X1)
   0.03    0.58 v _15226_/ZN (NAND3_X1)
   0.02    0.60 ^ _15227_/ZN (INV_X1)
   0.03    0.63 v _15238_/ZN (NAND4_X1)
   0.05    0.68 v _15242_/ZN (AND3_X1)
   0.03    0.71 ^ _15243_/ZN (NAND4_X1)
   0.02    0.74 v _15244_/ZN (OAI21_X1)
   0.11    0.85 v _15405_/ZN (OR4_X1)
   0.05    0.90 v _15406_/Z (BUF_X1)
   0.05    0.95 v _15407_/Z (BUF_X1)
   0.05    0.99 v _15408_/Z (BUF_X1)
   0.05    1.04 ^ _15608_/ZN (OAI21_X1)
   0.07    1.11 ^ _15609_/Z (MUX2_X1)
   0.00    1.11 ^ instr_addr_o[17] (out)
           1.11   data arrival time

   4.00    4.00   clock clk_i (rise edge)
   0.00    4.00   clock network delay (ideal)
   0.00    4.00   clock reconvergence pessimism
  -1.20    2.80   output external delay
           2.80   data required time
---------------------------------------------------------
           2.80   data required time
          -1.11   data arrival time
---------------------------------------------------------
           1.69   slack (MET)


Startpoint: irq_fast_i[11] (input port clocked by clk_i)
Endpoint: instr_addr_o[16] (output port clocked by clk_i)
Path Group: in2out
Path Type: max

  Delay    Time   Description
---------------------------------------------------------
   0.00    0.00   clock clk_i (rise edge)
   0.00    0.00   clock network delay (ideal)
   0.40    0.40 v input external delay
   0.00    0.40 v irq_fast_i[11] (in)
   0.05    0.46 ^ _15221_/ZN (AOI22_X1)
   0.01    0.47 v _15222_/ZN (INV_X1)
   0.08    0.55 ^ _15223_/ZN (AOI221_X1)
   0.03    0.58 v _15226_/ZN (NAND3_X1)
   0.02    0.60 ^ _15227_/ZN (INV_X1)
   0.03    0.63 v _15238_/ZN (NAND4_X1)
   0.05    0.68 v _15242_/ZN (AND3_X1)
   0.03    0.71 ^ _15243_/ZN (NAND4_X1)
   0.02    0.74 v _15244_/ZN (OAI21_X1)
   0.18    0.92 ^ _15250_/ZN (NOR4_X1)
   0.07    0.99 ^ _15536_/Z (BUF_X1)
   0.03    1.02 v _15597_/ZN (AOI21_X1)
   0.08    1.10 ^ _15598_/ZN (OAI21_X1)
   0.00    1.10 ^ instr_addr_o[16] (out)
           1.10   data arrival time

   4.00    4.00   clock clk_i (rise edge)
   0.00    4.00   clock network delay (ideal)
   0.00    4.00   clock reconvergence pessimism
  -1.20    2.80   output external delay
           2.80   data required time
---------------------------------------------------------
           2.80   data required time
          -1.10   data arrival time
---------------------------------------------------------
           1.70   slack (MET)


Startpoint: irq_fast_i[11] (input port clocked by clk_i)
Endpoint: instr_req_o (output port clocked by clk_i)
Path Group: in2out
Path Type: max

  Delay    Time   Description
---------------------------------------------------------
   0.00    0.00   clock clk_i (rise edge)
   0.00    0.00   clock network delay (ideal)
   0.40    0.40 v input external delay
   0.00    0.40 v irq_fast_i[11] (in)
   0.05    0.46 ^ _15221_/ZN (AOI22_X1)
   0.01    0.47 v _15222_/ZN (INV_X1)
   0.08    0.55 ^ _15223_/ZN (AOI221_X1)
   0.03    0.58 v _15226_/ZN (NAND3_X1)
   0.02    0.60 ^ _15227_/ZN (INV_X1)
   0.03    0.63 v _15238_/ZN (NAND4_X1)
   0.05    0.68 v _15242_/ZN (AND3_X1)
   0.03    0.71 ^ _15243_/ZN (NAND4_X1)
   0.02    0.74 v _15244_/ZN (OAI21_X1)
   0.18    0.92 ^ _15250_/ZN (NOR4_X1)
   0.05    0.97 v _15252_/ZN (OAI221_X1)
   0.05    1.02 v _15255_/ZN (AND4_X1)
   0.01    1.03 ^ _15256_/ZN (INV_X1)
   0.04    1.07 ^ _15257_/ZN (AND2_X1)
   0.02    1.09 v _15413_/ZN (INV_X1)
   0.00    1.09 v instr_req_o (out)
           1.09   data arrival time

   4.00    4.00   clock clk_i (rise edge)
   0.00    4.00   clock network delay (ideal)
   0.00    4.00   clock reconvergence pessimism
  -1.20    2.80   output external delay
           2.80   data required time
---------------------------------------------------------
           2.80   data required time
          -1.09   data arrival time
---------------------------------------------------------
           1.71   slack (MET)


Startpoint: irq_fast_i[11] (input port clocked by clk_i)
Endpoint: instr_addr_o[18] (output port clocked by clk_i)
Path Group: in2out
Path Type: max

  Delay    Time   Description
---------------------------------------------------------
   0.00    0.00   clock clk_i (rise edge)
   0.00    0.00   clock network delay (ideal)
   0.40    0.40 v input external delay
   0.00    0.40 v irq_fast_i[11] (in)
   0.05    0.46 ^ _15221_/ZN (AOI22_X1)
   0.01    0.47 v _15222_/ZN (INV_X1)
   0.08    0.55 ^ _15223_/ZN (AOI221_X1)
   0.03    0.58 v _15226_/ZN (NAND3_X1)
   0.02    0.60 ^ _15227_/ZN (INV_X1)
   0.03    0.63 v _15238_/ZN (NAND4_X1)
   0.05    0.68 v _15242_/ZN (AND3_X1)
   0.03    0.71 ^ _15243_/ZN (NAND4_X1)
   0.02    0.74 v _15244_/ZN (OAI21_X1)
   0.18    0.92 ^ _15250_/ZN (NOR4_X1)
   0.07    0.99 ^ _15536_/Z (BUF_X1)
   0.03    1.02 v _15616_/ZN (AOI21_X1)
   0.08    1.09 ^ _15617_/ZN (OAI21_X1)
   0.00    1.09 ^ instr_addr_o[18] (out)
           1.09   data arrival time

   4.00    4.00   clock clk_i (rise edge)
   0.00    4.00   clock network delay (ideal)
   0.00    4.00   clock reconvergence pessimism
  -1.20    2.80   output external delay
           2.80   data required time
---------------------------------------------------------
           2.80   data required time
          -1.09   data arrival time
---------------------------------------------------------
           1.71   slack (MET)


Startpoint: irq_fast_i[11] (input port clocked by clk_i)
Endpoint: instr_addr_o[12] (output port clocked by clk_i)
Path Group: in2out
Path Type: max

  Delay    Time   Description
---------------------------------------------------------
   0.00    0.00   clock clk_i (rise edge)
   0.00    0.00   clock network delay (ideal)
   0.40    0.40 v input external delay
   0.00    0.40 v irq_fast_i[11] (in)
   0.05    0.46 ^ _15221_/ZN (AOI22_X1)
   0.01    0.47 v _15222_/ZN (INV_X1)
   0.08    0.55 ^ _15223_/ZN (AOI221_X1)
   0.03    0.58 v _15226_/ZN (NAND3_X1)
   0.02    0.60 ^ _15227_/ZN (INV_X1)
   0.03    0.63 v _15238_/ZN (NAND4_X1)
   0.05    0.68 v _15242_/ZN (AND3_X1)
   0.03    0.71 ^ _15243_/ZN (NAND4_X1)
   0.02    0.74 v _15244_/ZN (OAI21_X1)
   0.11    0.85 v _15405_/ZN (OR4_X1)
   0.05    0.90 v _15406_/Z (BUF_X1)
   0.05    0.95 v _15407_/Z (BUF_X1)
   0.06    1.00 v _15562_/Z (MUX2_X1)
   0.08    1.08 v _15563_/Z (MUX2_X1)
   0.00    1.08 v instr_addr_o[12] (out)
           1.08   data arrival time

   4.00    4.00   clock clk_i (rise edge)
   0.00    4.00   clock network delay (ideal)
   0.00    4.00   clock reconvergence pessimism
  -1.20    2.80   output external delay
           2.80   data required time
---------------------------------------------------------
           2.80   data required time
          -1.08   data arrival time
---------------------------------------------------------
           1.72   slack (MET)


Startpoint: irq_fast_i[11] (input port clocked by clk_i)
Endpoint: instr_addr_o[13] (output port clocked by clk_i)
Path Group: in2out
Path Type: max

  Delay    Time   Description
---------------------------------------------------------
   0.00    0.00   clock clk_i (rise edge)
   0.00    0.00   clock network delay (ideal)
   0.40    0.40 v input external delay
   0.00    0.40 v irq_fast_i[11] (in)
   0.05    0.46 ^ _15221_/ZN (AOI22_X1)
   0.01    0.47 v _15222_/ZN (INV_X1)
   0.08    0.55 ^ _15223_/ZN (AOI221_X1)
   0.03    0.58 v _15226_/ZN (NAND3_X1)
   0.02    0.60 ^ _15227_/ZN (INV_X1)
   0.03    0.63 v _15238_/ZN (NAND4_X1)
   0.05    0.68 v _15242_/ZN (AND3_X1)
   0.03    0.71 ^ _15243_/ZN (NAND4_X1)
   0.02    0.74 v _15244_/ZN (OAI21_X1)
   0.11    0.85 v _15405_/ZN (OR4_X1)
   0.05    0.90 v _15406_/Z (BUF_X1)
   0.05    0.95 v _15407_/Z (BUF_X1)
   0.02    0.97 ^ _15569_/ZN (NAND2_X1)
   0.03    0.99 v _15571_/ZN (OAI21_X1)
   0.08    1.07 v _15572_/Z (MUX2_X1)
   0.00    1.07 v instr_addr_o[13] (out)
           1.07   data arrival time

   4.00    4.00   clock clk_i (rise edge)
   0.00    4.00   clock network delay (ideal)
   0.00    4.00   clock reconvergence pessimism
  -1.20    2.80   output external delay
           2.80   data required time
---------------------------------------------------------
           2.80   data required time
          -1.07   data arrival time
---------------------------------------------------------
           1.73   slack (MET)


Startpoint: irq_fast_i[11] (input port clocked by clk_i)
Endpoint: instr_addr_o[3] (output port clocked by clk_i)
Path Group: in2out
Path Type: max

  Delay    Time   Description
---------------------------------------------------------
   0.00    0.00   clock clk_i (rise edge)
   0.00    0.00   clock network delay (ideal)
   0.40    0.40 v input external delay
   0.00    0.40 v irq_fast_i[11] (in)
   0.05    0.46 ^ _15221_/ZN (AOI22_X1)
   0.01    0.47 v _15222_/ZN (INV_X1)
   0.08    0.55 ^ _15223_/ZN (AOI221_X1)
   0.03    0.58 v _15226_/ZN (NAND3_X1)
   0.02    0.60 ^ _15227_/ZN (INV_X1)
   0.03    0.63 v _15238_/ZN (NAND4_X1)
   0.05    0.68 v _15242_/ZN (AND3_X1)
   0.03    0.71 ^ _15243_/ZN (NAND4_X1)
   0.02    0.74 v _15244_/ZN (OAI21_X1)
   0.18    0.92 ^ _15250_/ZN (NOR4_X1)
   0.04    0.96 ^ _15469_/ZN (OR2_X1)
   0.02    0.99 v _15471_/ZN (OAI21_X1)
   0.08    1.06 v _15472_/Z (MUX2_X1)
   0.00    1.06 v instr_addr_o[3] (out)
           1.06   data arrival time

   4.00    4.00   clock clk_i (rise edge)
   0.00    4.00   clock network delay (ideal)
   0.00    4.00   clock reconvergence pessimism
  -1.20    2.80   output external delay
           2.80   data required time
---------------------------------------------------------
           2.80   data required time
          -1.06   data arrival time
---------------------------------------------------------
           1.74   slack (MET)


Startpoint: irq_fast_i[11] (input port clocked by clk_i)
Endpoint: instr_addr_o[5] (output port clocked by clk_i)
Path Group: in2out
Path Type: max

  Delay    Time   Description
---------------------------------------------------------
   0.00    0.00   clock clk_i (rise edge)
   0.00    0.00   clock network delay (ideal)
   0.40    0.40 v input external delay
   0.00    0.40 v irq_fast_i[11] (in)
   0.05    0.46 ^ _15221_/ZN (AOI22_X1)
   0.01    0.47 v _15222_/ZN (INV_X1)
   0.08    0.55 ^ _15223_/ZN (AOI221_X1)
   0.03    0.58 v _15226_/ZN (NAND3_X1)
   0.02    0.60 ^ _15227_/ZN (INV_X1)
   0.03    0.63 v _15238_/ZN (NAND4_X1)
   0.05    0.68 v _15242_/ZN (AND3_X1)
   0.03    0.71 ^ _15243_/ZN (NAND4_X1)
   0.02    0.74 v _15244_/ZN (OAI21_X1)
   0.18    0.92 ^ _15250_/ZN (NOR4_X1)
   0.03    0.95 v _15494_/ZN (AOI21_X1)
   0.07    1.02 ^ _15495_/ZN (AOI21_X1)
   0.05    1.06 v _15496_/ZN (OAI21_X1)
   0.00    1.06 v instr_addr_o[5] (out)
           1.06   data arrival time

   4.00    4.00   clock clk_i (rise edge)
   0.00    4.00   clock network delay (ideal)
   0.00    4.00   clock reconvergence pessimism
  -1.20    2.80   output external delay
           2.80   data required time
---------------------------------------------------------
           2.80   data required time
          -1.06   data arrival time
---------------------------------------------------------
           1.74   slack (MET)


Startpoint: irq_fast_i[11] (input port clocked by clk_i)
Endpoint: instr_addr_o[7] (output port clocked by clk_i)
Path Group: in2out
Path Type: max

  Delay    Time   Description
---------------------------------------------------------
   0.00    0.00   clock clk_i (rise edge)
   0.00    0.00   clock network delay (ideal)
   0.40    0.40 v input external delay
   0.00    0.40 v irq_fast_i[11] (in)
   0.05    0.46 ^ _15221_/ZN (AOI22_X1)
   0.01    0.47 v _15222_/ZN (INV_X1)
   0.08    0.55 ^ _15223_/ZN (AOI221_X1)
   0.03    0.58 v _15226_/ZN (NAND3_X1)
   0.02    0.60 ^ _15227_/ZN (INV_X1)
   0.03    0.63 v _15238_/ZN (NAND4_X1)
   0.05    0.68 v _15242_/ZN (AND3_X1)
   0.03    0.71 ^ _15243_/ZN (NAND4_X1)
   0.02    0.74 v _15244_/ZN (OAI21_X1)
   0.18    0.92 ^ _15250_/ZN (NOR4_X1)
   0.03    0.95 v _15517_/ZN (AOI21_X1)
   0.07    1.02 ^ _15518_/ZN (AOI21_X1)
   0.05    1.06 v _15519_/ZN (OAI21_X1)
   0.00    1.06 v instr_addr_o[7] (out)
           1.06   data arrival time

   4.00    4.00   clock clk_i (rise edge)
   0.00    4.00   clock network delay (ideal)
   0.00    4.00   clock reconvergence pessimism
  -1.20    2.80   output external delay
           2.80   data required time
---------------------------------------------------------
           2.80   data required time
          -1.06   data arrival time
---------------------------------------------------------
           1.74   slack (MET)


Startpoint: irq_fast_i[11] (input port clocked by clk_i)
Endpoint: instr_addr_o[11] (output port clocked by clk_i)
Path Group: in2out
Path Type: max

  Delay    Time   Description
---------------------------------------------------------
   0.00    0.00   clock clk_i (rise edge)
   0.00    0.00   clock network delay (ideal)
   0.40    0.40 v input external delay
   0.00    0.40 v irq_fast_i[11] (in)
   0.05    0.46 ^ _15221_/ZN (AOI22_X1)
   0.01    0.47 v _15222_/ZN (INV_X1)
   0.08    0.55 ^ _15223_/ZN (AOI221_X1)
   0.03    0.58 v _15226_/ZN (NAND3_X1)
   0.02    0.60 ^ _15227_/ZN (INV_X1)
   0.03    0.63 v _15238_/ZN (NAND4_X1)
   0.05    0.68 v _15242_/ZN (AND3_X1)
   0.03    0.71 ^ _15243_/ZN (NAND4_X1)
   0.02    0.74 v _15244_/ZN (OAI21_X1)
   0.11    0.85 v _15405_/ZN (OR4_X1)
   0.05    0.90 v _15406_/Z (BUF_X1)
   0.05    0.95 v _15407_/Z (BUF_X1)
   0.04    0.99 ^ _15554_/ZN (OAI21_X1)
   0.07    1.05 ^ _15555_/Z (MUX2_X1)
   0.00    1.05 ^ instr_addr_o[11] (out)
           1.05   data arrival time

   4.00    4.00   clock clk_i (rise edge)
   0.00    4.00   clock network delay (ideal)
   0.00    4.00   clock reconvergence pessimism
  -1.20    2.80   output external delay
           2.80   data required time
---------------------------------------------------------
           2.80   data required time
          -1.05   data arrival time
---------------------------------------------------------
           1.75   slack (MET)


Startpoint: irq_fast_i[11] (input port clocked by clk_i)
Endpoint: instr_addr_o[8] (output port clocked by clk_i)
Path Group: in2out
Path Type: max

  Delay    Time   Description
---------------------------------------------------------
   0.00    0.00   clock clk_i (rise edge)
   0.00    0.00   clock network delay (ideal)
   0.40    0.40 v input external delay
   0.00    0.40 v irq_fast_i[11] (in)
   0.05    0.46 ^ _15221_/ZN (AOI22_X1)
   0.01    0.47 v _15222_/ZN (INV_X1)
   0.08    0.55 ^ _15223_/ZN (AOI221_X1)
   0.03    0.58 v _15226_/ZN (NAND3_X1)
   0.02    0.60 ^ _15227_/ZN (INV_X1)
   0.03    0.63 v _15238_/ZN (NAND4_X1)
   0.05    0.68 v _15242_/ZN (AND3_X1)
   0.03    0.71 ^ _15243_/ZN (NAND4_X1)
   0.02    0.74 v _15244_/ZN (OAI21_X1)
   0.18    0.92 ^ _15250_/ZN (NOR4_X1)
   0.04    0.96 v _15528_/ZN (AOI21_X1)
   0.09    1.05 ^ _15529_/ZN (OAI21_X1)
   0.00    1.05 ^ instr_addr_o[8] (out)
           1.05   data arrival time

   4.00    4.00   clock clk_i (rise edge)
   0.00    4.00   clock network delay (ideal)
   0.00    4.00   clock reconvergence pessimism
  -1.20    2.80   output external delay
           2.80   data required time
---------------------------------------------------------
           2.80   data required time
          -1.05   data arrival time
---------------------------------------------------------
           1.75   slack (MET)


Startpoint: irq_fast_i[11] (input port clocked by clk_i)
Endpoint: instr_addr_o[6] (output port clocked by clk_i)
Path Group: in2out
Path Type: max

  Delay    Time   Description
---------------------------------------------------------
   0.00    0.00   clock clk_i (rise edge)
   0.00    0.00   clock network delay (ideal)
   0.40    0.40 v input external delay
   0.00    0.40 v irq_fast_i[11] (in)
   0.05    0.46 ^ _15221_/ZN (AOI22_X1)
   0.01    0.47 v _15222_/ZN (INV_X1)
   0.08    0.55 ^ _15223_/ZN (AOI221_X1)
   0.03    0.58 v _15226_/ZN (NAND3_X1)
   0.02    0.60 ^ _15227_/ZN (INV_X1)
   0.03    0.63 v _15238_/ZN (NAND4_X1)
   0.05    0.68 v _15242_/ZN (AND3_X1)
   0.03    0.71 ^ _15243_/ZN (NAND4_X1)
   0.02    0.74 v _15244_/ZN (OAI21_X1)
   0.11    0.85 v _15405_/ZN (OR4_X1)
   0.05    0.90 v _15406_/Z (BUF_X1)
   0.06    0.95 v _15503_/Z (MUX2_X1)
   0.08    1.03 v _15504_/Z (MUX2_X1)
   0.00    1.03 v instr_addr_o[6] (out)
           1.03   data arrival time

   4.00    4.00   clock clk_i (rise edge)
   0.00    4.00   clock network delay (ideal)
   0.00    4.00   clock reconvergence pessimism
  -1.20    2.80   output external delay
           2.80   data required time
---------------------------------------------------------
           2.80   data required time
          -1.03   data arrival time
---------------------------------------------------------
           1.77   slack (MET)


Startpoint: irq_fast_i[11] (input port clocked by clk_i)
Endpoint: instr_addr_o[9] (output port clocked by clk_i)
Path Group: in2out
Path Type: max

  Delay    Time   Description
---------------------------------------------------------
   0.00    0.00   clock clk_i (rise edge)
   0.00    0.00   clock network delay (ideal)
   0.40    0.40 v input external delay
   0.00    0.40 v irq_fast_i[11] (in)
   0.05    0.46 ^ _15221_/ZN (AOI22_X1)
   0.01    0.47 v _15222_/ZN (INV_X1)
   0.08    0.55 ^ _15223_/ZN (AOI221_X1)
   0.03    0.58 v _15226_/ZN (NAND3_X1)
   0.02    0.60 ^ _15227_/ZN (INV_X1)
   0.03    0.63 v _15238_/ZN (NAND4_X1)
   0.05    0.68 v _15242_/ZN (AND3_X1)
   0.03    0.71 ^ _15243_/ZN (NAND4_X1)
   0.02    0.74 v _15244_/ZN (OAI21_X1)
   0.11    0.85 v _15405_/ZN (OR4_X1)
   0.05    0.90 v _15406_/Z (BUF_X1)
   0.06    0.95 v _15534_/Z (MUX2_X1)
   0.08    1.03 v _15535_/Z (MUX2_X1)
   0.00    1.03 v instr_addr_o[9] (out)
           1.03   data arrival time

   4.00    4.00   clock clk_i (rise edge)
   0.00    4.00   clock network delay (ideal)
   0.00    4.00   clock reconvergence pessimism
  -1.20    2.80   output external delay
           2.80   data required time
---------------------------------------------------------
           2.80   data required time
          -1.03   data arrival time
---------------------------------------------------------
           1.77   slack (MET)


Startpoint: irq_fast_i[11] (input port clocked by clk_i)
Endpoint: instr_addr_o[2] (output port clocked by clk_i)
Path Group: in2out
Path Type: max

  Delay    Time   Description
---------------------------------------------------------
   0.00    0.00   clock clk_i (rise edge)
   0.00    0.00   clock network delay (ideal)
   0.40    0.40 v input external delay
   0.00    0.40 v irq_fast_i[11] (in)
   0.05    0.46 ^ _15221_/ZN (AOI22_X1)
   0.01    0.47 v _15222_/ZN (INV_X1)
   0.08    0.55 ^ _15223_/ZN (AOI221_X1)
   0.03    0.58 v _15226_/ZN (NAND3_X1)
   0.02    0.60 ^ _15227_/ZN (INV_X1)
   0.03    0.63 v _15238_/ZN (NAND4_X1)
   0.05    0.68 v _15242_/ZN (AND3_X1)
   0.03    0.71 ^ _15243_/ZN (NAND4_X1)
   0.02    0.74 v _15244_/ZN (OAI21_X1)
   0.11    0.85 v _15405_/ZN (OR4_X1)
   0.05    0.90 v _15406_/Z (BUF_X1)
   0.02    0.92 ^ _15453_/ZN (NAND2_X1)
   0.03    0.95 v _15455_/ZN (OAI21_X1)
   0.08    1.03 v _15457_/Z (MUX2_X1)
   0.00    1.03 v instr_addr_o[2] (out)
           1.03   data arrival time

   4.00    4.00   clock clk_i (rise edge)
   0.00    4.00   clock network delay (ideal)
   0.00    4.00   clock reconvergence pessimism
  -1.20    2.80   output external delay
           2.80   data required time
---------------------------------------------------------
           2.80   data required time
          -1.03   data arrival time
---------------------------------------------------------
           1.77   slack (MET)


Startpoint: irq_fast_i[11] (input port clocked by clk_i)
Endpoint: instr_addr_o[4] (output port clocked by clk_i)
Path Group: in2out
Path Type: max

  Delay    Time   Description
---------------------------------------------------------
   0.00    0.00   clock clk_i (rise edge)
   0.00    0.00   clock network delay (ideal)
   0.40    0.40 v input external delay
   0.00    0.40 v irq_fast_i[11] (in)
   0.05    0.46 ^ _15221_/ZN (AOI22_X1)
   0.01    0.47 v _15222_/ZN (INV_X1)
   0.08    0.55 ^ _15223_/ZN (AOI221_X1)
   0.03    0.58 v _15226_/ZN (NAND3_X1)
   0.02    0.60 ^ _15227_/ZN (INV_X1)
   0.03    0.63 v _15238_/ZN (NAND4_X1)
   0.05    0.68 v _15242_/ZN (AND3_X1)
   0.03    0.71 ^ _15243_/ZN (NAND4_X1)
   0.02    0.74 v _15244_/ZN (OAI21_X1)
   0.11    0.85 v _15405_/ZN (OR4_X1)
   0.05    0.90 v _15406_/Z (BUF_X1)
   0.02    0.92 ^ _15481_/ZN (NAND2_X1)
   0.03    0.95 v _15483_/ZN (OAI21_X1)
   0.08    1.03 v _15485_/Z (MUX2_X1)
   0.00    1.03 v instr_addr_o[4] (out)
           1.03   data arrival time

   4.00    4.00   clock clk_i (rise edge)
   0.00    4.00   clock network delay (ideal)
   0.00    4.00   clock reconvergence pessimism
  -1.20    2.80   output external delay
           2.80   data required time
---------------------------------------------------------
           2.80   data required time
          -1.03   data arrival time
---------------------------------------------------------
           1.77   slack (MET)


Startpoint: irq_fast_i[11] (input port clocked by clk_i)
Endpoint: core_sleep_o (output port clocked by clk_i)
Path Group: in2out
Path Type: max

  Delay    Time   Description
---------------------------------------------------------
   0.00    0.00   clock clk_i (rise edge)
   0.00    0.00   clock network delay (ideal)
   0.40    0.40 v input external delay
   0.00    0.40 v irq_fast_i[11] (in)
   0.05    0.46 ^ _15221_/ZN (AOI22_X1)
   0.01    0.47 v _15222_/ZN (INV_X1)
   0.08    0.55 ^ _15223_/ZN (AOI221_X1)
   0.03    0.58 v _15226_/ZN (NAND3_X1)
   0.02    0.60 ^ _15227_/ZN (INV_X1)
   0.03    0.63 v _15238_/ZN (NAND4_X1)
   0.13    0.77 ^ _15864_/ZN (NOR3_X1)
   0.00    0.77 ^ core_sleep_o (out)
           0.77   data arrival time

   4.00    4.00   clock clk_i (rise edge)
   0.00    4.00   clock network delay (ideal)
   0.00    4.00   clock reconvergence pessimism
  -0.80    3.20   output external delay
           3.20   data required time
---------------------------------------------------------
           3.20   data required time
          -0.77   data arrival time
---------------------------------------------------------
           2.43   slack (MET)


