Start Point, End Point, WNS (ns)
irq_fast_i[11],instr_addr_o[30],1.5991
irq_fast_i[11],instr_addr_o[23],1.6112
irq_fast_i[11],instr_addr_o[24],1.6168
irq_fast_i[11],instr_addr_o[29],1.6239
irq_fast_i[11],instr_addr_o[27],1.6279
irq_fast_i[11],instr_addr_o[31],1.6297
irq_fast_i[11],instr_addr_o[26],1.6301
irq_fast_i[11],instr_addr_o[28],1.6314
irq_fast_i[11],instr_addr_o[25],1.6389
irq_fast_i[11],instr_addr_o[20],1.6715
irq_fast_i[11],instr_addr_o[15],1.6718
irq_fast_i[11],instr_addr_o[10],1.6735
irq_fast_i[11],instr_addr_o[19],1.6767
irq_fast_i[11],instr_addr_o[22],1.678
irq_fast_i[11],instr_addr_o[14],1.6899
irq_fast_i[11],instr_addr_o[21],1.6907
irq_fast_i[11],instr_addr_o[17],1.693
irq_fast_i[11],instr_addr_o[16],1.704
irq_fast_i[11],instr_req_o,1.7056
irq_fast_i[11],instr_addr_o[18],1.7061
irq_fast_i[11],instr_addr_o[12],1.7212
irq_fast_i[11],instr_addr_o[13],1.726
irq_fast_i[11],instr_addr_o[3],1.735
irq_fast_i[11],instr_addr_o[5],1.7384
irq_fast_i[11],instr_addr_o[7],1.7385
irq_fast_i[11],instr_addr_o[11],1.7463
irq_fast_i[11],instr_addr_o[8],1.7538
irq_fast_i[11],instr_addr_o[6],1.7676
irq_fast_i[11],instr_addr_o[9],1.7693
irq_fast_i[11],instr_addr_o[2],1.7717
irq_fast_i[11],instr_addr_o[4],1.7743
irq_fast_i[11],core_sleep_o,2.4341
