Start Point, End Point, WNS (ns)
instr_err_i,crash_dump_o,1.6098
instr_err_i,crash_dump_o,1.6219
instr_err_i,crash_dump_o,1.6525
instr_err_i,crash_dump_o,1.6997
instr_err_i,crash_dump_o,1.71
instr_err_i,crash_dump_o,1.7578
instr_err_i,crash_dump_o,1.772
instr_err_i,crash_dump_o,1.8121
instr_err_i,crash_dump_o,1.8605
instr_err_i,crash_dump_o,1.8753
instr_err_i,crash_dump_o,1.948
instr_err_i,crash_dump_o,1.9624
instr_err_i,crash_dump_o,1.9773
instr_err_i,crash_dump_o,2.0422
instr_err_i,crash_dump_o,2.0499
irq_fast_i[11],u_ibex_core.if_stage_i.gen_prefetch_buffer.prefetch_buffer_i.fetch_addr_q,2.0521
irq_fast_i[11],u_ibex_core.if_stage_i.gen_prefetch_buffer.prefetch_buffer_i.fetch_addr_q,2.0767
irq_fast_i[11],u_ibex_core.if_stage_i.gen_prefetch_buffer.prefetch_buffer_i.fetch_addr_q,2.0952
instr_err_i,crash_dump_o,2.1024
instr_err_i,crash_dump_o,2.1127
irq_fast_i[11],u_ibex_core.if_stage_i.gen_prefetch_buffer.prefetch_buffer_i.fetch_addr_q,2.1303
instr_err_i,crash_dump_o,2.1686
instr_err_i,crash_dump_o,2.1694
irq_fast_i[11],u_ibex_core.if_stage_i.gen_prefetch_buffer.prefetch_buffer_i.fetch_addr_q,2.1711
data_err_i,u_ibex_core.if_stage_i.gen_prefetch_buffer.prefetch_buffer_i.fifo_i.err_q,2.1832
data_err_i,u_ibex_core.if_stage_i.gen_prefetch_buffer.prefetch_buffer_i.fifo_i.rdata_q,2.1832
data_err_i,u_ibex_core.if_stage_i.gen_prefetch_buffer.prefetch_buffer_i.fifo_i.rdata_q,2.1832
data_err_i,u_ibex_core.if_stage_i.gen_prefetch_buffer.prefetch_buffer_i.fifo_i.rdata_q,2.1832
data_err_i,u_ibex_core.if_stage_i.gen_prefetch_buffer.prefetch_buffer_i.fifo_i.rdata_q,2.1832
data_err_i,u_ibex_core.if_stage_i.gen_prefetch_buffer.prefetch_buffer_i.fifo_i.rdata_q,2.1832
data_err_i,u_ibex_core.if_stage_i.gen_prefetch_buffer.prefetch_buffer_i.fifo_i.rdata_q,2.1832
data_err_i,u_ibex_core.if_stage_i.gen_prefetch_buffer.prefetch_buffer_i.fifo_i.rdata_q,2.1832
data_err_i,u_ibex_core.if_stage_i.gen_prefetch_buffer.prefetch_buffer_i.fifo_i.rdata_q,2.1832
data_err_i,u_ibex_core.if_stage_i.gen_prefetch_buffer.prefetch_buffer_i.fifo_i.rdata_q,2.1832
data_err_i,u_ibex_core.if_stage_i.gen_prefetch_buffer.prefetch_buffer_i.fifo_i.err_q,2.1832
data_err_i,u_ibex_core.if_stage_i.gen_prefetch_buffer.prefetch_buffer_i.fifo_i.rdata_q,2.1832
data_err_i,u_ibex_core.if_stage_i.gen_prefetch_buffer.prefetch_buffer_i.fifo_i.rdata_q,2.1832
data_err_i,u_ibex_core.if_stage_i.gen_prefetch_buffer.prefetch_buffer_i.fifo_i.rdata_q,2.1832
data_err_i,u_ibex_core.if_stage_i.gen_prefetch_buffer.prefetch_buffer_i.fifo_i.rdata_q,2.1832
data_err_i,u_ibex_core.if_stage_i.gen_prefetch_buffer.prefetch_buffer_i.fifo_i.rdata_q,2.1832
data_err_i,u_ibex_core.if_stage_i.gen_prefetch_buffer.prefetch_buffer_i.fifo_i.rdata_q,2.1832
data_err_i,u_ibex_core.if_stage_i.gen_prefetch_buffer.prefetch_buffer_i.fifo_i.rdata_q,2.1832
data_err_i,u_ibex_core.if_stage_i.gen_prefetch_buffer.prefetch_buffer_i.fifo_i.rdata_q,2.1832
data_err_i,u_ibex_core.if_stage_i.gen_prefetch_buffer.prefetch_buffer_i.fifo_i.rdata_q,2.1832
data_err_i,u_ibex_core.if_stage_i.gen_prefetch_buffer.prefetch_buffer_i.fifo_i.rdata_q,2.1872
data_err_i,u_ibex_core.if_stage_i.gen_prefetch_buffer.prefetch_buffer_i.fifo_i.rdata_q,2.1872
data_err_i,u_ibex_core.if_stage_i.gen_prefetch_buffer.prefetch_buffer_i.fifo_i.rdata_q,2.1872
data_err_i,u_ibex_core.if_stage_i.gen_prefetch_buffer.prefetch_buffer_i.fifo_i.rdata_q,2.1872
data_err_i,u_ibex_core.if_stage_i.gen_prefetch_buffer.prefetch_buffer_i.fifo_i.rdata_q,2.1872
data_err_i,u_ibex_core.if_stage_i.gen_prefetch_buffer.prefetch_buffer_i.fifo_i.rdata_q,2.1872
data_err_i,u_ibex_core.if_stage_i.gen_prefetch_buffer.prefetch_buffer_i.fifo_i.rdata_q,2.1872
data_err_i,u_ibex_core.if_stage_i.gen_prefetch_buffer.prefetch_buffer_i.fifo_i.rdata_q,2.1872
data_err_i,u_ibex_core.if_stage_i.gen_prefetch_buffer.prefetch_buffer_i.fifo_i.rdata_q,2.1872
data_err_i,u_ibex_core.if_stage_i.gen_prefetch_buffer.prefetch_buffer_i.fifo_i.rdata_q,2.1872
data_err_i,u_ibex_core.if_stage_i.gen_prefetch_buffer.prefetch_buffer_i.fifo_i.rdata_q,2.1872
data_err_i,u_ibex_core.if_stage_i.gen_prefetch_buffer.prefetch_buffer_i.fifo_i.rdata_q,2.1872
data_err_i,u_ibex_core.if_stage_i.gen_prefetch_buffer.prefetch_buffer_i.fifo_i.rdata_q,2.1872
data_err_i,u_ibex_core.if_stage_i.gen_prefetch_buffer.prefetch_buffer_i.fifo_i.rdata_q,2.1872
data_err_i,u_ibex_core.if_stage_i.gen_prefetch_buffer.prefetch_buffer_i.fifo_i.rdata_q,2.1872
data_err_i,u_ibex_core.if_stage_i.gen_prefetch_buffer.prefetch_buffer_i.fifo_i.rdata_q,2.1872
data_err_i,u_ibex_core.if_stage_i.gen_prefetch_buffer.prefetch_buffer_i.fifo_i.rdata_q,2.1872
data_err_i,u_ibex_core.if_stage_i.gen_prefetch_buffer.prefetch_buffer_i.fifo_i.rdata_q,2.1872
data_err_i,u_ibex_core.if_stage_i.gen_prefetch_buffer.prefetch_buffer_i.fifo_i.rdata_q,2.1872
data_err_i,u_ibex_core.if_stage_i.gen_prefetch_buffer.prefetch_buffer_i.fifo_i.rdata_q,2.1872
data_err_i,u_ibex_core.if_stage_i.gen_prefetch_buffer.prefetch_buffer_i.fifo_i.rdata_q,2.1872
data_err_i,u_ibex_core.if_stage_i.gen_prefetch_buffer.prefetch_buffer_i.fifo_i.rdata_q,2.1872
data_err_i,u_ibex_core.if_stage_i.gen_prefetch_buffer.prefetch_buffer_i.fifo_i.rdata_q,2.1872
data_err_i,u_ibex_core.if_stage_i.gen_prefetch_buffer.prefetch_buffer_i.fifo_i.rdata_q,2.1872
data_err_i,u_ibex_core.if_stage_i.gen_prefetch_buffer.prefetch_buffer_i.fifo_i.rdata_q,2.1872
data_err_i,u_ibex_core.if_stage_i.gen_prefetch_buffer.prefetch_buffer_i.fifo_i.rdata_q,2.1872
data_err_i,u_ibex_core.if_stage_i.gen_prefetch_buffer.prefetch_buffer_i.fifo_i.rdata_q,2.1872
data_err_i,u_ibex_core.if_stage_i.gen_prefetch_buffer.prefetch_buffer_i.fifo_i.rdata_q,2.1872
data_err_i,u_ibex_core.if_stage_i.gen_prefetch_buffer.prefetch_buffer_i.fifo_i.rdata_q,2.1872
data_err_i,u_ibex_core.if_stage_i.gen_prefetch_buffer.prefetch_buffer_i.fifo_i.rdata_q,2.1872
data_err_i,u_ibex_core.if_stage_i.gen_prefetch_buffer.prefetch_buffer_i.fifo_i.rdata_q,2.1872
data_err_i,u_ibex_core.if_stage_i.gen_prefetch_buffer.prefetch_buffer_i.fifo_i.rdata_q,2.1872
data_err_i,u_ibex_core.if_stage_i.gen_prefetch_buffer.prefetch_buffer_i.fifo_i.rdata_q,2.1872
data_err_i,u_ibex_core.if_stage_i.gen_prefetch_buffer.prefetch_buffer_i.fifo_i.rdata_q,2.1872
data_err_i,u_ibex_core.if_stage_i.gen_prefetch_buffer.prefetch_buffer_i.fifo_i.rdata_q,2.1872
data_err_i,u_ibex_core.if_stage_i.gen_prefetch_buffer.prefetch_buffer_i.fifo_i.rdata_q,2.1872
data_err_i,u_ibex_core.if_stage_i.gen_prefetch_buffer.prefetch_buffer_i.fifo_i.rdata_q,2.1872
data_err_i,u_ibex_core.if_stage_i.gen_prefetch_buffer.prefetch_buffer_i.fifo_i.rdata_q,2.1872
data_err_i,u_ibex_core.if_stage_i.gen_prefetch_buffer.prefetch_buffer_i.fifo_i.rdata_q,2.1872
data_err_i,u_ibex_core.if_stage_i.gen_prefetch_buffer.prefetch_buffer_i.fifo_i.rdata_q,2.1872
instr_rdata_i[26],genblk3.genblk1.gen_regfile_latch.register_file_i.raddr_a_i,2.1962
instr_rdata_i[21],genblk3.genblk1.gen_regfile_latch.register_file_i.raddr_a_i,2.199
irq_fast_i[11],u_ibex_core.if_stage_i.gen_prefetch_buffer.prefetch_buffer_i.fetch_addr_q,2.2038
data_err_i,crash_dump_o,2.2044
data_err_i,crash_dump_o,2.2044
data_err_i,crash_dump_o,2.2044
data_err_i,crash_dump_o,2.2044
data_err_i,crash_dump_o,2.2044
data_err_i,crash_dump_o,2.2044
data_err_i,crash_dump_o,2.2044
data_err_i,crash_dump_o,2.2044
data_err_i,crash_dump_o,2.2044
data_err_i,crash_dump_o,2.2044
instr_rdata_i[21],genblk3.genblk1.gen_regfile_latch.register_file_i.raddr_a_i,2.2085
data_err_i,u_ibex_core.if_stage_i.gen_prefetch_buffer.prefetch_buffer_i.fifo_i.rdata_q,2.2135
data_err_i,u_ibex_core.if_stage_i.gen_prefetch_buffer.prefetch_buffer_i.fifo_i.rdata_q,2.2135
data_err_i,u_ibex_core.if_stage_i.gen_prefetch_buffer.prefetch_buffer_i.fifo_i.rdata_q,2.2135
data_err_i,u_ibex_core.if_stage_i.gen_prefetch_buffer.prefetch_buffer_i.fifo_i.rdata_q,2.2135
data_err_i,u_ibex_core.if_stage_i.gen_prefetch_buffer.prefetch_buffer_i.fifo_i.rdata_q,2.2135
data_err_i,u_ibex_core.if_stage_i.gen_prefetch_buffer.prefetch_buffer_i.fifo_i.rdata_q,2.2135
data_err_i,crash_dump_o,2.2167
data_err_i,crash_dump_o,2.2167
data_err_i,crash_dump_o,2.2167
data_err_i,crash_dump_o,2.2167
data_err_i,crash_dump_o,2.2191
data_err_i,crash_dump_o,2.2191
data_err_i,crash_dump_o,2.2191
instr_rdata_i[15],u_ibex_core.id_stage_i.controller_i.instr_i,2.2203
irq_fast_i[11],u_ibex_core.if_stage_i.gen_prefetch_buffer.prefetch_buffer_i.fetch_addr_q,2.2225
instr_rdata_i[21],u_ibex_core.id_stage_i.controller_i.instr_i,2.2241
instr_err_i,crash_dump_o,2.2261
data_err_i,u_ibex_core.id_stage_i.controller_i.instr_is_compressed_i,2.2303
data_err_i,crash_dump_o,2.2303
data_err_i,u_ibex_core.id_stage_i.controller_i.instr_compressed_i,2.2303
data_err_i,u_ibex_core.id_stage_i.controller_i.instr_i,2.2303
data_err_i,crash_dump_o,2.2303
data_err_i,crash_dump_o,2.2303
data_err_i,crash_dump_o,2.2303
data_err_i,crash_dump_o,2.2303
data_err_i,crash_dump_o,2.2303
data_err_i,crash_dump_o,2.2303
data_err_i,crash_dump_o,2.2303
data_err_i,crash_dump_o,2.2303
data_err_i,crash_dump_o,2.2303
data_err_i,crash_dump_o,2.2303
data_err_i,crash_dump_o,2.2303
data_err_i,crash_dump_o,2.2303
data_err_i,crash_dump_o,2.2303
data_err_i,u_ibex_core.id_stage_i.decoder_i.illegal_c_insn_i,2.2303
data_err_i,u_ibex_core.id_stage_i.controller_i.instr_compressed_i,2.2303
data_err_i,u_ibex_core.id_stage_i.controller_i.instr_compressed_i,2.2303
data_err_i,u_ibex_core.id_stage_i.controller_i.instr_compressed_i,2.2303
data_err_i,u_ibex_core.id_stage_i.controller_i.instr_compressed_i,2.2303
data_err_i,u_ibex_core.id_stage_i.controller_i.instr_compressed_i,2.2303
data_err_i,u_ibex_core.id_stage_i.controller_i.instr_compressed_i,2.2303
data_err_i,u_ibex_core.id_stage_i.controller_i.instr_compressed_i,2.2303
data_err_i,u_ibex_core.id_stage_i.controller_i.instr_compressed_i,2.2303
data_err_i,u_ibex_core.id_stage_i.controller_i.instr_compressed_i,2.2303
data_err_i,u_ibex_core.id_stage_i.controller_i.instr_compressed_i,2.2303
data_err_i,u_ibex_core.id_stage_i.controller_i.instr_compressed_i,2.2303
data_err_i,u_ibex_core.id_stage_i.controller_i.instr_compressed_i,2.2303
data_err_i,u_ibex_core.id_stage_i.controller_i.instr_compressed_i,2.2303
data_err_i,u_ibex_core.id_stage_i.controller_i.instr_compressed_i,2.2303
data_err_i,u_ibex_core.id_stage_i.controller_i.instr_i,2.2303
data_err_i,u_ibex_core.id_stage_i.controller_i.instr_i,2.2303
data_err_i,genblk3.genblk1.gen_regfile_latch.register_file_i.waddr_a_i,2.2303
data_err_i,genblk3.genblk1.gen_regfile_latch.register_file_i.waddr_a_i,2.2303
data_err_i,genblk3.genblk1.gen_regfile_latch.register_file_i.waddr_a_i,2.2303
data_err_i,genblk3.genblk1.gen_regfile_latch.register_file_i.raddr_a_i,2.2303
data_err_i,u_ibex_core.id_stage_i.controller_i.instr_i,2.2303
data_err_i,u_ibex_core.id_stage_i.controller_i.instr_i,2.2303
data_err_i,u_ibex_core.id_stage_i.controller_i.instr_i,2.2303
data_err_i,u_ibex_core.id_stage_i.controller_i.instr_i,2.2303
data_err_i,u_ibex_core.id_stage_i.controller_i.instr_i,2.2303
data_err_i,u_ibex_core.id_stage_i.controller_i.instr_i,2.2303
data_err_i,u_ibex_core.id_stage_i.decoder_i.instr_prev_rd_id_i,2.2303
data_err_i,u_ibex_core.id_stage_i.decoder_i.instr_prev_rd_id_i,2.2303
data_err_i,u_ibex_core.id_stage_i.decoder_i.instr_prev_rd_id_i,2.2303
instr_rdata_i[13],genblk3.genblk1.gen_regfile_latch.register_file_i.waddr_a_i,2.2306
data_err_i,crash_dump_o,2.2313
data_err_i,crash_dump_o,2.2316
data_err_i,crash_dump_o,2.2316
data_err_i,crash_dump_o,2.2316
data_err_i,crash_dump_o,2.2316
data_err_i,crash_dump_o,2.2316
data_err_i,crash_dump_o,2.2316
data_err_i,crash_dump_o,2.2316
data_err_i,u_ibex_core.id_stage_i.controller_i.instr_fetch_err_plus2_i,2.2317
data_err_i,u_ibex_core.id_stage_i.decoder_i.instr_prev_rd_id_i,2.2332
data_err_i,u_ibex_core.id_stage_i.decoder_i.instr_prev_rd_id_i,2.2332
data_err_i,crash_dump_o,2.2338
data_err_i,genblk3.genblk1.gen_regfile_latch.register_file_i.raddr_a_i,2.2378
data_err_i,u_ibex_core.id_stage_i.controller_i.instr_i,2.2381
data_err_i,crash_dump_o,2.2386
data_err_i,crash_dump_o,2.2386
data_err_i,u_ibex_core.id_stage_i.controller_i.instr_i,2.2437
data_err_i,u_ibex_core.id_stage_i.controller_i.instr_i,2.2437
data_err_i,genblk3.genblk1.gen_regfile_latch.register_file_i.waddr_a_i,2.2437
data_err_i,u_ibex_core.id_stage_i.controller_i.instr_i,2.2492
data_err_i,u_ibex_core.id_stage_i.controller_i.instr_i,2.2493
data_err_i,u_ibex_core.id_stage_i.controller_i.instr_i,2.2495
data_err_i,u_ibex_core.id_stage_i.controller_i.instr_i,2.2496
data_err_i,u_ibex_core.id_stage_i.controller_i.instr_fetch_err_i,2.25
data_err_i,u_ibex_core.id_stage_i.controller_i.instr_i,2.25
data_err_i,u_ibex_core.id_stage_i.controller_i.instr_i,2.25
data_err_i,u_ibex_core.id_stage_i.controller_i.instr_i,2.25
data_err_i,u_ibex_core.id_stage_i.controller_i.id_wb_pending,2.2519
irq_fast_i[11],u_ibex_core.if_stage_i.gen_prefetch_buffer.prefetch_buffer_i.fetch_addr_q,2.2531
data_err_i,u_ibex_core.id_stage_i.controller_i.instr_i,2.2545
data_err_i,u_ibex_core.id_stage_i.controller_i.instr_compressed_i,2.2671
data_err_i,u_ibex_core.if_stage_i.gen_prefetch_buffer.prefetch_buffer_i.fifo_i.valid_q,2.2709
data_err_i,u_ibex_core.if_stage_i.gen_prefetch_buffer.prefetch_buffer_i.fifo_busy,2.2781
irq_fast_i[11],u_ibex_core.if_stage_i.gen_prefetch_buffer.prefetch_buffer_i.fetch_addr_q,2.2833
irq_fast_i[11],u_ibex_core.if_stage_i.gen_prefetch_buffer.prefetch_buffer_i.fetch_addr_q,2.3254
data_err_i,u_ibex_core.if_stage_i.gen_prefetch_buffer.prefetch_buffer_i.fifo_busy,2.345
data_rdata_i[15],genblk3.genblk1.gen_regfile_latch.register_file_i.wdata_a_q,2.346
irq_fast_i[11],u_ibex_core.if_stage_i.gen_prefetch_buffer.prefetch_buffer_i.fetch_addr_q,2.3461
data_rdata_i[15],genblk3.genblk1.gen_regfile_latch.register_file_i.wdata_a_q,2.3502
data_rdata_i[15],genblk3.genblk1.gen_regfile_latch.register_file_i.wdata_a_q,2.3502
data_rdata_i[15],genblk3.genblk1.gen_regfile_latch.register_file_i.wdata_a_q,2.3502
data_rdata_i[15],genblk3.genblk1.gen_regfile_latch.register_file_i.wdata_a_q,2.3502
data_err_i,u_ibex_core.id_stage_i.controller_i.ctrl_fsm_cs,2.3554
data_rdata_i[15],genblk3.genblk1.gen_regfile_latch.register_file_i.wdata_a_q,2.3579
data_rdata_i[15],genblk3.genblk1.gen_regfile_latch.register_file_i.wdata_a_q,2.3581
data_rdata_i[15],genblk3.genblk1.gen_regfile_latch.register_file_i.wdata_a_q,2.3583
data_rdata_i[15],genblk3.genblk1.gen_regfile_latch.register_file_i.wdata_a_q,2.3583
data_rdata_i[15],genblk3.genblk1.gen_regfile_latch.register_file_i.wdata_a_q,2.3664
data_err_i,genblk3.genblk1.gen_regfile_latch.register_file_i.wdata_a_q,2.3795
data_err_i,genblk3.genblk1.gen_regfile_latch.register_file_i.wdata_a_q,2.38
data_err_i,genblk3.genblk1.gen_regfile_latch.register_file_i.wdata_a_q,2.3801
data_err_i,genblk3.genblk1.gen_regfile_latch.register_file_i.wdata_a_q,2.3804
data_err_i,genblk3.genblk1.gen_regfile_latch.register_file_i.wdata_a_q,2.3804
data_err_i,genblk3.genblk1.gen_regfile_latch.register_file_i.wdata_a_q,2.3804
data_err_i,genblk3.genblk1.gen_regfile_latch.register_file_i.wdata_a_q,2.3804
data_err_i,genblk3.genblk1.gen_regfile_latch.register_file_i.wdata_a_q,2.3805
irq_fast_i[11],u_ibex_core.if_stage_i.gen_prefetch_buffer.prefetch_buffer_i.fetch_addr_q,2.3866
data_err_i,u_ibex_core.id_stage_i.branch_jump_set_done_q,2.3938
data_rvalid_i,u_ibex_core.cs_registers_i.mhpmcounter[2],2.3959
data_rvalid_i,u_ibex_core.cs_registers_i.mhpmcounter[2],2.3959
data_rvalid_i,u_ibex_core.cs_registers_i.mhpmcounter[2],2.3959
data_rvalid_i,u_ibex_core.cs_registers_i.mhpmcounter[2],2.3959
data_rvalid_i,u_ibex_core.cs_registers_i.mhpmcounter[2],2.3959
data_rvalid_i,u_ibex_core.cs_registers_i.mhpmcounter[2],2.3959
data_rvalid_i,u_ibex_core.cs_registers_i.mhpmcounter[2],2.3959
data_rvalid_i,u_ibex_core.cs_registers_i.mhpmcounter[2],2.3959
data_rvalid_i,u_ibex_core.cs_registers_i.mhpmcounter[2],2.3959
data_rvalid_i,u_ibex_core.cs_registers_i.mhpmcounter[2],2.3959
data_rvalid_i,u_ibex_core.cs_registers_i.mhpmcounter[2],2.3959
data_rvalid_i,u_ibex_core.cs_registers_i.mhpmcounter[2],2.3959
data_rvalid_i,u_ibex_core.cs_registers_i.mhpmcounter[2],2.3959
data_rvalid_i,u_ibex_core.cs_registers_i.mhpmcounter[2],2.3959
data_rvalid_i,u_ibex_core.cs_registers_i.mhpmcounter[2],2.3959
data_rvalid_i,u_ibex_core.cs_registers_i.mhpmcounter[2],2.3959
data_rvalid_i,u_ibex_core.cs_registers_i.mhpmcounter[2],2.3959
data_rvalid_i,u_ibex_core.cs_registers_i.mhpmcounter[2],2.3959
data_rvalid_i,u_ibex_core.cs_registers_i.mhpmcounter[2],2.3959
data_rvalid_i,u_ibex_core.cs_registers_i.mhpmcounter[2],2.3959
data_rvalid_i,u_ibex_core.cs_registers_i.mhpmcounter[2],2.3973
data_rvalid_i,u_ibex_core.cs_registers_i.mhpmcounter[2],2.3973
data_rvalid_i,u_ibex_core.cs_registers_i.mhpmcounter[2],2.3973
data_rvalid_i,u_ibex_core.cs_registers_i.mhpmcounter[2],2.3973
data_rvalid_i,u_ibex_core.cs_registers_i.mhpmcounter[2],2.3973
data_rvalid_i,u_ibex_core.cs_registers_i.mhpmcounter[2],2.3973
data_err_i,genblk3.genblk1.gen_regfile_latch.register_file_i.wdata_a_q,2.3998
data_err_i,genblk3.genblk1.gen_regfile_latch.register_file_i.wdata_a_q,2.3998
data_rvalid_i,u_ibex_core.cs_registers_i.mhpmcounter[2],2.4001
data_rvalid_i,u_ibex_core.cs_registers_i.mhpmcounter[2],2.4001
data_rvalid_i,u_ibex_core.cs_registers_i.mhpmcounter[2],2.4001
data_rvalid_i,u_ibex_core.cs_registers_i.mhpmcounter[2],2.4001
data_rvalid_i,u_ibex_core.cs_registers_i.mhpmcounter[2],2.4001
data_rvalid_i,u_ibex_core.cs_registers_i.mhpmcounter[2],2.4001
data_rvalid_i,u_ibex_core.cs_registers_i.mhpmcounter[2],2.4001
data_rvalid_i,u_ibex_core.cs_registers_i.mhpmcounter[2],2.4001
data_rvalid_i,u_ibex_core.cs_registers_i.mhpmcounter[2],2.4001
data_rvalid_i,u_ibex_core.cs_registers_i.mhpmcounter[2],2.4001
data_rvalid_i,u_ibex_core.cs_registers_i.mhpmcounter[2],2.4001
data_rvalid_i,u_ibex_core.cs_registers_i.mhpmcounter[2],2.4001
data_rvalid_i,u_ibex_core.cs_registers_i.mhpmcounter[2],2.4001
data_rvalid_i,u_ibex_core.cs_registers_i.mhpmcounter[2],2.4001
data_rvalid_i,u_ibex_core.cs_registers_i.mhpmcounter[2],2.4001
data_rvalid_i,u_ibex_core.cs_registers_i.mhpmcounter[2],2.4001
data_rvalid_i,u_ibex_core.cs_registers_i.mhpmcounter[2],2.4001
data_rvalid_i,u_ibex_core.cs_registers_i.mhpmcounter[2],2.4001
data_rvalid_i,u_ibex_core.cs_registers_i.mhpmcounter[2],2.4001
data_rvalid_i,u_ibex_core.cs_registers_i.mhpmcounter[2],2.4001
data_rvalid_i,u_ibex_core.cs_registers_i.mhpmcounter[2],2.4011
data_rvalid_i,u_ibex_core.cs_registers_i.mhpmcounter[2],2.4011
data_rvalid_i,u_ibex_core.cs_registers_i.mhpmcounter[2],2.4011
data_rvalid_i,u_ibex_core.cs_registers_i.mhpmcounter[2],2.4011
data_rvalid_i,u_ibex_core.cs_registers_i.mhpmcounter[2],2.4011
data_rvalid_i,u_ibex_core.cs_registers_i.mhpmcounter[2],2.4011
data_rvalid_i,u_ibex_core.cs_registers_i.mhpmcounter[2],2.4011
data_gnt_i,crash_dump_o,2.404
data_gnt_i,crash_dump_o,2.404
data_gnt_i,crash_dump_o,2.404
data_gnt_i,crash_dump_o,2.404
data_gnt_i,crash_dump_o,2.404
data_gnt_i,crash_dump_o,2.404
data_gnt_i,crash_dump_o,2.404
data_gnt_i,crash_dump_o,2.404
data_gnt_i,crash_dump_o,2.404
data_gnt_i,crash_dump_o,2.404
data_gnt_i,crash_dump_o,2.404
data_gnt_i,crash_dump_o,2.404
data_gnt_i,crash_dump_o,2.404
data_gnt_i,crash_dump_o,2.404
data_gnt_i,crash_dump_o,2.404
data_gnt_i,crash_dump_o,2.404
data_gnt_i,crash_dump_o,2.404
data_gnt_i,crash_dump_o,2.404
data_gnt_i,crash_dump_o,2.404
data_gnt_i,crash_dump_o,2.404
data_gnt_i,crash_dump_o,2.4057
data_gnt_i,crash_dump_o,2.4057
data_gnt_i,crash_dump_o,2.4057
data_gnt_i,crash_dump_o,2.4057
data_gnt_i,crash_dump_o,2.4057
data_gnt_i,crash_dump_o,2.4057
data_gnt_i,crash_dump_o,2.4057
data_gnt_i,crash_dump_o,2.4057
data_err_i,genblk3.genblk1.gen_regfile_latch.register_file_i.wdata_a_q,2.406
data_err_i,genblk3.genblk1.gen_regfile_latch.register_file_i.wdata_a_q,2.406
data_err_i,genblk3.genblk1.gen_regfile_latch.register_file_i.wdata_a_q,2.4068
data_err_i,genblk3.genblk1.gen_regfile_latch.register_file_i.wdata_a_q,2.412
data_err_i,genblk3.genblk1.gen_regfile_latch.register_file_i.wdata_a_q,2.4145
data_err_i,genblk3.genblk1.gen_regfile_latch.register_file_i.wdata_a_q,2.4148
data_err_i,genblk3.genblk1.gen_regfile_latch.register_file_i.wdata_a_q,2.4151
data_err_i,genblk3.genblk1.gen_regfile_latch.register_file_i.wdata_a_q,2.4177
data_err_i,genblk3.genblk1.gen_regfile_latch.register_file_i.wdata_a_q,2.4177
data_err_i,genblk3.genblk1.gen_regfile_latch.register_file_i.wdata_a_q,2.4177
data_rdata_i[15],genblk3.genblk1.gen_regfile_latch.register_file_i.wdata_a_q,2.4181
data_rvalid_i,u_ibex_core.cs_registers_i.mhpmcounter[2],2.4207
data_rvalid_i,u_ibex_core.cs_registers_i.mhpmcounter[2],2.4207
data_rvalid_i,u_ibex_core.cs_registers_i.mhpmcounter[2],2.4207
data_rvalid_i,u_ibex_core.cs_registers_i.mhpmcounter[2],2.4207
data_rvalid_i,u_ibex_core.cs_registers_i.mhpmcounter[2],2.4264
data_rvalid_i,u_ibex_core.cs_registers_i.mhpmcounter[2],2.4264
data_rvalid_i,u_ibex_core.cs_registers_i.mhpmcounter[2],2.4264
irq_fast_i[11],u_ibex_core.if_stage_i.gen_prefetch_buffer.prefetch_buffer_i.fetch_addr_q,2.4288
data_gnt_i,crash_dump_o,2.4362
data_gnt_i,crash_dump_o,2.4373
data_rvalid_i,u_ibex_core.cs_registers_i.mhpmcounter[2],2.4424
data_rvalid_i,u_ibex_core.cs_registers_i.mhpmcounter[2],2.4424
data_err_i,genblk3.genblk1.gen_regfile_latch.register_file_i.wdata_a_q,2.4443
data_rvalid_i,u_ibex_core.cs_registers_i.mhpmcounter[2],2.4464
data_rvalid_i,u_ibex_core.cs_registers_i.mhpmcounter[2],2.4464
data_err_i,u_ibex_core.id_stage_i.controller_i.ctrl_fsm_cs,2.4477
data_err_i,u_ibex_core.id_stage_i.controller_i.ctrl_fsm_cs,2.45
data_err_i,u_ibex_core.id_stage_i.controller_i.ctrl_fsm_cs,2.4531
irq_fast_i[11],u_ibex_core.if_stage_i.gen_prefetch_buffer.prefetch_buffer_i.fetch_addr_q,2.4677
data_gnt_i,crash_dump_o,2.4902
data_gnt_i,crash_dump_o,2.4902
instr_rvalid_i,u_ibex_core.if_stage_i.gen_prefetch_buffer.prefetch_buffer_i.fifo_i.err_q,2.5
instr_rvalid_i,u_ibex_core.if_stage_i.gen_prefetch_buffer.prefetch_buffer_i.fifo_i.rdata_q,2.5
instr_rvalid_i,u_ibex_core.if_stage_i.gen_prefetch_buffer.prefetch_buffer_i.fifo_i.rdata_q,2.5
instr_rvalid_i,u_ibex_core.if_stage_i.gen_prefetch_buffer.prefetch_buffer_i.fifo_i.rdata_q,2.5
instr_rvalid_i,u_ibex_core.if_stage_i.gen_prefetch_buffer.prefetch_buffer_i.fifo_i.rdata_q,2.5
instr_rvalid_i,u_ibex_core.if_stage_i.gen_prefetch_buffer.prefetch_buffer_i.fifo_i.rdata_q,2.5
instr_rvalid_i,u_ibex_core.if_stage_i.gen_prefetch_buffer.prefetch_buffer_i.fifo_i.rdata_q,2.5
instr_rvalid_i,u_ibex_core.if_stage_i.gen_prefetch_buffer.prefetch_buffer_i.fifo_i.rdata_q,2.5
instr_rvalid_i,u_ibex_core.if_stage_i.gen_prefetch_buffer.prefetch_buffer_i.fifo_i.rdata_q,2.5
instr_rvalid_i,u_ibex_core.if_stage_i.gen_prefetch_buffer.prefetch_buffer_i.fifo_i.rdata_q,2.5
instr_rvalid_i,u_ibex_core.if_stage_i.gen_prefetch_buffer.prefetch_buffer_i.fifo_i.rdata_q,2.5
instr_rvalid_i,u_ibex_core.if_stage_i.gen_prefetch_buffer.prefetch_buffer_i.fifo_i.rdata_q,2.5
instr_rvalid_i,u_ibex_core.if_stage_i.gen_prefetch_buffer.prefetch_buffer_i.fifo_i.rdata_q,2.5
instr_rvalid_i,u_ibex_core.if_stage_i.gen_prefetch_buffer.prefetch_buffer_i.fifo_i.rdata_q,2.5
instr_rvalid_i,u_ibex_core.if_stage_i.gen_prefetch_buffer.prefetch_buffer_i.fifo_i.rdata_q,2.5
instr_rvalid_i,u_ibex_core.if_stage_i.gen_prefetch_buffer.prefetch_buffer_i.fifo_i.rdata_q,2.5
instr_rvalid_i,u_ibex_core.if_stage_i.gen_prefetch_buffer.prefetch_buffer_i.fifo_i.rdata_q,2.5
instr_rvalid_i,u_ibex_core.if_stage_i.gen_prefetch_buffer.prefetch_buffer_i.fifo_i.rdata_q,2.5
instr_rvalid_i,u_ibex_core.if_stage_i.gen_prefetch_buffer.prefetch_buffer_i.fifo_i.rdata_q,2.5
instr_rvalid_i,u_ibex_core.if_stage_i.gen_prefetch_buffer.prefetch_buffer_i.fifo_i.rdata_q,2.5
instr_rvalid_i,u_ibex_core.if_stage_i.gen_prefetch_buffer.prefetch_buffer_i.fifo_i.rdata_q,2.5
instr_rvalid_i,u_ibex_core.if_stage_i.gen_prefetch_buffer.prefetch_buffer_i.fifo_i.rdata_q,2.5
instr_rvalid_i,u_ibex_core.if_stage_i.gen_prefetch_buffer.prefetch_buffer_i.fifo_i.rdata_q,2.5
instr_rvalid_i,u_ibex_core.if_stage_i.gen_prefetch_buffer.prefetch_buffer_i.fifo_i.rdata_q,2.5
instr_rvalid_i,u_ibex_core.if_stage_i.gen_prefetch_buffer.prefetch_buffer_i.fifo_i.rdata_q,2.5
instr_rvalid_i,u_ibex_core.if_stage_i.gen_prefetch_buffer.prefetch_buffer_i.fifo_i.rdata_q,2.5
instr_rvalid_i,u_ibex_core.if_stage_i.gen_prefetch_buffer.prefetch_buffer_i.fifo_i.rdata_q,2.5
instr_rvalid_i,u_ibex_core.if_stage_i.gen_prefetch_buffer.prefetch_buffer_i.fifo_i.rdata_q,2.5
instr_rvalid_i,u_ibex_core.if_stage_i.gen_prefetch_buffer.prefetch_buffer_i.fifo_i.rdata_q,2.5
instr_rvalid_i,u_ibex_core.if_stage_i.gen_prefetch_buffer.prefetch_buffer_i.fifo_i.rdata_q,2.5
data_gnt_i,u_ibex_core.load_store_unit_i.data_type_q,2.5001
irq_fast_i[11],u_ibex_core.if_stage_i.gen_prefetch_buffer.prefetch_buffer_i.fetch_addr_q,2.5058
data_rvalid_i,u_ibex_core.load_store_unit_i.data_rdata_rsrv,2.5276
data_rvalid_i,u_ibex_core.load_store_unit_i.data_rdata_rsrv,2.5276
data_rvalid_i,u_ibex_core.load_store_unit_i.data_rdata_rsrv,2.5276
data_rvalid_i,u_ibex_core.load_store_unit_i.data_rdata_rsrv,2.5276
data_rvalid_i,u_ibex_core.load_store_unit_i.data_rdata_rsrv,2.5276
data_rvalid_i,u_ibex_core.load_store_unit_i.data_rdata_rsrv,2.5276
data_rvalid_i,u_ibex_core.load_store_unit_i.data_rdata_rsrv,2.5276
data_rvalid_i,u_ibex_core.load_store_unit_i.data_rdata_rsrv,2.5276
data_rvalid_i,u_ibex_core.load_store_unit_i.data_rdata_rsrv,2.5276
data_rvalid_i,u_ibex_core.load_store_unit_i.data_rdata_rsrv,2.5276
data_rvalid_i,u_ibex_core.load_store_unit_i.data_rdata_rsrv,2.5276
data_rvalid_i,u_ibex_core.load_store_unit_i.data_rdata_rsrv,2.5276
data_rvalid_i,u_ibex_core.load_store_unit_i.data_rdata_rsrv,2.5276
data_rvalid_i,u_ibex_core.load_store_unit_i.data_rdata_rsrv,2.5276
data_rvalid_i,u_ibex_core.load_store_unit_i.data_rdata_rsrv,2.5276
data_rvalid_i,u_ibex_core.load_store_unit_i.data_rdata_rsrv,2.5276
data_rvalid_i,u_ibex_core.load_store_unit_i.data_rdata_rsrv,2.5276
data_rvalid_i,u_ibex_core.load_store_unit_i.data_rdata_rsrv,2.5276
data_rvalid_i,u_ibex_core.load_store_unit_i.data_rdata_rsrv,2.5276
data_rvalid_i,u_ibex_core.load_store_unit_i.data_rdata_rsrv,2.5276
data_gnt_i,u_ibex_core.load_store_unit_i.data_type_q,2.5301
irq_fast_i[11],u_ibex_core.if_stage_i.gen_prefetch_buffer.prefetch_buffer_i.fetch_addr_q,2.5307
data_gnt_i,u_ibex_core.load_store_unit_i.data_we_q,2.5307
data_gnt_i,u_ibex_core.load_store_unit_i.rdata_offset_q,2.5307
data_rvalid_i,u_ibex_core.load_store_unit_i.data_rdata_rsrv,2.5324
data_rvalid_i,u_ibex_core.load_store_unit_i.data_rdata_rsrv,2.5324
data_rvalid_i,u_ibex_core.load_store_unit_i.data_rdata_rsrv,2.5324
data_rvalid_i,u_ibex_core.load_store_unit_i.lsu_lw_sw_state,2.5324
data_rvalid_i,u_ibex_core.load_store_unit_i.data_rdata_rsrv,2.5324
data_rvalid_i,u_ibex_core.load_store_unit_i.data_rdata_rsrv,2.5324
data_gnt_i,u_ibex_core.load_store_unit_i.data_sign_ext_q,2.5393
data_gnt_i,u_ibex_core.load_store_unit_i.ls_fsm_cs,2.5403
data_rvalid_i,u_ibex_core.load_store_unit_i.data_rdata_rsrv,2.5467
data_rvalid_i,u_ibex_core.load_store_unit_i.data_rdata_rsrv,2.5467
data_rvalid_i,u_ibex_core.load_store_unit_i.data_rdata_rsrv,2.5467
data_rvalid_i,u_ibex_core.load_store_unit_i.data_rdata_rsrv,2.5467
data_rvalid_i,u_ibex_core.load_store_unit_i.data_rdata_rsrv,2.5467
data_rvalid_i,u_ibex_core.load_store_unit_i.data_rdata_rsrv,2.5467
data_rvalid_i,u_ibex_core.load_store_unit_i.data_rdata_rsrv,2.5467
instr_rvalid_i,u_ibex_core.if_stage_i.gen_prefetch_buffer.prefetch_buffer_i.fifo_i.rdata_q,2.5556
instr_rvalid_i,u_ibex_core.if_stage_i.gen_prefetch_buffer.prefetch_buffer_i.fifo_i.rdata_q,2.5556
instr_rvalid_i,u_ibex_core.if_stage_i.gen_prefetch_buffer.prefetch_buffer_i.fifo_i.rdata_q,2.5556
data_gnt_i,u_ibex_core.load_store_unit_i.handle_misaligned_q,2.558
data_rvalid_i,u_ibex_core.load_store_unit_i.rdata_q,2.5607
data_rvalid_i,u_ibex_core.load_store_unit_i.rdata_q,2.5607
data_rvalid_i,u_ibex_core.load_store_unit_i.rdata_q,2.5607
data_rvalid_i,u_ibex_core.load_store_unit_i.rdata_q,2.5607
data_rvalid_i,u_ibex_core.load_store_unit_i.rdata_q,2.5607
data_rvalid_i,u_ibex_core.load_store_unit_i.rdata_q,2.5607
data_rvalid_i,u_ibex_core.load_store_unit_i.rdata_q,2.5607
data_rvalid_i,u_ibex_core.load_store_unit_i.rdata_q,2.5607
data_rvalid_i,u_ibex_core.load_store_unit_i.rdata_q,2.5607
data_rvalid_i,u_ibex_core.load_store_unit_i.rdata_q,2.5607
data_rvalid_i,u_ibex_core.load_store_unit_i.rdata_q,2.5607
data_rvalid_i,u_ibex_core.load_store_unit_i.rdata_q,2.5607
data_rvalid_i,u_ibex_core.load_store_unit_i.rdata_q,2.5607
data_rvalid_i,u_ibex_core.load_store_unit_i.rdata_q,2.5607
data_rvalid_i,u_ibex_core.load_store_unit_i.rdata_q,2.5607
data_rvalid_i,u_ibex_core.load_store_unit_i.rdata_q,2.5607
data_rvalid_i,u_ibex_core.load_store_unit_i.rdata_q,2.5607
data_rvalid_i,u_ibex_core.load_store_unit_i.rdata_q,2.5607
data_rvalid_i,u_ibex_core.load_store_unit_i.rdata_q,2.5607
data_rvalid_i,u_ibex_core.load_store_unit_i.rdata_q,2.5607
data_gnt_i,u_ibex_core.load_store_unit_i.ls_fsm_cs,2.5672
irq_fast_i[11],u_ibex_core.if_stage_i.gen_prefetch_buffer.prefetch_buffer_i.fetch_addr_q,2.5712
instr_gnt_i,u_ibex_core.if_stage_i.gen_prefetch_buffer.prefetch_buffer_i.stored_addr_q,2.5931
instr_gnt_i,u_ibex_core.if_stage_i.gen_prefetch_buffer.prefetch_buffer_i.stored_addr_q,2.5931
instr_gnt_i,u_ibex_core.if_stage_i.gen_prefetch_buffer.prefetch_buffer_i.stored_addr_q,2.5931
instr_gnt_i,u_ibex_core.if_stage_i.gen_prefetch_buffer.prefetch_buffer_i.stored_addr_q,2.5931
instr_gnt_i,u_ibex_core.if_stage_i.gen_prefetch_buffer.prefetch_buffer_i.stored_addr_q,2.5931
instr_gnt_i,u_ibex_core.if_stage_i.gen_prefetch_buffer.prefetch_buffer_i.stored_addr_q,2.5931
instr_gnt_i,u_ibex_core.if_stage_i.gen_prefetch_buffer.prefetch_buffer_i.stored_addr_q,2.5931
instr_gnt_i,u_ibex_core.if_stage_i.gen_prefetch_buffer.prefetch_buffer_i.stored_addr_q,2.5931
instr_gnt_i,u_ibex_core.if_stage_i.gen_prefetch_buffer.prefetch_buffer_i.stored_addr_q,2.5931
instr_gnt_i,u_ibex_core.if_stage_i.gen_prefetch_buffer.prefetch_buffer_i.stored_addr_q,2.5931
instr_gnt_i,u_ibex_core.if_stage_i.gen_prefetch_buffer.prefetch_buffer_i.stored_addr_q,2.5931
instr_gnt_i,u_ibex_core.if_stage_i.gen_prefetch_buffer.prefetch_buffer_i.stored_addr_q,2.5931
instr_gnt_i,u_ibex_core.if_stage_i.gen_prefetch_buffer.prefetch_buffer_i.stored_addr_q,2.5931
instr_gnt_i,u_ibex_core.if_stage_i.gen_prefetch_buffer.prefetch_buffer_i.stored_addr_q,2.5931
instr_gnt_i,u_ibex_core.if_stage_i.gen_prefetch_buffer.prefetch_buffer_i.stored_addr_q,2.5931
instr_gnt_i,u_ibex_core.if_stage_i.gen_prefetch_buffer.prefetch_buffer_i.stored_addr_q,2.5931
instr_gnt_i,u_ibex_core.if_stage_i.gen_prefetch_buffer.prefetch_buffer_i.stored_addr_q,2.5931
instr_gnt_i,u_ibex_core.if_stage_i.gen_prefetch_buffer.prefetch_buffer_i.stored_addr_q,2.5931
instr_gnt_i,u_ibex_core.if_stage_i.gen_prefetch_buffer.prefetch_buffer_i.stored_addr_q,2.5931
instr_gnt_i,u_ibex_core.if_stage_i.gen_prefetch_buffer.prefetch_buffer_i.stored_addr_q,2.5931
instr_gnt_i,u_ibex_core.if_stage_i.gen_prefetch_buffer.prefetch_buffer_i.stored_addr_q,2.5931
instr_gnt_i,u_ibex_core.if_stage_i.gen_prefetch_buffer.prefetch_buffer_i.stored_addr_q,2.5931
instr_gnt_i,u_ibex_core.if_stage_i.gen_prefetch_buffer.prefetch_buffer_i.stored_addr_q,2.5931
instr_gnt_i,u_ibex_core.if_stage_i.gen_prefetch_buffer.prefetch_buffer_i.stored_addr_q,2.5931
instr_gnt_i,u_ibex_core.if_stage_i.gen_prefetch_buffer.prefetch_buffer_i.stored_addr_q,2.5931
instr_gnt_i,u_ibex_core.if_stage_i.gen_prefetch_buffer.prefetch_buffer_i.stored_addr_q,2.5931
instr_gnt_i,u_ibex_core.if_stage_i.gen_prefetch_buffer.prefetch_buffer_i.stored_addr_q,2.5931
instr_gnt_i,u_ibex_core.if_stage_i.gen_prefetch_buffer.prefetch_buffer_i.stored_addr_q,2.5931
instr_gnt_i,u_ibex_core.if_stage_i.gen_prefetch_buffer.prefetch_buffer_i.stored_addr_q,2.5931
instr_gnt_i,u_ibex_core.if_stage_i.gen_prefetch_buffer.prefetch_buffer_i.stored_addr_q,2.5931
data_gnt_i,u_ibex_core.load_store_unit_i.ls_fsm_cs,2.5957
irq_fast_i[11],u_ibex_core.if_stage_i.gen_prefetch_buffer.prefetch_buffer_i.fetch_addr_q,2.5961
data_rvalid_i,u_ibex_core.load_store_unit_i.lsu_err_q,2.6099
irq_fast_i[11],u_ibex_core.if_stage_i.gen_prefetch_buffer.prefetch_buffer_i.fetch_addr_q,2.613
instr_gnt_i,u_ibex_core.if_stage_i.gen_prefetch_buffer.prefetch_buffer_i.branch_discard_q,2.6152
data_rvalid_i,u_ibex_core.id_stage_i.id_fsm_q,2.6183
data_rvalid_i,u_ibex_core.load_store_unit_i.rdata_q,2.6204
data_rvalid_i,u_ibex_core.load_store_unit_i.rdata_q,2.6204
data_rvalid_i,u_ibex_core.load_store_unit_i.rdata_q,2.6204
data_rvalid_i,u_ibex_core.load_store_unit_i.rdata_q,2.6204
instr_gnt_i,u_ibex_core.if_stage_i.gen_prefetch_buffer.prefetch_buffer_i.branch_discard_q,2.6235
data_gnt_i,u_ibex_core.load_store_unit_i.rdata_offset_q,2.63
data_rvalid_i,u_ibex_core.id_stage_i.controller_i.store_err_q,2.6363
data_rvalid_i,u_ibex_core.id_stage_i.controller_i.load_err_q,2.6571
instr_gnt_i,u_ibex_core.if_stage_i.gen_prefetch_buffer.prefetch_buffer_i.rdata_outstanding_q,2.659
instr_gnt_i,u_ibex_core.if_stage_i.gen_prefetch_buffer.prefetch_buffer_i.rdata_outstanding_q,2.6763
irq_fast_i[11],u_ibex_core.if_stage_i.gen_prefetch_buffer.prefetch_buffer_i.fetch_addr_q,2.6791
irq_fast_i[11],u_ibex_core.if_stage_i.gen_prefetch_buffer.prefetch_buffer_i.fetch_addr_q,2.6827
irq_fast_i[11],u_ibex_core.if_stage_i.gen_prefetch_buffer.prefetch_buffer_i.fetch_addr_q,2.6897
irq_fast_i[11],u_ibex_core.if_stage_i.gen_prefetch_buffer.prefetch_buffer_i.fetch_addr_q,2.7307
irq_fast_i[11],u_ibex_core.if_stage_i.gen_prefetch_buffer.prefetch_buffer_i.fetch_addr_q,2.7422
instr_gnt_i,u_ibex_core.if_stage_i.gen_prefetch_buffer.prefetch_buffer_i.valid_req_q,2.7432
irq_fast_i[11],u_ibex_core.if_stage_i.gen_prefetch_buffer.prefetch_buffer_i.fetch_addr_q,2.7617
irq_fast_i[11],crash_dump_o,2.7672
irq_fast_i[11],crash_dump_o,2.7674
irq_fast_i[11],crash_dump_o,2.7674
irq_fast_i[11],u_ibex_core.if_stage_i.gen_prefetch_buffer.prefetch_buffer_i.fetch_addr_q,2.7676
irq_fast_i[11],crash_dump_o,2.7691
irq_fast_i[11],crash_dump_o,2.7702
irq_fast_i[11],crash_dump_o,2.7706
irq_fast_i[11],crash_dump_o,2.7706
irq_fast_i[11],crash_dump_o,2.7706
irq_fast_i[11],crash_dump_o,2.7707
irq_fast_i[11],crash_dump_o,2.7708
irq_fast_i[11],crash_dump_o,2.7748
irq_fast_i[11],crash_dump_o,2.7748
irq_fast_i[11],crash_dump_o,2.7763
irq_fast_i[11],crash_dump_o,2.7763
irq_fast_i[11],crash_dump_o,2.7763
irq_fast_i[11],crash_dump_o,2.7763
irq_fast_i[11],u_ibex_core.if_stage_i.gen_prefetch_buffer.prefetch_buffer_i.fetch_addr_q,2.8011
irq_fast_i[11],u_ibex_core.if_stage_i.gen_prefetch_buffer.prefetch_buffer_i.fetch_addr_q,2.8063
irq_fast_i[11],u_ibex_core.cs_registers_i.mstack_d,2.8074
irq_fast_i[11],crash_dump_o,2.8095
irq_fast_i[11],crash_dump_o,2.8125
irq_fast_i[11],crash_dump_o,2.8129
irq_fast_i[11],crash_dump_o,2.8129
irq_fast_i[11],crash_dump_o,2.8129
irq_fast_i[11],crash_dump_o,2.8143
irq_fast_i[11],crash_dump_o,2.8163
irq_fast_i[11],crash_dump_o,2.8163
irq_fast_i[11],crash_dump_o,2.8163
irq_fast_i[11],u_ibex_core.cs_registers_i.mstack_d,2.8272
irq_fast_i[11],crash_dump_o,2.8381
irq_fast_i[11],crash_dump_o,2.8381
irq_fast_i[11],crash_dump_o,2.8381
irq_fast_i[11],crash_dump_o,2.8381
irq_fast_i[11],crash_dump_o,2.839
irq_fast_i[11],crash_dump_o,2.839
irq_fast_i[11],crash_dump_o,2.839
irq_fast_i[11],crash_dump_o,2.839
irq_fast_i[11],crash_dump_o,2.839
irq_fast_i[11],crash_dump_o,2.839
irq_fast_i[11],crash_dump_o,2.839
irq_fast_i[11],crash_dump_o,2.839
irq_fast_i[11],crash_dump_o,2.839
irq_fast_i[11],crash_dump_o,2.839
irq_fast_i[11],crash_dump_o,2.839
irq_fast_i[11],crash_dump_o,2.839
irq_fast_i[11],crash_dump_o,2.839
irq_fast_i[11],crash_dump_o,2.839
irq_fast_i[11],crash_dump_o,2.839
irq_fast_i[11],crash_dump_o,2.839
irq_fast_i[11],crash_dump_o,2.839
irq_fast_i[11],crash_dump_o,2.839
irq_fast_i[11],crash_dump_o,2.839
irq_fast_i[11],crash_dump_o,2.839
irq_fast_i[11],crash_dump_o,2.839
irq_fast_i[11],crash_dump_o,2.839
irq_fast_i[11],crash_dump_o,2.839
irq_fast_i[11],crash_dump_o,2.839
irq_fast_i[11],crash_dump_o,2.839
irq_fast_i[11],crash_dump_o,2.839
irq_fast_i[11],crash_dump_o,2.839
irq_fast_i[11],crash_dump_o,2.839
irq_fast_i[11],crash_dump_o,2.839
irq_fast_i[11],crash_dump_o,2.839
irq_fast_i[11],u_ibex_core.cs_registers_i.mstack_epc_q,2.8416
irq_fast_i[11],u_ibex_core.cs_registers_i.mstack_epc_q,2.8416
irq_fast_i[11],u_ibex_core.cs_registers_i.mstack_epc_q,2.8416
irq_fast_i[11],u_ibex_core.cs_registers_i.mstack_epc_q,2.8416
irq_fast_i[11],u_ibex_core.cs_registers_i.mstack_epc_q,2.8416
irq_fast_i[11],u_ibex_core.cs_registers_i.mstack_epc_q,2.8416
irq_fast_i[11],u_ibex_core.cs_registers_i.mstack_epc_q,2.8416
irq_fast_i[11],u_ibex_core.cs_registers_i.mstack_epc_q,2.8416
irq_fast_i[11],u_ibex_core.cs_registers_i.mstack_epc_q,2.8416
irq_fast_i[11],u_ibex_core.cs_registers_i.mstack_epc_q,2.8416
irq_fast_i[11],u_ibex_core.cs_registers_i.mstack_epc_q,2.8416
irq_fast_i[11],u_ibex_core.cs_registers_i.mstack_epc_q,2.8416
irq_fast_i[11],u_ibex_core.cs_registers_i.mstack_epc_q,2.8416
irq_fast_i[11],u_ibex_core.cs_registers_i.mstack_epc_q,2.8416
irq_fast_i[11],u_ibex_core.cs_registers_i.mstack_epc_q,2.8416
irq_fast_i[11],u_ibex_core.cs_registers_i.mstack_epc_q,2.8416
irq_fast_i[11],u_ibex_core.cs_registers_i.mstack_epc_q,2.8416
irq_fast_i[11],u_ibex_core.cs_registers_i.mstack_epc_q,2.8416
irq_fast_i[11],u_ibex_core.cs_registers_i.mstack_epc_q,2.8416
irq_fast_i[11],u_ibex_core.cs_registers_i.mstack_epc_q,2.8416
irq_fast_i[11],u_ibex_core.cs_registers_i.mstack_epc_q,2.8416
irq_fast_i[11],u_ibex_core.cs_registers_i.mstack_epc_q,2.8416
irq_fast_i[11],u_ibex_core.cs_registers_i.mstack_epc_q,2.8416
irq_fast_i[11],u_ibex_core.cs_registers_i.mstack_cause_q,2.8416
irq_fast_i[11],u_ibex_core.cs_registers_i.mstack_cause_q,2.8416
irq_fast_i[11],u_ibex_core.cs_registers_i.mstack_cause_q,2.8416
irq_fast_i[11],u_ibex_core.cs_registers_i.mstack_cause_q,2.8416
irq_fast_i[11],u_ibex_core.cs_registers_i.mstack_cause_q,2.8416
irq_fast_i[11],u_ibex_core.cs_registers_i.mstack_cause_q,2.8416
irq_fast_i[11],u_ibex_core.cs_registers_i.mstack_cause_q,2.8416
irq_fast_i[11],u_ibex_core.cs_registers_i.mstack_epc_q,2.8422
irq_fast_i[11],u_ibex_core.cs_registers_i.mstack_epc_q,2.8422
irq_fast_i[11],u_ibex_core.cs_registers_i.mstack_epc_q,2.8422
irq_fast_i[11],u_ibex_core.cs_registers_i.mstack_epc_q,2.8422
irq_fast_i[11],u_ibex_core.cs_registers_i.mstack_epc_q,2.8422
irq_fast_i[11],u_ibex_core.cs_registers_i.mstack_epc_q,2.8422
irq_fast_i[11],u_ibex_core.cs_registers_i.mstack_epc_q,2.8422
irq_fast_i[11],u_ibex_core.cs_registers_i.mstack_epc_q,2.8422
irq_fast_i[11],u_ibex_core.cs_registers_i.mstack_epc_q,2.8422
irq_fast_i[11],crash_dump_o,2.8433
irq_fast_i[11],u_ibex_core.if_stage_i.gen_prefetch_buffer.prefetch_buffer_i.fetch_addr_q,2.8508
irq_fast_i[11],crash_dump_o,2.8526
irq_fast_i[11],crash_dump_o,2.854
irq_fast_i[11],u_ibex_core.cs_registers_i.mcause_q,2.8618
irq_fast_i[11],u_ibex_core.cs_registers_i.mcause_q,2.8618
irq_fast_i[11],u_ibex_core.cs_registers_i.mcause_q,2.8618
irq_fast_i[11],u_ibex_core.cs_registers_i.mcause_q,2.8618
irq_fast_i[11],u_ibex_core.cs_registers_i.mcause_q,2.8618
irq_fast_i[11],u_ibex_core.cs_registers_i.mcause_q,2.8644
irq_fast_i[11],u_ibex_core.cs_registers_i.mcause_q,2.8644
irq_fast_i[11],core_busy_q,2.8691
irq_fast_i[11],u_ibex_core.cs_registers_i.mstack_d,2.8738
irq_fast_i[11],u_ibex_core.if_stage_i.gen_prefetch_buffer.prefetch_buffer_i.discard_req_q,2.8758
irq_fast_i[11],u_ibex_core.if_stage_i.gen_prefetch_buffer.prefetch_buffer_i.fetch_addr_q,2.8773
irq_fast_i[11],u_ibex_core.cs_registers_i.csr_depc_o,2.8822
irq_fast_i[11],u_ibex_core.cs_registers_i.csr_depc_o,2.8823
irq_fast_i[11],u_ibex_core.cs_registers_i.csr_depc_o,2.8824
irq_fast_i[11],u_ibex_core.cs_registers_i.csr_depc_o,2.8825
irq_fast_i[11],u_ibex_core.cs_registers_i.csr_depc_o,2.8827
irq_fast_i[11],u_ibex_core.cs_registers_i.csr_depc_o,2.8827
irq_fast_i[11],u_ibex_core.cs_registers_i.csr_depc_o,2.8827
irq_fast_i[11],u_ibex_core.cs_registers_i.cpuctrlsts_part_q,2.8839
irq_fast_i[11],u_ibex_core.cs_registers_i.csr_depc_o,2.8844
irq_fast_i[11],u_ibex_core.cs_registers_i.csr_depc_o,2.8845
irq_fast_i[11],u_ibex_core.cs_registers_i.csr_depc_o,2.8855
irq_fast_i[11],u_ibex_core.cs_registers_i.csr_depc_o,2.8855
irq_fast_i[11],u_ibex_core.cs_registers_i.csr_depc_o,2.8855
irq_fast_i[11],u_ibex_core.cs_registers_i.csr_depc_o,2.8855
irq_fast_i[11],u_ibex_core.cs_registers_i.csr_depc_o,2.8855
irq_fast_i[11],u_ibex_core.cs_registers_i.csr_depc_o,2.8855
irq_fast_i[11],u_ibex_core.cs_registers_i.csr_depc_o,2.8855
irq_fast_i[11],u_ibex_core.cs_registers_i.csr_depc_o,2.8855
irq_fast_i[11],u_ibex_core.cs_registers_i.csr_depc_o,2.8855
irq_fast_i[11],u_ibex_core.cs_registers_i.csr_depc_o,2.8855
irq_fast_i[11],u_ibex_core.cs_registers_i.csr_depc_o,2.8855
irq_fast_i[11],crash_dump_o,2.8953
irq_fast_i[11],crash_dump_o,2.8953
irq_fast_i[11],u_ibex_core.cs_registers_i.mstack_q,2.9007
irq_fast_i[11],u_ibex_core.cs_registers_i.mstack_q,2.9007
irq_fast_i[11],u_ibex_core.cs_registers_i.mstack_q,2.901
irq_fast_i[11],u_ibex_core.cs_registers_i.cpuctrlsts_part_q,2.9328
irq_fast_i[11],u_ibex_core.cs_registers_i.priv_lvl_q,2.9348
irq_fast_i[11],u_ibex_core.cs_registers_i.priv_lvl_q,2.9348
irq_fast_i[11],u_ibex_core.cs_registers_i.csr_mstatus_mie_o,2.9388
irq_fast_i[11],u_ibex_core.cs_registers_i.csr_depc_o,2.9551
irq_fast_i[11],u_ibex_core.cs_registers_i.csr_depc_o,2.9562
irq_fast_i[11],u_ibex_core.cs_registers_i.csr_depc_o,2.9572
irq_fast_i[11],u_ibex_core.cs_registers_i.csr_depc_o,2.9573
irq_fast_i[11],u_ibex_core.cs_registers_i.csr_depc_o,2.9581
irq_fast_i[11],u_ibex_core.cs_registers_i.csr_depc_o,2.9581
irq_fast_i[11],u_ibex_core.cs_registers_i.csr_depc_o,2.9592
irq_fast_i[11],u_ibex_core.cs_registers_i.csr_depc_o,2.9598
irq_fast_i[11],u_ibex_core.cs_registers_i.csr_depc_o,3.0241
irq_fast_i[11],u_ibex_core.cs_registers_i.csr_depc_o,3.0243
irq_fast_i[11],u_ibex_core.cs_registers_i.csr_depc_o,3.0244
irq_fast_i[11],u_ibex_core.cs_registers_i.nmi_mode_i,3.1492
irq_fast_i[10],u_ibex_core.cs_registers_i.mcycle_counter_i.counter,3.1554
irq_fast_i[14],u_ibex_core.cs_registers_i.mcycle_counter_i.counter,3.1588
irq_fast_i[14],u_ibex_core.cs_registers_i.mcycle_counter_i.counter,3.1739
irq_fast_i[0],u_ibex_core.cs_registers_i.mcycle_counter_i.counter,3.1757
irq_fast_i[7],u_ibex_core.cs_registers_i.mcycle_counter_i.counter,3.1921
irq_fast_i[9],u_ibex_core.cs_registers_i.mcycle_counter_i.counter,3.1973
irq_fast_i[13],u_ibex_core.cs_registers_i.mcycle_counter_i.counter,3.1978
irq_fast_i[3],u_ibex_core.cs_registers_i.mcycle_counter_i.counter,3.2023
irq_fast_i[6],u_ibex_core.cs_registers_i.mcycle_counter_i.counter,3.2065
irq_fast_i[10],u_ibex_core.cs_registers_i.mcycle_counter_i.counter,3.21
irq_fast_i[12],u_ibex_core.cs_registers_i.mcycle_counter_i.counter,3.2102
irq_fast_i[9],u_ibex_core.cs_registers_i.mcycle_counter_i.counter,3.2146
irq_fast_i[0],u_ibex_core.cs_registers_i.mcycle_counter_i.counter,3.2159
irq_fast_i[12],u_ibex_core.cs_registers_i.mcycle_counter_i.counter,3.2188
irq_fast_i[8],u_ibex_core.cs_registers_i.mcycle_counter_i.counter,3.2241
irq_fast_i[1],u_ibex_core.cs_registers_i.mcycle_counter_i.counter,3.2331
irq_fast_i[11],u_ibex_core.cs_registers_i.mcycle_counter_i.counter,3.234
irq_fast_i[8],u_ibex_core.cs_registers_i.mcycle_counter_i.counter,3.235
irq_fast_i[4],u_ibex_core.cs_registers_i.mcycle_counter_i.counter,3.2357
irq_fast_i[11],u_ibex_core.cs_registers_i.mcycle_counter_i.counter,3.2381
irq_fast_i[10],u_ibex_core.cs_registers_i.mie_q,3.24
irq_fast_i[10],u_ibex_core.cs_registers_i.dscratch1_q,3.24
irq_fast_i[10],u_ibex_core.cs_registers_i.dscratch0_q,3.24
irq_fast_i[10],u_ibex_core.cs_registers_i.mscratch_q,3.24
irq_fast_i[10],u_ibex_core.cs_registers_i.csr_mtvec_o,3.24
irq_external_i,u_ibex_core.cs_registers_i.csr_mtvec_o,3.2408
irq_external_i,u_ibex_core.cs_registers_i.mcycle_counter_i.counter,3.2432
irq_fast_i[0],u_ibex_core.cs_registers_i.mie_q,3.2446
irq_fast_i[0],u_ibex_core.cs_registers_i.dscratch1_q,3.2446
irq_fast_i[0],u_ibex_core.cs_registers_i.dscratch0_q,3.2446
irq_fast_i[0],u_ibex_core.cs_registers_i.mscratch_q,3.2446
irq_fast_i[0],u_ibex_core.cs_registers_i.csr_mtvec_o,3.2446
irq_fast_i[14],u_ibex_core.cs_registers_i.csr_mtvec_o,3.246
irq_fast_i[7],u_ibex_core.cs_registers_i.mie_q,3.2475
irq_fast_i[7],u_ibex_core.cs_registers_i.dscratch1_q,3.2475
irq_fast_i[7],u_ibex_core.cs_registers_i.dscratch0_q,3.2475
irq_fast_i[7],u_ibex_core.cs_registers_i.mscratch_q,3.2475
irq_fast_i[11],u_ibex_core.cs_registers_i.mie_q,3.2492
irq_fast_i[11],u_ibex_core.cs_registers_i.dscratch1_q,3.2492
irq_fast_i[11],u_ibex_core.cs_registers_i.dscratch0_q,3.2492
irq_fast_i[11],u_ibex_core.cs_registers_i.mscratch_q,3.2492
irq_fast_i[11],u_ibex_core.cs_registers_i.csr_mtvec_o,3.2492
irq_fast_i[14],u_ibex_core.cs_registers_i.mie_q,3.2499
irq_fast_i[14],u_ibex_core.cs_registers_i.dscratch1_q,3.2499
irq_fast_i[14],u_ibex_core.cs_registers_i.dscratch0_q,3.2499
irq_fast_i[14],u_ibex_core.cs_registers_i.mscratch_q,3.2499
irq_software_i,u_ibex_core.cs_registers_i.mcycle_counter_i.counter,3.2504
irq_fast_i[8],u_ibex_core.cs_registers_i.mie_q,3.2505
irq_fast_i[8],u_ibex_core.cs_registers_i.dscratch1_q,3.2505
irq_fast_i[8],u_ibex_core.cs_registers_i.dscratch0_q,3.2505
irq_fast_i[8],u_ibex_core.cs_registers_i.mscratch_q,3.2505
irq_fast_i[5],u_ibex_core.cs_registers_i.csr_mstatus_tw_o,3.2507
irq_fast_i[5],u_ibex_core.cs_registers_i.mie_q,3.2507
irq_fast_i[5],u_ibex_core.cs_registers_i.dscratch1_q,3.2507
irq_fast_i[5],u_ibex_core.cs_registers_i.dscratch0_q,3.2507
irq_fast_i[5],u_ibex_core.cs_registers_i.mscratch_q,3.2507
irq_fast_i[5],u_ibex_core.cs_registers_i.mcycle_counter_i.counter,3.2513
irq_fast_i[7],u_ibex_core.cs_registers_i.mcycle_counter_i.counter,3.2519
irq_timer_i,u_ibex_core.cs_registers_i.mcycle_counter_i.counter,3.2585
irq_fast_i[13],u_ibex_core.cs_registers_i.mcycle_counter_i.counter,3.259
irq_software_i,u_ibex_core.cs_registers_i.mcycle_counter_i.counter,3.2594
irq_fast_i[2],u_ibex_core.cs_registers_i.mcycle_counter_i.counter,3.2608
irq_fast_i[3],u_ibex_core.cs_registers_i.mcycle_counter_i.counter,3.2629
irq_software_i,u_ibex_core.cs_registers_i.mie_q,3.2646
irq_software_i,u_ibex_core.cs_registers_i.dscratch1_q,3.2646
irq_software_i,u_ibex_core.cs_registers_i.dscratch0_q,3.2646
irq_software_i,u_ibex_core.cs_registers_i.mscratch_q,3.2646
irq_fast_i[9],u_ibex_core.cs_registers_i.mie_q,3.2663
irq_fast_i[9],u_ibex_core.cs_registers_i.dscratch1_q,3.2663
irq_fast_i[9],u_ibex_core.cs_registers_i.dscratch0_q,3.2663
irq_fast_i[9],u_ibex_core.cs_registers_i.mscratch_q,3.2663
irq_fast_i[9],u_ibex_core.cs_registers_i.csr_mtvec_o,3.2663
irq_fast_i[6],u_ibex_core.cs_registers_i.mcycle_counter_i.counter,3.2679
irq_external_i,u_ibex_core.cs_registers_i.mcycle_counter_i.counter,3.2699
irq_timer_i,u_ibex_core.cs_registers_i.mie_q,3.2754
irq_timer_i,u_ibex_core.cs_registers_i.dscratch1_q,3.2754
irq_timer_i,u_ibex_core.cs_registers_i.dscratch0_q,3.2754
irq_timer_i,u_ibex_core.cs_registers_i.mscratch_q,3.2754
irq_fast_i[4],u_ibex_core.cs_registers_i.mie_q,3.2758
irq_fast_i[4],u_ibex_core.cs_registers_i.dscratch1_q,3.2758
irq_fast_i[4],u_ibex_core.cs_registers_i.dscratch0_q,3.2758
irq_fast_i[4],u_ibex_core.cs_registers_i.mscratch_q,3.2758
irq_fast_i[13],u_ibex_core.cs_registers_i.csr_mtvec_o,3.2782
irq_fast_i[12],u_ibex_core.cs_registers_i.mie_q,3.2802
irq_fast_i[12],u_ibex_core.cs_registers_i.dscratch1_q,3.2802
irq_fast_i[12],u_ibex_core.cs_registers_i.dscratch0_q,3.2802
irq_fast_i[12],u_ibex_core.cs_registers_i.mscratch_q,3.2802
irq_fast_i[12],u_ibex_core.cs_registers_i.csr_mtvec_o,3.2802
irq_fast_i[13],u_ibex_core.cs_registers_i.mie_q,3.2824
irq_fast_i[13],u_ibex_core.cs_registers_i.dscratch1_q,3.2824
irq_fast_i[13],u_ibex_core.cs_registers_i.dscratch0_q,3.2824
irq_fast_i[13],u_ibex_core.cs_registers_i.mscratch_q,3.2824
irq_fast_i[5],u_ibex_core.cs_registers_i.mcycle_counter_i.counter,3.2845
irq_fast_i[3],u_ibex_core.cs_registers_i.mie_q,3.287
irq_fast_i[3],u_ibex_core.cs_registers_i.dscratch1_q,3.287
irq_fast_i[3],u_ibex_core.cs_registers_i.dscratch0_q,3.287
irq_fast_i[3],u_ibex_core.cs_registers_i.mscratch_q,3.287
irq_fast_i[3],u_ibex_core.cs_registers_i.csr_mtvec_o,3.287
irq_fast_i[6],u_ibex_core.cs_registers_i.csr_mtvec_o,3.289
irq_fast_i[1],u_ibex_core.cs_registers_i.mstatus_q,3.2918
irq_fast_i[6],u_ibex_core.cs_registers_i.mie_q,3.293
irq_fast_i[6],u_ibex_core.cs_registers_i.dscratch1_q,3.293
irq_fast_i[6],u_ibex_core.cs_registers_i.dscratch0_q,3.293
irq_fast_i[6],u_ibex_core.cs_registers_i.mscratch_q,3.293
irq_fast_i[1],u_ibex_core.cs_registers_i.mcycle_counter_i.counter,3.2936
irq_fast_i[4],u_ibex_core.cs_registers_i.mcycle_counter_i.counter,3.2975
irq_external_i,u_ibex_core.cs_registers_i.mie_q,3.2986
irq_external_i,u_ibex_core.cs_registers_i.dscratch1_q,3.2986
irq_external_i,u_ibex_core.cs_registers_i.dscratch0_q,3.2986
irq_external_i,u_ibex_core.cs_registers_i.mscratch_q,3.2986
irq_fast_i[7],u_ibex_core.cs_registers_i.csr_mtvec_o,3.304
irq_fast_i[8],u_ibex_core.cs_registers_i.csr_mtvec_o,3.304
irq_timer_i,u_ibex_core.cs_registers_i.mcycle_counter_i.counter,3.3071
irq_fast_i[5],u_ibex_core.cs_registers_i.csr_mtvec_o,3.3103
irq_fast_i[1],u_ibex_core.cs_registers_i.mie_q,3.3196
irq_fast_i[1],u_ibex_core.cs_registers_i.dscratch1_q,3.3196
irq_fast_i[1],u_ibex_core.cs_registers_i.dscratch0_q,3.3196
irq_fast_i[1],u_ibex_core.cs_registers_i.mscratch_q,3.3196
irq_fast_i[1],u_ibex_core.cs_registers_i.csr_mtvec_o,3.3196
irq_fast_i[2],u_ibex_core.cs_registers_i.mcycle_counter_i.counter,3.3223
irq_fast_i[4],u_ibex_core.cs_registers_i.csr_mtvec_o,3.3341
irq_fast_i[2],u_ibex_core.cs_registers_i.csr_mtvec_o,3.3415
irq_fast_i[2],u_ibex_core.cs_registers_i.mie_q,3.3455
irq_fast_i[2],u_ibex_core.cs_registers_i.dscratch1_q,3.3455
irq_fast_i[2],u_ibex_core.cs_registers_i.dscratch0_q,3.3455
irq_fast_i[2],u_ibex_core.cs_registers_i.mscratch_q,3.3455
debug_req_i,u_ibex_core.id_stage_i.controller_i.enter_debug_mode_prio_q,3.4777
debug_req_i,u_ibex_core.cs_registers_i.debug_cause_i,3.5013
debug_req_i,u_ibex_core.cs_registers_i.debug_cause_i,3.512
debug_req_i,u_ibex_core.cs_registers_i.debug_cause_i,3.5201
hart_id_i[2],u_ibex_core.cs_registers_i.mcycle_counter_i.counter,3.5558
hart_id_i[1],u_ibex_core.cs_registers_i.mcycle_counter_i.counter,3.559
hart_id_i[2],u_ibex_core.cs_registers_i.mcycle_counter_i.counter,3.565
hart_id_i[31],u_ibex_core.cs_registers_i.mcycle_counter_i.counter,3.5657
hart_id_i[6],u_ibex_core.cs_registers_i.mcycle_counter_i.counter,3.5731
hart_id_i[0],u_ibex_core.cs_registers_i.mcycle_counter_i.counter,3.5819
hart_id_i[4],u_ibex_core.cs_registers_i.mcycle_counter_i.counter,3.5844
hart_id_i[15],u_ibex_core.cs_registers_i.mcycle_counter_i.counter,3.5946
hart_id_i[12],u_ibex_core.cs_registers_i.csr_mtvec_o,3.596
hart_id_i[31],u_ibex_core.cs_registers_i.mcycle_counter_i.counter,3.5969
hart_id_i[8],u_ibex_core.cs_registers_i.csr_mtvec_o,3.5989
hart_id_i[13],u_ibex_core.cs_registers_i.mcycle_counter_i.counter,3.6038
hart_id_i[12],u_ibex_core.cs_registers_i.mcycle_counter_i.counter,3.6052
hart_id_i[8],u_ibex_core.cs_registers_i.mcycle_counter_i.counter,3.6087
hart_id_i[2],u_ibex_core.cs_registers_i.mcountinhibit,3.6103
hart_id_i[2],u_ibex_core.cs_registers_i.debug_single_step_o,3.6106
hart_id_i[2],u_ibex_core.cs_registers_i.dscratch1_q,3.6106
hart_id_i[2],u_ibex_core.cs_registers_i.dscratch0_q,3.6106
hart_id_i[2],u_ibex_core.cs_registers_i.mscratch_q,3.6106
hart_id_i[4],u_ibex_core.cs_registers_i.mcycle_counter_i.counter,3.6106
hart_id_i[5],u_ibex_core.cs_registers_i.mcycle_counter_i.counter,3.6136
hart_id_i[1],u_ibex_core.cs_registers_i.dscratch1_q,3.6144
hart_id_i[1],u_ibex_core.cs_registers_i.dscratch0_q,3.6144
hart_id_i[1],u_ibex_core.cs_registers_i.mscratch_q,3.6144
hart_id_i[1],u_ibex_core.cs_registers_i.dcsr_q,3.6212
hart_id_i[1],u_ibex_core.cs_registers_i.dcsr_q,3.6218
hart_id_i[12],u_ibex_core.cs_registers_i.mcycle_counter_i.counter,3.6234
hart_id_i[9],u_ibex_core.cs_registers_i.mcycle_counter_i.counter,3.6238
hart_id_i[10],u_ibex_core.cs_registers_i.csr_mtvec_o,3.625
hart_id_i[10],u_ibex_core.cs_registers_i.mcycle_counter_i.counter,3.6274
hart_id_i[13],u_ibex_core.cs_registers_i.mcycle_counter_i.counter,3.6277
hart_id_i[9],u_ibex_core.cs_registers_i.mcycle_counter_i.counter,3.6282
hart_id_i[6],u_ibex_core.cs_registers_i.dscratch1_q,3.6286
hart_id_i[6],u_ibex_core.cs_registers_i.dscratch0_q,3.6286
hart_id_i[6],u_ibex_core.cs_registers_i.mscratch_q,3.6286
hart_id_i[13],u_ibex_core.cs_registers_i.csr_mtvec_o,3.6287
hart_id_i[9],u_ibex_core.cs_registers_i.csr_mtvec_o,3.6314
hart_id_i[13],u_ibex_core.cs_registers_i.dscratch1_q,3.6325
hart_id_i[13],u_ibex_core.cs_registers_i.dscratch0_q,3.6325
hart_id_i[13],u_ibex_core.cs_registers_i.mscratch_q,3.6325
hart_id_i[15],u_ibex_core.cs_registers_i.mcycle_counter_i.counter,3.6348
hart_id_i[6],u_ibex_core.cs_registers_i.mcycle_counter_i.counter,3.6352
hart_id_i[14],u_ibex_core.cs_registers_i.mcycle_counter_i.counter,3.6359
hart_id_i[13],u_ibex_core.cs_registers_i.dcsr_q,3.6367
hart_id_i[0],u_ibex_core.cs_registers_i.mcountinhibit,3.6374
hart_id_i[0],u_ibex_core.cs_registers_i.dscratch1_q,3.6377
hart_id_i[0],u_ibex_core.cs_registers_i.dscratch0_q,3.6377
hart_id_i[0],u_ibex_core.cs_registers_i.mscratch_q,3.6377
hart_id_i[1],u_ibex_core.cs_registers_i.mcycle_counter_i.counter,3.6396
hart_id_i[31],u_ibex_core.cs_registers_i.dscratch1_q,3.6397
hart_id_i[31],u_ibex_core.cs_registers_i.dscratch0_q,3.6397
hart_id_i[31],u_ibex_core.cs_registers_i.mscratch_q,3.6397
hart_id_i[31],u_ibex_core.cs_registers_i.csr_mtvec_o,3.6397
hart_id_i[8],u_ibex_core.cs_registers_i.dscratch1_q,3.6403
hart_id_i[8],u_ibex_core.cs_registers_i.dscratch0_q,3.6403
hart_id_i[8],u_ibex_core.cs_registers_i.mscratch_q,3.6403
hart_id_i[5],u_ibex_core.cs_registers_i.mcycle_counter_i.counter,3.6445
hart_id_i[12],u_ibex_core.cs_registers_i.dscratch1_q,3.6541
hart_id_i[12],u_ibex_core.cs_registers_i.dscratch0_q,3.6541
hart_id_i[12],u_ibex_core.cs_registers_i.mscratch_q,3.6541
hart_id_i[10],u_ibex_core.cs_registers_i.mcycle_counter_i.counter,3.6542
hart_id_i[4],u_ibex_core.cs_registers_i.dscratch1_q,3.6547
hart_id_i[4],u_ibex_core.cs_registers_i.dscratch0_q,3.6547
hart_id_i[4],u_ibex_core.cs_registers_i.mscratch_q,3.6547
hart_id_i[8],u_ibex_core.cs_registers_i.mcycle_counter_i.counter,3.6571
hart_id_i[12],u_ibex_core.cs_registers_i.debug_ebreaku_o,3.6578
hart_id_i[14],u_ibex_core.cs_registers_i.mcycle_counter_i.counter,3.6609
hart_id_i[0],u_ibex_core.cs_registers_i.mcycle_counter_i.counter,3.6631
hart_id_i[15],u_ibex_core.cs_registers_i.dscratch1_q,3.6635
hart_id_i[15],u_ibex_core.cs_registers_i.dscratch0_q,3.6635
hart_id_i[15],u_ibex_core.cs_registers_i.mscratch_q,3.6635
hart_id_i[15],u_ibex_core.cs_registers_i.csr_mtvec_o,3.6635
hart_id_i[15],u_ibex_core.cs_registers_i.debug_ebreakm_o,3.6677
hart_id_i[10],u_ibex_core.cs_registers_i.dscratch1_q,3.6829
hart_id_i[10],u_ibex_core.cs_registers_i.dscratch0_q,3.6829
hart_id_i[10],u_ibex_core.cs_registers_i.mscratch_q,3.6829
hart_id_i[5],u_ibex_core.cs_registers_i.dscratch1_q,3.6836
hart_id_i[5],u_ibex_core.cs_registers_i.dscratch0_q,3.6836
hart_id_i[5],u_ibex_core.cs_registers_i.mscratch_q,3.6836
hart_id_i[14],u_ibex_core.cs_registers_i.csr_mtvec_o,3.6859
hart_id_i[9],u_ibex_core.cs_registers_i.dscratch1_q,3.6867
hart_id_i[9],u_ibex_core.cs_registers_i.dscratch0_q,3.6867
hart_id_i[9],u_ibex_core.cs_registers_i.mscratch_q,3.6867
hart_id_i[14],u_ibex_core.cs_registers_i.dscratch1_q,3.69
hart_id_i[14],u_ibex_core.cs_registers_i.dscratch0_q,3.69
hart_id_i[14],u_ibex_core.cs_registers_i.mscratch_q,3.69
