Start Point, End Point, WNS (ns)
u_ibex_core.id_stage_i.controller_i.instr_i,u_ibex_core.if_stage_i.gen_prefetch_buffer.prefetch_buffer_i.fifo_i.err_q,1.4063
u_ibex_core.id_stage_i.controller_i.instr_i,u_ibex_core.if_stage_i.gen_prefetch_buffer.prefetch_buffer_i.fifo_i.rdata_q,1.4063
u_ibex_core.id_stage_i.controller_i.instr_i,u_ibex_core.if_stage_i.gen_prefetch_buffer.prefetch_buffer_i.fifo_i.rdata_q,1.4063
u_ibex_core.id_stage_i.controller_i.instr_i,u_ibex_core.if_stage_i.gen_prefetch_buffer.prefetch_buffer_i.fifo_i.rdata_q,1.4063
u_ibex_core.id_stage_i.controller_i.instr_i,u_ibex_core.if_stage_i.gen_prefetch_buffer.prefetch_buffer_i.fifo_i.rdata_q,1.4063
u_ibex_core.id_stage_i.controller_i.instr_i,u_ibex_core.if_stage_i.gen_prefetch_buffer.prefetch_buffer_i.fifo_i.rdata_q,1.4063
u_ibex_core.id_stage_i.controller_i.instr_i,u_ibex_core.if_stage_i.gen_prefetch_buffer.prefetch_buffer_i.fifo_i.rdata_q,1.4063
u_ibex_core.id_stage_i.controller_i.instr_i,u_ibex_core.if_stage_i.gen_prefetch_buffer.prefetch_buffer_i.fifo_i.rdata_q,1.4063
u_ibex_core.id_stage_i.controller_i.instr_i,u_ibex_core.if_stage_i.gen_prefetch_buffer.prefetch_buffer_i.fifo_i.rdata_q,1.4063
u_ibex_core.id_stage_i.controller_i.instr_i,u_ibex_core.if_stage_i.gen_prefetch_buffer.prefetch_buffer_i.fifo_i.rdata_q,1.4063
u_ibex_core.id_stage_i.controller_i.instr_i,u_ibex_core.if_stage_i.gen_prefetch_buffer.prefetch_buffer_i.fifo_i.err_q,1.4063
u_ibex_core.id_stage_i.controller_i.instr_i,u_ibex_core.if_stage_i.gen_prefetch_buffer.prefetch_buffer_i.fifo_i.rdata_q,1.4063
u_ibex_core.id_stage_i.controller_i.instr_i,u_ibex_core.if_stage_i.gen_prefetch_buffer.prefetch_buffer_i.fifo_i.rdata_q,1.4063
u_ibex_core.id_stage_i.controller_i.instr_i,u_ibex_core.if_stage_i.gen_prefetch_buffer.prefetch_buffer_i.fifo_i.rdata_q,1.4063
u_ibex_core.id_stage_i.controller_i.instr_i,u_ibex_core.if_stage_i.gen_prefetch_buffer.prefetch_buffer_i.fifo_i.rdata_q,1.4063
u_ibex_core.id_stage_i.controller_i.instr_i,u_ibex_core.if_stage_i.gen_prefetch_buffer.prefetch_buffer_i.fifo_i.rdata_q,1.4063
u_ibex_core.id_stage_i.controller_i.instr_i,u_ibex_core.if_stage_i.gen_prefetch_buffer.prefetch_buffer_i.fifo_i.rdata_q,1.4063
u_ibex_core.id_stage_i.controller_i.instr_i,u_ibex_core.if_stage_i.gen_prefetch_buffer.prefetch_buffer_i.fifo_i.rdata_q,1.4063
u_ibex_core.id_stage_i.controller_i.instr_i,u_ibex_core.if_stage_i.gen_prefetch_buffer.prefetch_buffer_i.fifo_i.rdata_q,1.4063
u_ibex_core.id_stage_i.controller_i.instr_i,u_ibex_core.if_stage_i.gen_prefetch_buffer.prefetch_buffer_i.fifo_i.rdata_q,1.4063
u_ibex_core.id_stage_i.controller_i.instr_i,u_ibex_core.if_stage_i.gen_prefetch_buffer.prefetch_buffer_i.fifo_i.rdata_q,1.4103
u_ibex_core.id_stage_i.controller_i.instr_i,u_ibex_core.if_stage_i.gen_prefetch_buffer.prefetch_buffer_i.fifo_i.rdata_q,1.4103
u_ibex_core.id_stage_i.controller_i.instr_i,u_ibex_core.if_stage_i.gen_prefetch_buffer.prefetch_buffer_i.fifo_i.rdata_q,1.4103
u_ibex_core.id_stage_i.controller_i.instr_i,u_ibex_core.if_stage_i.gen_prefetch_buffer.prefetch_buffer_i.fifo_i.rdata_q,1.4103
u_ibex_core.id_stage_i.controller_i.instr_i,u_ibex_core.if_stage_i.gen_prefetch_buffer.prefetch_buffer_i.fifo_i.rdata_q,1.4103
u_ibex_core.id_stage_i.controller_i.instr_i,u_ibex_core.if_stage_i.gen_prefetch_buffer.prefetch_buffer_i.fifo_i.rdata_q,1.4103
u_ibex_core.id_stage_i.controller_i.instr_i,u_ibex_core.if_stage_i.gen_prefetch_buffer.prefetch_buffer_i.fifo_i.rdata_q,1.4103
u_ibex_core.id_stage_i.controller_i.instr_i,u_ibex_core.if_stage_i.gen_prefetch_buffer.prefetch_buffer_i.fifo_i.rdata_q,1.4103
u_ibex_core.id_stage_i.controller_i.instr_i,u_ibex_core.if_stage_i.gen_prefetch_buffer.prefetch_buffer_i.fifo_i.rdata_q,1.4103
u_ibex_core.id_stage_i.controller_i.instr_i,u_ibex_core.if_stage_i.gen_prefetch_buffer.prefetch_buffer_i.fifo_i.rdata_q,1.4103
u_ibex_core.id_stage_i.controller_i.instr_i,u_ibex_core.if_stage_i.gen_prefetch_buffer.prefetch_buffer_i.fifo_i.rdata_q,1.4103
u_ibex_core.id_stage_i.controller_i.instr_i,u_ibex_core.if_stage_i.gen_prefetch_buffer.prefetch_buffer_i.fifo_i.rdata_q,1.4103
u_ibex_core.id_stage_i.controller_i.instr_i,u_ibex_core.if_stage_i.gen_prefetch_buffer.prefetch_buffer_i.fifo_i.rdata_q,1.4103
u_ibex_core.id_stage_i.controller_i.instr_i,u_ibex_core.if_stage_i.gen_prefetch_buffer.prefetch_buffer_i.fifo_i.rdata_q,1.4103
u_ibex_core.id_stage_i.controller_i.instr_i,u_ibex_core.if_stage_i.gen_prefetch_buffer.prefetch_buffer_i.fifo_i.rdata_q,1.4103
u_ibex_core.id_stage_i.controller_i.instr_i,u_ibex_core.if_stage_i.gen_prefetch_buffer.prefetch_buffer_i.fifo_i.rdata_q,1.4103
u_ibex_core.id_stage_i.controller_i.instr_i,u_ibex_core.if_stage_i.gen_prefetch_buffer.prefetch_buffer_i.fifo_i.rdata_q,1.4103
u_ibex_core.id_stage_i.controller_i.instr_i,u_ibex_core.if_stage_i.gen_prefetch_buffer.prefetch_buffer_i.fifo_i.rdata_q,1.4103
u_ibex_core.id_stage_i.controller_i.instr_i,u_ibex_core.if_stage_i.gen_prefetch_buffer.prefetch_buffer_i.fifo_i.rdata_q,1.4103
u_ibex_core.id_stage_i.controller_i.instr_i,u_ibex_core.if_stage_i.gen_prefetch_buffer.prefetch_buffer_i.fifo_i.rdata_q,1.4103
u_ibex_core.id_stage_i.controller_i.instr_i,u_ibex_core.if_stage_i.gen_prefetch_buffer.prefetch_buffer_i.fifo_i.rdata_q,1.4103
u_ibex_core.id_stage_i.controller_i.instr_i,u_ibex_core.if_stage_i.gen_prefetch_buffer.prefetch_buffer_i.fifo_i.rdata_q,1.4103
u_ibex_core.id_stage_i.controller_i.instr_i,u_ibex_core.if_stage_i.gen_prefetch_buffer.prefetch_buffer_i.fifo_i.rdata_q,1.4103
u_ibex_core.id_stage_i.controller_i.instr_i,u_ibex_core.if_stage_i.gen_prefetch_buffer.prefetch_buffer_i.fifo_i.rdata_q,1.4103
u_ibex_core.id_stage_i.controller_i.instr_i,u_ibex_core.if_stage_i.gen_prefetch_buffer.prefetch_buffer_i.fifo_i.rdata_q,1.4103
u_ibex_core.id_stage_i.controller_i.instr_i,u_ibex_core.if_stage_i.gen_prefetch_buffer.prefetch_buffer_i.fifo_i.rdata_q,1.4103
u_ibex_core.id_stage_i.controller_i.instr_i,u_ibex_core.if_stage_i.gen_prefetch_buffer.prefetch_buffer_i.fifo_i.rdata_q,1.4103
u_ibex_core.id_stage_i.controller_i.instr_i,u_ibex_core.if_stage_i.gen_prefetch_buffer.prefetch_buffer_i.fifo_i.rdata_q,1.4103
u_ibex_core.id_stage_i.controller_i.instr_i,u_ibex_core.if_stage_i.gen_prefetch_buffer.prefetch_buffer_i.fifo_i.rdata_q,1.4103
u_ibex_core.id_stage_i.controller_i.instr_i,u_ibex_core.if_stage_i.gen_prefetch_buffer.prefetch_buffer_i.fifo_i.rdata_q,1.4103
u_ibex_core.id_stage_i.controller_i.instr_i,u_ibex_core.if_stage_i.gen_prefetch_buffer.prefetch_buffer_i.fifo_i.rdata_q,1.4103
u_ibex_core.id_stage_i.controller_i.instr_i,u_ibex_core.if_stage_i.gen_prefetch_buffer.prefetch_buffer_i.fifo_i.rdata_q,1.4103
u_ibex_core.id_stage_i.controller_i.instr_i,u_ibex_core.if_stage_i.gen_prefetch_buffer.prefetch_buffer_i.fifo_i.rdata_q,1.4103
u_ibex_core.id_stage_i.controller_i.instr_i,u_ibex_core.if_stage_i.gen_prefetch_buffer.prefetch_buffer_i.fifo_i.rdata_q,1.4103
u_ibex_core.id_stage_i.controller_i.instr_i,u_ibex_core.if_stage_i.gen_prefetch_buffer.prefetch_buffer_i.fifo_i.rdata_q,1.4103
u_ibex_core.id_stage_i.controller_i.instr_i,u_ibex_core.if_stage_i.gen_prefetch_buffer.prefetch_buffer_i.fifo_i.rdata_q,1.4103
u_ibex_core.id_stage_i.controller_i.instr_i,u_ibex_core.if_stage_i.gen_prefetch_buffer.prefetch_buffer_i.fifo_i.rdata_q,1.4103
u_ibex_core.id_stage_i.controller_i.instr_i,u_ibex_core.if_stage_i.gen_prefetch_buffer.prefetch_buffer_i.fifo_i.rdata_q,1.4103
u_ibex_core.id_stage_i.controller_i.instr_i,u_ibex_core.if_stage_i.gen_prefetch_buffer.prefetch_buffer_i.fifo_i.rdata_q,1.4103
u_ibex_core.id_stage_i.controller_i.instr_i,u_ibex_core.if_stage_i.gen_prefetch_buffer.prefetch_buffer_i.fifo_i.rdata_q,1.4103
u_ibex_core.id_stage_i.controller_i.instr_i,crash_dump_o,1.4275
u_ibex_core.id_stage_i.controller_i.instr_i,crash_dump_o,1.4275
u_ibex_core.id_stage_i.controller_i.instr_i,crash_dump_o,1.4275
u_ibex_core.id_stage_i.controller_i.instr_i,crash_dump_o,1.4275
u_ibex_core.id_stage_i.controller_i.instr_i,crash_dump_o,1.4275
u_ibex_core.id_stage_i.controller_i.instr_i,crash_dump_o,1.4275
u_ibex_core.id_stage_i.controller_i.instr_i,crash_dump_o,1.4275
u_ibex_core.id_stage_i.controller_i.instr_i,crash_dump_o,1.4275
u_ibex_core.id_stage_i.controller_i.instr_i,crash_dump_o,1.4275
u_ibex_core.id_stage_i.controller_i.instr_i,crash_dump_o,1.4275
u_ibex_core.id_stage_i.controller_i.instr_i,u_ibex_core.if_stage_i.gen_prefetch_buffer.prefetch_buffer_i.fifo_i.rdata_q,1.4366
u_ibex_core.id_stage_i.controller_i.instr_i,u_ibex_core.if_stage_i.gen_prefetch_buffer.prefetch_buffer_i.fifo_i.rdata_q,1.4366
u_ibex_core.id_stage_i.controller_i.instr_i,u_ibex_core.if_stage_i.gen_prefetch_buffer.prefetch_buffer_i.fifo_i.rdata_q,1.4366
u_ibex_core.id_stage_i.controller_i.instr_i,u_ibex_core.if_stage_i.gen_prefetch_buffer.prefetch_buffer_i.fifo_i.rdata_q,1.4366
u_ibex_core.id_stage_i.controller_i.instr_i,u_ibex_core.if_stage_i.gen_prefetch_buffer.prefetch_buffer_i.fifo_i.rdata_q,1.4366
u_ibex_core.id_stage_i.controller_i.instr_i,u_ibex_core.if_stage_i.gen_prefetch_buffer.prefetch_buffer_i.fifo_i.rdata_q,1.4366
u_ibex_core.id_stage_i.controller_i.instr_i,crash_dump_o,1.4398
u_ibex_core.id_stage_i.controller_i.instr_i,crash_dump_o,1.4398
u_ibex_core.id_stage_i.controller_i.instr_i,crash_dump_o,1.4398
u_ibex_core.id_stage_i.controller_i.instr_i,crash_dump_o,1.4398
u_ibex_core.id_stage_i.controller_i.instr_i,crash_dump_o,1.4398
u_ibex_core.id_stage_i.controller_i.instr_i,crash_dump_o,1.4398
u_ibex_core.id_stage_i.controller_i.instr_i,crash_dump_o,1.4398
u_ibex_core.id_stage_i.controller_i.instr_i,crash_dump_o,1.4398
u_ibex_core.id_stage_i.controller_i.instr_i,crash_dump_o,1.4398
u_ibex_core.id_stage_i.controller_i.instr_i,crash_dump_o,1.4398
u_ibex_core.id_stage_i.controller_i.instr_i,crash_dump_o,1.4412
u_ibex_core.id_stage_i.controller_i.instr_i,crash_dump_o,1.4412
u_ibex_core.id_stage_i.controller_i.instr_i,crash_dump_o,1.4412
u_ibex_core.id_stage_i.controller_i.instr_i,crash_dump_o,1.4412
u_ibex_core.id_stage_i.controller_i.instr_i,crash_dump_o,1.4412
u_ibex_core.id_stage_i.controller_i.instr_i,crash_dump_o,1.4412
u_ibex_core.id_stage_i.controller_i.instr_i,crash_dump_o,1.4422
u_ibex_core.id_stage_i.controller_i.instr_i,crash_dump_o,1.4422
u_ibex_core.id_stage_i.controller_i.instr_i,crash_dump_o,1.4422
u_ibex_core.id_stage_i.controller_i.instr_i,u_ibex_core.id_stage_i.controller_i.instr_is_compressed_i,1.4534
u_ibex_core.id_stage_i.controller_i.instr_i,u_ibex_core.id_stage_i.controller_i.instr_i,1.4534
u_ibex_core.id_stage_i.controller_i.instr_i,u_ibex_core.id_stage_i.controller_i.instr_compressed_i,1.4534
u_ibex_core.id_stage_i.controller_i.instr_i,crash_dump_o,1.4534
u_ibex_core.id_stage_i.controller_i.instr_i,crash_dump_o,1.4534
u_ibex_core.id_stage_i.controller_i.instr_i,crash_dump_o,1.4534
u_ibex_core.id_stage_i.controller_i.instr_i,crash_dump_o,1.4534
u_ibex_core.id_stage_i.controller_i.instr_i,crash_dump_o,1.4534
u_ibex_core.id_stage_i.controller_i.instr_i,crash_dump_o,1.4534
u_ibex_core.id_stage_i.controller_i.instr_i,crash_dump_o,1.4534
u_ibex_core.id_stage_i.controller_i.instr_i,crash_dump_o,1.4534
u_ibex_core.id_stage_i.controller_i.instr_i,crash_dump_o,1.4534
u_ibex_core.id_stage_i.controller_i.instr_i,crash_dump_o,1.4534
u_ibex_core.id_stage_i.controller_i.instr_i,crash_dump_o,1.4534
u_ibex_core.id_stage_i.controller_i.instr_i,crash_dump_o,1.4534
u_ibex_core.id_stage_i.controller_i.instr_i,crash_dump_o,1.4534
u_ibex_core.id_stage_i.controller_i.instr_i,crash_dump_o,1.4534
u_ibex_core.id_stage_i.controller_i.instr_i,u_ibex_core.id_stage_i.decoder_i.illegal_c_insn_i,1.4534
u_ibex_core.id_stage_i.controller_i.instr_i,u_ibex_core.id_stage_i.controller_i.instr_compressed_i,1.4534
u_ibex_core.id_stage_i.controller_i.instr_i,u_ibex_core.id_stage_i.controller_i.instr_compressed_i,1.4534
u_ibex_core.id_stage_i.controller_i.instr_i,u_ibex_core.id_stage_i.controller_i.instr_compressed_i,1.4534
u_ibex_core.id_stage_i.controller_i.instr_i,u_ibex_core.id_stage_i.controller_i.instr_compressed_i,1.4534
u_ibex_core.id_stage_i.controller_i.instr_i,u_ibex_core.id_stage_i.controller_i.instr_compressed_i,1.4534
u_ibex_core.id_stage_i.controller_i.instr_i,u_ibex_core.id_stage_i.controller_i.instr_compressed_i,1.4534
u_ibex_core.id_stage_i.controller_i.instr_i,u_ibex_core.id_stage_i.controller_i.instr_compressed_i,1.4534
u_ibex_core.id_stage_i.controller_i.instr_i,u_ibex_core.id_stage_i.controller_i.instr_compressed_i,1.4534
u_ibex_core.id_stage_i.controller_i.instr_i,u_ibex_core.id_stage_i.controller_i.instr_compressed_i,1.4534
u_ibex_core.id_stage_i.controller_i.instr_i,u_ibex_core.id_stage_i.controller_i.instr_compressed_i,1.4534
u_ibex_core.id_stage_i.controller_i.instr_i,u_ibex_core.id_stage_i.controller_i.instr_compressed_i,1.4534
u_ibex_core.id_stage_i.controller_i.instr_i,u_ibex_core.id_stage_i.controller_i.instr_compressed_i,1.4534
u_ibex_core.id_stage_i.controller_i.instr_i,u_ibex_core.id_stage_i.controller_i.instr_compressed_i,1.4534
u_ibex_core.id_stage_i.controller_i.instr_i,u_ibex_core.id_stage_i.controller_i.instr_compressed_i,1.4534
u_ibex_core.id_stage_i.controller_i.instr_i,u_ibex_core.id_stage_i.controller_i.instr_i,1.4534
u_ibex_core.id_stage_i.controller_i.instr_i,u_ibex_core.id_stage_i.controller_i.instr_i,1.4534
u_ibex_core.id_stage_i.controller_i.instr_i,genblk3.genblk1.gen_regfile_latch.register_file_i.waddr_a_i,1.4534
u_ibex_core.id_stage_i.controller_i.instr_i,genblk3.genblk1.gen_regfile_latch.register_file_i.waddr_a_i,1.4534
u_ibex_core.id_stage_i.controller_i.instr_i,genblk3.genblk1.gen_regfile_latch.register_file_i.waddr_a_i,1.4534
u_ibex_core.id_stage_i.controller_i.instr_i,genblk3.genblk1.gen_regfile_latch.register_file_i.raddr_a_i,1.4534
u_ibex_core.id_stage_i.controller_i.instr_i,genblk3.genblk1.gen_regfile_latch.register_file_i.raddr_a_i,1.4534
u_ibex_core.id_stage_i.controller_i.instr_i,genblk3.genblk1.gen_regfile_latch.register_file_i.raddr_a_i,1.4534
u_ibex_core.id_stage_i.controller_i.instr_i,u_ibex_core.id_stage_i.controller_i.instr_i,1.4534
u_ibex_core.id_stage_i.controller_i.instr_i,u_ibex_core.id_stage_i.controller_i.instr_i,1.4534
u_ibex_core.id_stage_i.controller_i.instr_i,u_ibex_core.id_stage_i.controller_i.instr_i,1.4534
u_ibex_core.id_stage_i.controller_i.instr_i,u_ibex_core.id_stage_i.controller_i.instr_i,1.4534
u_ibex_core.id_stage_i.controller_i.instr_i,u_ibex_core.id_stage_i.controller_i.instr_i,1.4534
u_ibex_core.id_stage_i.controller_i.instr_i,u_ibex_core.id_stage_i.controller_i.instr_i,1.4534
u_ibex_core.id_stage_i.controller_i.instr_i,u_ibex_core.id_stage_i.controller_i.instr_i,1.4534
u_ibex_core.id_stage_i.controller_i.instr_i,u_ibex_core.id_stage_i.decoder_i.instr_prev_rd_id_i,1.4534
u_ibex_core.id_stage_i.controller_i.instr_i,u_ibex_core.id_stage_i.decoder_i.instr_prev_rd_id_i,1.4534
u_ibex_core.id_stage_i.controller_i.instr_i,u_ibex_core.id_stage_i.decoder_i.instr_prev_rd_id_i,1.4534
u_ibex_core.id_stage_i.controller_i.instr_i,crash_dump_o,1.4544
u_ibex_core.id_stage_i.controller_i.instr_i,crash_dump_o,1.4546
u_ibex_core.id_stage_i.controller_i.instr_i,crash_dump_o,1.4546
u_ibex_core.id_stage_i.controller_i.instr_i,crash_dump_o,1.4546
u_ibex_core.id_stage_i.controller_i.instr_i,crash_dump_o,1.4546
u_ibex_core.id_stage_i.controller_i.instr_i,crash_dump_o,1.4546
u_ibex_core.id_stage_i.controller_i.instr_i,crash_dump_o,1.4546
u_ibex_core.id_stage_i.controller_i.instr_i,crash_dump_o,1.4546
u_ibex_core.id_stage_i.controller_i.instr_i,u_ibex_core.id_stage_i.controller_i.instr_fetch_err_plus2_i,1.4548
u_ibex_core.id_stage_i.controller_i.instr_i,u_ibex_core.id_stage_i.decoder_i.instr_prev_rd_id_i,1.4563
u_ibex_core.id_stage_i.controller_i.instr_i,u_ibex_core.id_stage_i.decoder_i.instr_prev_rd_id_i,1.4563
u_ibex_core.id_stage_i.controller_i.instr_i,crash_dump_o,1.4566
u_ibex_core.id_stage_i.controller_i.instr_i,crash_dump_o,1.4568
u_ibex_core.id_stage_i.controller_i.instr_i,crash_dump_o,1.4569
u_ibex_core.id_stage_i.controller_i.instr_i,crash_dump_o,1.457
u_ibex_core.id_stage_i.controller_i.instr_i,u_ibex_core.ex_block_i.alu_i.g_no_alu_rvb.unused_imd_val_q,1.4588
u_ibex_core.id_stage_i.controller_i.instr_i,genblk3.genblk1.gen_regfile_latch.register_file_i.raddr_a_i,1.4609
u_ibex_core.id_stage_i.controller_i.instr_i,u_ibex_core.id_stage_i.controller_i.instr_i,1.4612
u_ibex_core.id_stage_i.controller_i.instr_i,crash_dump_o,1.4616
u_ibex_core.id_stage_i.controller_i.instr_i,crash_dump_o,1.4616
u_ibex_core.id_stage_i.controller_i.instr_i,crash_dump_o,1.4616
u_ibex_core.id_stage_i.controller_i.instr_i,crash_dump_o,1.4616
u_ibex_core.id_stage_i.controller_i.instr_i,crash_dump_o,1.4619
u_ibex_core.id_stage_i.controller_i.instr_i,u_ibex_core.ex_block_i.alu_i.g_no_alu_rvb.unused_imd_val_q,1.4656
u_ibex_core.id_stage_i.controller_i.instr_i,genblk3.genblk1.gen_regfile_latch.register_file_i.waddr_a_i,1.4668
u_ibex_core.id_stage_i.controller_i.instr_i,u_ibex_core.id_stage_i.controller_i.instr_i,1.4668
u_ibex_core.id_stage_i.controller_i.instr_i,u_ibex_core.id_stage_i.controller_i.instr_i,1.4668
u_ibex_core.id_stage_i.controller_i.instr_i,genblk3.genblk1.gen_regfile_latch.register_file_i.waddr_a_i,1.4668
u_ibex_core.id_stage_i.controller_i.instr_i,u_ibex_core.ex_block_i.alu_i.g_no_alu_rvb.unused_imd_val_q,1.4679
u_ibex_core.id_stage_i.controller_i.instr_i,u_ibex_core.ex_block_i.alu_i.g_no_alu_rvb.unused_imd_val_q,1.4701
u_ibex_core.id_stage_i.controller_i.instr_i,u_ibex_core.id_stage_i.controller_i.instr_i,1.4723
u_ibex_core.id_stage_i.controller_i.instr_i,u_ibex_core.id_stage_i.controller_i.instr_i,1.4724
u_ibex_core.id_stage_i.controller_i.instr_i,u_ibex_core.ex_block_i.alu_i.g_no_alu_rvb.unused_imd_val_q,1.4725
u_ibex_core.id_stage_i.controller_i.instr_i,u_ibex_core.id_stage_i.controller_i.instr_i,1.4726
u_ibex_core.id_stage_i.controller_i.instr_i,genblk3.genblk1.gen_regfile_latch.register_file_i.raddr_a_i,1.4726
u_ibex_core.id_stage_i.controller_i.instr_i,u_ibex_core.id_stage_i.controller_i.instr_i,1.4727
u_ibex_core.id_stage_i.controller_i.instr_i,u_ibex_core.id_stage_i.controller_i.instr_fetch_err_i,1.4731
u_ibex_core.id_stage_i.controller_i.instr_i,u_ibex_core.id_stage_i.controller_i.instr_i,1.4731
u_ibex_core.id_stage_i.controller_i.instr_i,u_ibex_core.id_stage_i.controller_i.instr_i,1.4731
u_ibex_core.id_stage_i.controller_i.instr_i,u_ibex_core.id_stage_i.controller_i.instr_i,1.4731
u_ibex_core.id_stage_i.controller_i.instr_i,u_ibex_core.ex_block_i.alu_i.g_no_alu_rvb.unused_imd_val_q,1.4741
u_ibex_core.id_stage_i.controller_i.instr_i,u_ibex_core.id_stage_i.controller_i.id_wb_pending,1.4749
u_ibex_core.id_stage_i.controller_i.instr_i,u_ibex_core.ex_block_i.alu_i.g_no_alu_rvb.unused_imd_val_q,1.4753
u_ibex_core.id_stage_i.controller_i.instr_i,u_ibex_core.ex_block_i.alu_i.g_no_alu_rvb.unused_imd_val_q,1.4753
u_ibex_core.id_stage_i.controller_i.instr_i,u_ibex_core.cs_registers_i.mhpmcounter[2],1.4769
u_ibex_core.id_stage_i.controller_i.instr_i,u_ibex_core.cs_registers_i.mhpmcounter[2],1.4769
u_ibex_core.id_stage_i.controller_i.instr_i,u_ibex_core.cs_registers_i.mhpmcounter[2],1.4769
u_ibex_core.id_stage_i.controller_i.instr_i,u_ibex_core.cs_registers_i.mhpmcounter[2],1.4769
u_ibex_core.id_stage_i.controller_i.instr_i,u_ibex_core.cs_registers_i.mhpmcounter[2],1.4769
u_ibex_core.id_stage_i.controller_i.instr_i,u_ibex_core.cs_registers_i.mhpmcounter[2],1.4769
u_ibex_core.id_stage_i.controller_i.instr_i,u_ibex_core.cs_registers_i.mhpmcounter[2],1.4769
u_ibex_core.id_stage_i.controller_i.instr_i,u_ibex_core.cs_registers_i.mhpmcounter[2],1.4769
u_ibex_core.id_stage_i.controller_i.instr_i,u_ibex_core.cs_registers_i.mhpmcounter[2],1.4769
u_ibex_core.id_stage_i.controller_i.instr_i,u_ibex_core.cs_registers_i.mhpmcounter[2],1.4769
u_ibex_core.id_stage_i.controller_i.instr_i,u_ibex_core.cs_registers_i.mhpmcounter[2],1.4769
u_ibex_core.id_stage_i.controller_i.instr_i,u_ibex_core.cs_registers_i.mhpmcounter[2],1.4769
u_ibex_core.id_stage_i.controller_i.instr_i,u_ibex_core.cs_registers_i.mhpmcounter[2],1.4769
u_ibex_core.id_stage_i.controller_i.instr_i,u_ibex_core.cs_registers_i.mhpmcounter[2],1.4769
u_ibex_core.id_stage_i.controller_i.instr_i,u_ibex_core.cs_registers_i.mhpmcounter[2],1.4769
u_ibex_core.id_stage_i.controller_i.instr_i,u_ibex_core.cs_registers_i.mhpmcounter[2],1.4769
u_ibex_core.id_stage_i.controller_i.instr_i,u_ibex_core.cs_registers_i.mhpmcounter[2],1.4769
u_ibex_core.id_stage_i.controller_i.instr_i,u_ibex_core.cs_registers_i.mhpmcounter[2],1.4769
u_ibex_core.id_stage_i.controller_i.instr_i,u_ibex_core.cs_registers_i.mhpmcounter[2],1.4769
u_ibex_core.id_stage_i.controller_i.instr_i,u_ibex_core.cs_registers_i.mhpmcounter[2],1.4769
u_ibex_core.id_stage_i.controller_i.instr_i,u_ibex_core.id_stage_i.controller_i.instr_i,1.4776
u_ibex_core.id_stage_i.controller_i.instr_i,u_ibex_core.id_stage_i.controller_i.instr_i,1.4776
u_ibex_core.id_stage_i.controller_i.instr_i,u_ibex_core.cs_registers_i.mhpmcounter[2],1.4784
u_ibex_core.id_stage_i.controller_i.instr_i,u_ibex_core.cs_registers_i.mhpmcounter[2],1.4784
u_ibex_core.id_stage_i.controller_i.instr_i,u_ibex_core.cs_registers_i.mhpmcounter[2],1.4784
u_ibex_core.id_stage_i.controller_i.instr_i,u_ibex_core.cs_registers_i.mhpmcounter[2],1.4784
u_ibex_core.id_stage_i.controller_i.instr_i,u_ibex_core.cs_registers_i.mhpmcounter[2],1.4784
u_ibex_core.id_stage_i.controller_i.instr_i,u_ibex_core.cs_registers_i.mhpmcounter[2],1.4784
u_ibex_core.id_stage_i.controller_i.instr_i,u_ibex_core.ex_block_i.alu_i.g_no_alu_rvb.unused_imd_val_q,1.4791
u_ibex_core.id_stage_i.controller_i.instr_i,u_ibex_core.ex_block_i.alu_i.g_no_alu_rvb.unused_imd_val_q,1.4808
u_ibex_core.id_stage_i.controller_i.instr_i,u_ibex_core.cs_registers_i.mhpmcounter[2],1.4811
u_ibex_core.id_stage_i.controller_i.instr_i,u_ibex_core.cs_registers_i.mhpmcounter[2],1.4811
u_ibex_core.id_stage_i.controller_i.instr_i,u_ibex_core.cs_registers_i.mhpmcounter[2],1.4811
u_ibex_core.id_stage_i.controller_i.instr_i,u_ibex_core.cs_registers_i.mhpmcounter[2],1.4811
u_ibex_core.id_stage_i.controller_i.instr_i,u_ibex_core.cs_registers_i.mhpmcounter[2],1.4811
u_ibex_core.id_stage_i.controller_i.instr_i,u_ibex_core.cs_registers_i.mhpmcounter[2],1.4811
u_ibex_core.id_stage_i.controller_i.instr_i,u_ibex_core.cs_registers_i.mhpmcounter[2],1.4811
u_ibex_core.id_stage_i.controller_i.instr_i,u_ibex_core.cs_registers_i.mhpmcounter[2],1.4811
u_ibex_core.id_stage_i.controller_i.instr_i,u_ibex_core.cs_registers_i.mhpmcounter[2],1.4811
u_ibex_core.id_stage_i.controller_i.instr_i,u_ibex_core.cs_registers_i.mhpmcounter[2],1.4811
u_ibex_core.id_stage_i.controller_i.instr_i,u_ibex_core.cs_registers_i.mhpmcounter[2],1.4811
u_ibex_core.id_stage_i.controller_i.instr_i,u_ibex_core.cs_registers_i.mhpmcounter[2],1.4811
u_ibex_core.id_stage_i.controller_i.instr_i,u_ibex_core.cs_registers_i.mhpmcounter[2],1.4811
u_ibex_core.id_stage_i.controller_i.instr_i,u_ibex_core.cs_registers_i.mhpmcounter[2],1.4811
u_ibex_core.id_stage_i.controller_i.instr_i,u_ibex_core.cs_registers_i.mhpmcounter[2],1.4811
u_ibex_core.id_stage_i.controller_i.instr_i,u_ibex_core.cs_registers_i.mhpmcounter[2],1.4811
u_ibex_core.id_stage_i.controller_i.instr_i,u_ibex_core.cs_registers_i.mhpmcounter[2],1.4811
u_ibex_core.id_stage_i.controller_i.instr_i,u_ibex_core.cs_registers_i.mhpmcounter[2],1.4811
u_ibex_core.id_stage_i.controller_i.instr_i,u_ibex_core.cs_registers_i.mhpmcounter[2],1.4811
u_ibex_core.id_stage_i.controller_i.instr_i,u_ibex_core.cs_registers_i.mhpmcounter[2],1.4811
u_ibex_core.id_stage_i.controller_i.instr_i,u_ibex_core.cs_registers_i.mhpmcounter[2],1.4822
u_ibex_core.id_stage_i.controller_i.instr_i,u_ibex_core.cs_registers_i.mhpmcounter[2],1.4822
u_ibex_core.id_stage_i.controller_i.instr_i,u_ibex_core.cs_registers_i.mhpmcounter[2],1.4822
u_ibex_core.id_stage_i.controller_i.instr_i,u_ibex_core.cs_registers_i.mhpmcounter[2],1.4822
u_ibex_core.id_stage_i.controller_i.instr_i,u_ibex_core.cs_registers_i.mhpmcounter[2],1.4822
u_ibex_core.id_stage_i.controller_i.instr_i,u_ibex_core.cs_registers_i.mhpmcounter[2],1.4822
u_ibex_core.id_stage_i.controller_i.instr_i,u_ibex_core.cs_registers_i.mhpmcounter[2],1.4822
u_ibex_core.id_stage_i.controller_i.instr_i,u_ibex_core.ex_block_i.alu_i.g_no_alu_rvb.unused_imd_val_q,1.4846
u_ibex_core.id_stage_i.controller_i.instr_i,crash_dump_o,1.4848
u_ibex_core.id_stage_i.controller_i.instr_i,crash_dump_o,1.4848
u_ibex_core.id_stage_i.controller_i.instr_i,u_ibex_core.ex_block_i.alu_i.g_no_alu_rvb.unused_imd_val_q,1.4877
u_ibex_core.id_stage_i.controller_i.instr_i,u_ibex_core.ex_block_i.alu_i.g_no_alu_rvb.unused_imd_val_q,1.4877
u_ibex_core.id_stage_i.controller_i.instr_i,u_ibex_core.id_stage_i.controller_i.instr_compressed_i,1.4902
u_ibex_core.id_stage_i.controller_i.instr_i,u_ibex_core.ex_block_i.alu_i.g_no_alu_rvb.unused_imd_val_q,1.4914
u_ibex_core.id_stage_i.controller_i.instr_i,u_ibex_core.if_stage_i.gen_prefetch_buffer.prefetch_buffer_i.fifo_i.valid_q,1.494
u_ibex_core.id_stage_i.controller_i.instr_i,u_ibex_core.ex_block_i.alu_i.g_no_alu_rvb.unused_imd_val_q,1.4942
u_ibex_core.id_stage_i.controller_i.instr_i,u_ibex_core.ex_block_i.alu_i.g_no_alu_rvb.unused_imd_val_q,1.4959
u_ibex_core.id_stage_i.controller_i.instr_i,u_ibex_core.ex_block_i.alu_i.g_no_alu_rvb.unused_imd_val_q,1.4972
u_ibex_core.id_stage_i.controller_i.instr_i,u_ibex_core.ex_block_i.alu_i.g_no_alu_rvb.unused_imd_val_q,1.499
u_ibex_core.id_stage_i.controller_i.instr_i,u_ibex_core.if_stage_i.gen_prefetch_buffer.prefetch_buffer_i.fifo_busy,1.5011
u_ibex_core.id_stage_i.controller_i.instr_i,u_ibex_core.ex_block_i.alu_i.g_no_alu_rvb.unused_imd_val_q,1.5045
u_ibex_core.id_stage_i.controller_i.instr_i,u_ibex_core.ex_block_i.alu_i.g_no_alu_rvb.unused_imd_val_q,1.5051
u_ibex_core.id_stage_i.controller_i.instr_i,u_ibex_core.ex_block_i.alu_i.g_no_alu_rvb.unused_imd_val_q,1.5056
u_ibex_core.id_stage_i.controller_i.instr_i,u_ibex_core.ex_block_i.alu_i.g_no_alu_rvb.unused_imd_val_q,1.5115
u_ibex_core.id_stage_i.controller_i.instr_i,u_ibex_core.ex_block_i.alu_i.g_no_alu_rvb.unused_imd_val_q,1.513
u_ibex_core.id_stage_i.controller_i.instr_i,u_ibex_core.ex_block_i.alu_i.g_no_alu_rvb.unused_imd_val_q,1.5134
u_ibex_core.id_stage_i.controller_i.instr_i,u_ibex_core.ex_block_i.alu_i.g_no_alu_rvb.unused_imd_val_q,1.5148
u_ibex_core.id_stage_i.controller_i.instr_i,u_ibex_core.ex_block_i.alu_i.g_no_alu_rvb.unused_imd_val_q,1.5164
u_ibex_core.id_stage_i.controller_i.instr_i,u_ibex_core.ex_block_i.alu_i.g_no_alu_rvb.unused_imd_val_q,1.5177
u_ibex_core.id_stage_i.controller_i.instr_i,u_ibex_core.cs_registers_i.mhpmcounter[2],1.5201
u_ibex_core.id_stage_i.controller_i.instr_i,u_ibex_core.cs_registers_i.mhpmcounter[2],1.5201
u_ibex_core.id_stage_i.controller_i.instr_i,u_ibex_core.cs_registers_i.mhpmcounter[2],1.5201
u_ibex_core.id_stage_i.controller_i.instr_i,u_ibex_core.cs_registers_i.mhpmcounter[2],1.5201
u_ibex_core.id_stage_i.controller_i.instr_i,u_ibex_core.cs_registers_i.mhpmcounter[2],1.5234
u_ibex_core.id_stage_i.controller_i.instr_i,u_ibex_core.cs_registers_i.mhpmcounter[2],1.5234
u_ibex_core.id_stage_i.controller_i.instr_i,u_ibex_core.ex_block_i.alu_i.g_no_alu_rvb.unused_imd_val_q,1.5235
u_ibex_core.id_stage_i.controller_i.instr_i,u_ibex_core.cs_registers_i.mhpmcounter[2],1.524
u_ibex_core.id_stage_i.controller_i.instr_i,u_ibex_core.cs_registers_i.mhpmcounter[2],1.524
u_ibex_core.id_stage_i.controller_i.instr_i,u_ibex_core.cs_registers_i.mhpmcounter[2],1.524
u_ibex_core.id_stage_i.controller_i.instr_i,u_ibex_core.ex_block_i.alu_i.g_no_alu_rvb.unused_imd_val_q,1.5262
u_ibex_core.id_stage_i.controller_i.instr_i,u_ibex_core.cs_registers_i.mhpmcounter[2],1.5275
u_ibex_core.id_stage_i.controller_i.instr_i,u_ibex_core.cs_registers_i.mhpmcounter[2],1.5275
u_ibex_core.id_stage_i.controller_i.instr_i,u_ibex_core.ex_block_i.alu_i.g_no_alu_rvb.unused_imd_val_q,1.529
u_ibex_core.id_stage_i.controller_i.instr_i,u_ibex_core.ex_block_i.genblk3.gen_multdiv_fast.multdiv_i.imd_val_q_i,1.5434
u_ibex_core.id_stage_i.controller_i.instr_i,u_ibex_core.ex_block_i.alu_i.g_no_alu_rvb.unused_imd_val_q,1.5442
u_ibex_core.id_stage_i.controller_i.instr_i,genblk3.genblk1.gen_regfile_latch.register_file_i.wdata_a_q,1.5614
u_ibex_core.id_stage_i.controller_i.instr_i,u_ibex_core.id_stage_i.branch_jump_set_done_q,1.5649
u_ibex_core.id_stage_i.controller_i.instr_i,genblk3.genblk1.gen_regfile_latch.register_file_i.wdata_a_q,1.566
u_ibex_core.id_stage_i.controller_i.instr_i,u_ibex_core.if_stage_i.gen_prefetch_buffer.prefetch_buffer_i.fifo_busy,1.5681
u_ibex_core.id_stage_i.controller_i.instr_i,u_ibex_core.ex_block_i.genblk3.gen_multdiv_fast.multdiv_i.op_quotient_q,1.5725
u_ibex_core.id_stage_i.controller_i.instr_i,u_ibex_core.ex_block_i.alu_i.g_no_alu_rvb.unused_imd_val_q,1.573
u_ibex_core.id_stage_i.controller_i.instr_i,u_ibex_core.id_stage_i.controller_i.ctrl_fsm_cs,1.5735
u_ibex_core.id_stage_i.controller_i.instr_i,u_ibex_core.ex_block_i.genblk3.gen_multdiv_fast.multdiv_i.op_quotient_q,1.5739
u_ibex_core.id_stage_i.controller_i.instr_i,u_ibex_core.ex_block_i.genblk3.gen_multdiv_fast.multdiv_i.op_quotient_q,1.5744
u_ibex_core.id_stage_i.controller_i.instr_i,u_ibex_core.ex_block_i.genblk3.gen_multdiv_fast.multdiv_i.op_quotient_q,1.5744
u_ibex_core.id_stage_i.controller_i.instr_i,u_ibex_core.ex_block_i.genblk3.gen_multdiv_fast.multdiv_i.op_quotient_q,1.5747
u_ibex_core.id_stage_i.controller_i.instr_i,u_ibex_core.ex_block_i.genblk3.gen_multdiv_fast.multdiv_i.op_quotient_q,1.5764
u_ibex_core.id_stage_i.controller_i.instr_i,u_ibex_core.ex_block_i.genblk3.gen_multdiv_fast.multdiv_i.op_quotient_q,1.5765
u_ibex_core.id_stage_i.controller_i.instr_i,u_ibex_core.ex_block_i.genblk3.gen_multdiv_fast.multdiv_i.op_quotient_q,1.5825
u_ibex_core.id_stage_i.controller_i.instr_i,u_ibex_core.ex_block_i.genblk3.gen_multdiv_fast.multdiv_i.op_quotient_q,1.5825
u_ibex_core.id_stage_i.controller_i.instr_i,u_ibex_core.ex_block_i.genblk3.gen_multdiv_fast.multdiv_i.op_quotient_q,1.5831
u_ibex_core.id_stage_i.controller_i.instr_i,u_ibex_core.ex_block_i.genblk3.gen_multdiv_fast.multdiv_i.op_quotient_q,1.5831
u_ibex_core.id_stage_i.controller_i.instr_i,u_ibex_core.ex_block_i.genblk3.gen_multdiv_fast.multdiv_i.op_quotient_q,1.585
u_ibex_core.id_stage_i.controller_i.instr_i,u_ibex_core.ex_block_i.genblk3.gen_multdiv_fast.multdiv_i.op_quotient_q,1.5869
u_ibex_core.id_stage_i.controller_i.instr_i,u_ibex_core.ex_block_i.genblk3.gen_multdiv_fast.multdiv_i.op_quotient_q,1.5869
u_ibex_core.id_stage_i.controller_i.instr_i,u_ibex_core.ex_block_i.genblk3.gen_multdiv_fast.multdiv_i.op_quotient_q,1.5871
u_ibex_core.id_stage_i.controller_i.instr_i,u_ibex_core.ex_block_i.genblk3.gen_multdiv_fast.multdiv_i.op_quotient_q,1.5871
u_ibex_core.id_stage_i.controller_i.instr_i,u_ibex_core.ex_block_i.genblk3.gen_multdiv_fast.multdiv_i.op_quotient_q,1.5873
u_ibex_core.id_stage_i.controller_i.instr_i,genblk3.genblk1.gen_regfile_latch.register_file_i.wdata_a_q,1.5928
u_ibex_core.id_stage_i.controller_i.instr_i,u_ibex_core.ex_block_i.genblk3.gen_multdiv_fast.multdiv_i.imd_val_q_i,1.5949
u_ibex_core.id_stage_i.controller_i.instr_i,genblk3.genblk1.gen_regfile_latch.register_file_i.wdata_a_q,1.6157
u_ibex_core.id_stage_i.controller_i.instr_i,u_ibex_core.ex_block_i.genblk3.gen_multdiv_fast.multdiv_i.op_quotient_q,1.6529
u_ibex_core.id_stage_i.controller_i.instr_i,genblk3.genblk1.gen_regfile_latch.register_file_i.wdata_a_q,1.6547
u_ibex_core.id_stage_i.controller_i.instr_i,u_ibex_core.ex_block_i.genblk3.gen_multdiv_fast.multdiv_i.op_quotient_q,1.6547
u_ibex_core.id_stage_i.controller_i.instr_i,genblk3.genblk1.gen_regfile_latch.register_file_i.wdata_a_q,1.6625
u_ibex_core.id_stage_i.controller_i.instr_i,u_ibex_core.if_stage_i.gen_prefetch_buffer.prefetch_buffer_i.stored_addr_q,1.6779
u_ibex_core.id_stage_i.controller_i.instr_i,u_ibex_core.if_stage_i.gen_prefetch_buffer.prefetch_buffer_i.stored_addr_q,1.6786
u_ibex_core.id_stage_i.controller_i.instr_i,u_ibex_core.id_stage_i.branch_set_raw,1.6813
u_ibex_core.id_stage_i.controller_i.instr_i,u_ibex_core.id_stage_i.id_fsm_q,1.6822
u_ibex_core.id_stage_i.controller_i.instr_i,genblk3.genblk1.gen_regfile_latch.register_file_i.wdata_a_q,1.691
u_ibex_core.id_stage_i.controller_i.instr_i,u_ibex_core.ex_block_i.genblk3.gen_multdiv_fast.multdiv_i.op_quotient_q,1.698
u_ibex_core.id_stage_i.controller_i.instr_i,u_ibex_core.ex_block_i.genblk3.gen_multdiv_fast.multdiv_i.op_quotient_q,1.6985
u_ibex_core.id_stage_i.controller_i.instr_i,u_ibex_core.ex_block_i.genblk3.gen_multdiv_fast.multdiv_i.op_quotient_q,1.6985
u_ibex_core.id_stage_i.controller_i.instr_i,u_ibex_core.ex_block_i.genblk3.gen_multdiv_fast.multdiv_i.op_quotient_q,1.6985
u_ibex_core.id_stage_i.controller_i.instr_i,u_ibex_core.ex_block_i.genblk3.gen_multdiv_fast.multdiv_i.op_quotient_q,1.6985
u_ibex_core.id_stage_i.controller_i.instr_i,u_ibex_core.ex_block_i.genblk3.gen_multdiv_fast.multdiv_i.op_quotient_q,1.6992
u_ibex_core.id_stage_i.controller_i.instr_i,u_ibex_core.ex_block_i.genblk3.gen_multdiv_fast.multdiv_i.op_quotient_q,1.6992
u_ibex_core.id_stage_i.controller_i.instr_i,u_ibex_core.ex_block_i.genblk3.gen_multdiv_fast.multdiv_i.op_quotient_q,1.6992
u_ibex_core.id_stage_i.controller_i.instr_i,u_ibex_core.ex_block_i.genblk3.gen_multdiv_fast.multdiv_i.op_quotient_q,1.6992
u_ibex_core.id_stage_i.controller_i.instr_i,u_ibex_core.ex_block_i.genblk3.gen_multdiv_fast.multdiv_i.op_quotient_q,1.7052
u_ibex_core.id_stage_i.controller_i.instr_i,u_ibex_core.ex_block_i.genblk3.gen_multdiv_fast.multdiv_i.op_quotient_q,1.7125
u_ibex_core.id_stage_i.controller_i.instr_i,genblk3.genblk1.gen_regfile_latch.register_file_i.wdata_a_q,1.7154
u_ibex_core.id_stage_i.controller_i.instr_i,genblk3.genblk1.gen_regfile_latch.register_file_i.wdata_a_q,1.7202
u_ibex_core.id_stage_i.controller_i.instr_i,u_ibex_core.ex_block_i.genblk3.gen_multdiv_fast.multdiv_i.op_quotient_q,1.7221
u_ibex_core.id_stage_i.controller_i.instr_i,u_ibex_core.ex_block_i.genblk3.gen_multdiv_fast.multdiv_i.op_quotient_q,1.7238
u_ibex_core.id_stage_i.controller_i.instr_i,u_ibex_core.if_stage_i.gen_prefetch_buffer.prefetch_buffer_i.fetch_addr_q,1.7324
u_ibex_core.id_stage_i.controller_i.instr_i,genblk3.genblk1.gen_regfile_latch.register_file_i.wdata_a_q,1.736
u_ibex_core.id_stage_i.controller_i.instr_i,u_ibex_core.if_stage_i.gen_prefetch_buffer.prefetch_buffer_i.fetch_addr_q,1.7777
u_ibex_core.id_stage_i.controller_i.instr_i,u_ibex_core.ex_block_i.genblk3.gen_multdiv_fast.multdiv_i.div_by_zero_q,1.7807
u_ibex_core.id_stage_i.controller_i.instr_i,crash_dump_o,1.7927
u_ibex_core.id_stage_i.controller_i.instr_i,u_ibex_core.ex_block_i.genblk3.gen_multdiv_fast.multdiv_i.md_state_q,1.7939
u_ibex_core.id_stage_i.controller_i.instr_i,u_ibex_core.if_stage_i.gen_prefetch_buffer.prefetch_buffer_i.stored_addr_q,1.7988
u_ibex_core.id_stage_i.controller_i.instr_i,genblk3.genblk1.gen_regfile_latch.register_file_i.wdata_a_q,1.8019
u_ibex_core.id_stage_i.controller_i.instr_i,u_ibex_core.if_stage_i.gen_prefetch_buffer.prefetch_buffer_i.stored_addr_q,1.8022
u_ibex_core.id_stage_i.controller_i.instr_i,crash_dump_o,1.8052
u_ibex_core.cs_registers_i.mcycle_counter_i.counter,u_ibex_core.cs_registers_i.mcycle_counter_i.counter,1.815
u_ibex_core.id_stage_i.controller_i.instr_i,u_ibex_core.ex_block_i.genblk3.gen_multdiv_fast.multdiv_i.div_valid,1.821
u_ibex_core.id_stage_i.controller_i.instr_i,genblk3.genblk1.gen_regfile_latch.register_file_i.wdata_a_q,1.8223
u_ibex_core.id_stage_i.controller_i.instr_i,u_ibex_core.ex_block_i.genblk3.gen_multdiv_fast.multdiv_i.op_numerator_q,1.8273
u_ibex_core.id_stage_i.controller_i.instr_i,u_ibex_core.ex_block_i.alu_i.g_no_alu_rvb.unused_imd_val_q,1.8278
u_ibex_core.id_stage_i.controller_i.instr_i,u_ibex_core.if_stage_i.gen_prefetch_buffer.prefetch_buffer_i.fetch_addr_q,1.8329
u_ibex_core.id_stage_i.controller_i.instr_i,genblk3.genblk1.gen_regfile_latch.register_file_i.wdata_a_q,1.8425
u_ibex_core.cs_registers_i.mcycle_counter_i.counter,u_ibex_core.cs_registers_i.mcycle_counter_i.counter,1.8517
u_ibex_core.id_stage_i.controller_i.instr_i,u_ibex_core.if_stage_i.gen_prefetch_buffer.prefetch_buffer_i.stored_addr_q,1.8665
u_ibex_core.id_stage_i.controller_i.instr_i,u_ibex_core.if_stage_i.gen_prefetch_buffer.prefetch_buffer_i.fetch_addr_q,1.8678
u_ibex_core.id_stage_i.controller_i.instr_i,genblk3.genblk1.gen_regfile_latch.register_file_i.wdata_a_q,1.8678
u_ibex_core.id_stage_i.controller_i.instr_i,genblk3.genblk1.gen_regfile_latch.register_file_i.wdata_a_q,1.8813
u_ibex_core.id_stage_i.controller_i.instr_i,u_ibex_core.ex_block_i.genblk3.gen_multdiv_fast.multdiv_i.op_numerator_q,1.887
u_ibex_core.id_stage_i.controller_i.instr_i,genblk3.genblk1.gen_regfile_latch.register_file_i.wdata_a_q,1.8904
u_ibex_core.id_stage_i.controller_i.instr_i,u_ibex_core.ex_block_i.alu_i.g_no_alu_rvb.unused_imd_val_q,1.8907
u_ibex_core.id_stage_i.controller_i.instr_i,crash_dump_o,1.9039
u_ibex_core.cs_registers_i.mcycle_counter_i.counter,u_ibex_core.cs_registers_i.mcycle_counter_i.counter,1.9158
u_ibex_core.id_stage_i.controller_i.instr_i,u_ibex_core.ex_block_i.genblk3.gen_multdiv_fast.multdiv_i.op_numerator_q,1.9165
u_ibex_core.id_stage_i.controller_i.instr_i,crash_dump_o,1.9214
u_ibex_core.cs_registers_i.mcycle_counter_i.counter,u_ibex_core.cs_registers_i.mcycle_counter_i.counter,1.9341
u_ibex_core.id_stage_i.controller_i.instr_i,genblk3.genblk1.gen_regfile_latch.register_file_i.wdata_a_q,1.9392
u_ibex_core.cs_registers_i.mcycle_counter_i.counter,u_ibex_core.cs_registers_i.mcycle_counter_i.counter,1.9507
u_ibex_core.id_stage_i.controller_i.instr_i,crash_dump_o,1.9526
u_ibex_core.id_stage_i.controller_i.instr_i,u_ibex_core.if_stage_i.gen_prefetch_buffer.prefetch_buffer_i.fetch_addr_q,1.9535
u_ibex_core.id_stage_i.controller_i.instr_i,genblk3.genblk1.gen_regfile_latch.register_file_i.wdata_a_q,1.9543
u_ibex_core.id_stage_i.controller_i.instr_i,u_ibex_core.if_stage_i.gen_prefetch_buffer.prefetch_buffer_i.stored_addr_q,1.9722
u_ibex_core.id_stage_i.controller_i.instr_i,u_ibex_core.ex_block_i.alu_i.g_no_alu_rvb.unused_imd_val_q,1.9766
u_ibex_core.cs_registers_i.mcycle_counter_i.counter,u_ibex_core.cs_registers_i.mcycle_counter_i.counter,1.9823
u_ibex_core.id_stage_i.controller_i.instr_i,u_ibex_core.if_stage_i.gen_prefetch_buffer.prefetch_buffer_i.stored_addr_q,1.9852
u_ibex_core.id_stage_i.controller_i.instr_i,u_ibex_core.if_stage_i.gen_prefetch_buffer.prefetch_buffer_i.fetch_addr_q,1.9863
u_ibex_core.id_stage_i.controller_i.instr_i,u_ibex_core.ex_block_i.alu_i.g_no_alu_rvb.unused_imd_val_q,1.9893
u_ibex_core.id_stage_i.controller_i.instr_i,u_ibex_core.ex_block_i.genblk3.gen_multdiv_fast.multdiv_i.op_numerator_q,1.9893
u_ibex_core.id_stage_i.controller_i.instr_i,u_ibex_core.if_stage_i.gen_prefetch_buffer.prefetch_buffer_i.stored_addr_q,1.9914
u_ibex_core.cs_registers_i.mcycle_counter_i.counter,u_ibex_core.cs_registers_i.mcycle_counter_i.counter,2.002
u_ibex_core.id_stage_i.controller_i.instr_i,u_ibex_core.if_stage_i.gen_prefetch_buffer.prefetch_buffer_i.fetch_addr_q,2.0049
u_ibex_core.cs_registers_i.mcycle_counter_i.counter,u_ibex_core.cs_registers_i.mcycle_counter_i.counter,2.0147
u_ibex_core.id_stage_i.controller_i.instr_i,u_ibex_core.ex_block_i.alu_i.g_no_alu_rvb.unused_imd_val_q,2.022
u_ibex_core.id_stage_i.controller_i.instr_i,u_ibex_core.ex_block_i.genblk3.gen_multdiv_fast.multdiv_i.op_numerator_q,2.0221
u_ibex_core.id_stage_i.controller_i.instr_i,genblk3.genblk1.gen_regfile_latch.register_file_i.wdata_a_q,2.0307
u_ibex_core.id_stage_i.controller_i.instr_i,u_ibex_core.if_stage_i.gen_prefetch_buffer.prefetch_buffer_i.fetch_addr_q,2.0356
u_ibex_core.id_stage_i.controller_i.instr_i,u_ibex_core.if_stage_i.gen_prefetch_buffer.prefetch_buffer_i.stored_addr_q,2.0492
u_ibex_core.id_stage_i.controller_i.instr_i,genblk3.genblk1.gen_regfile_latch.register_file_i.wdata_a_q,2.0607
u_ibex_core.id_stage_i.controller_i.instr_i,u_ibex_core.if_stage_i.gen_prefetch_buffer.prefetch_buffer_i.fetch_addr_q,2.0657
u_ibex_core.cs_registers_i.mcycle_counter_i.counter,u_ibex_core.cs_registers_i.mcycle_counter_i.counter,2.0665
u_ibex_core.id_stage_i.controller_i.instr_i,crash_dump_o,2.0729
u_ibex_core.id_stage_i.controller_i.instr_i,u_ibex_core.if_stage_i.gen_prefetch_buffer.prefetch_buffer_i.stored_addr_q,2.0814
u_ibex_core.id_stage_i.controller_i.instr_i,genblk3.genblk1.gen_regfile_latch.register_file_i.wdata_a_q,2.0953
u_ibex_core.id_stage_i.controller_i.instr_i,crash_dump_o,2.0954
u_ibex_core.id_stage_i.controller_i.instr_i,u_ibex_core.ex_block_i.genblk3.gen_multdiv_fast.multdiv_i.op_numerator_q,2.0961
u_ibex_core.id_stage_i.controller_i.instr_i,u_ibex_core.if_stage_i.gen_prefetch_buffer.prefetch_buffer_i.fetch_addr_q,2.1079
u_ibex_core.id_stage_i.controller_i.instr_i,crash_dump_o,2.1095
u_ibex_core.id_stage_i.controller_i.instr_i,genblk3.genblk1.gen_regfile_latch.register_file_i.wdata_a_q,2.1184
u_ibex_core.id_stage_i.controller_i.instr_i,u_ibex_core.if_stage_i.gen_prefetch_buffer.prefetch_buffer_i.stored_addr_q,2.1209
u_ibex_core.cs_registers_i.mcycle_counter_i.counter,u_ibex_core.cs_registers_i.mcycle_counter_i.counter,2.1224
u_ibex_core.id_stage_i.controller_i.instr_i,u_ibex_core.if_stage_i.gen_prefetch_buffer.prefetch_buffer_i.fetch_addr_q,2.1285
u_ibex_core.id_stage_i.controller_i.instr_i,genblk3.genblk1.gen_regfile_latch.register_file_i.wdata_a_q,2.1296
u_ibex_core.cs_registers_i.mcycle_counter_i.counter,u_ibex_core.cs_registers_i.mcycle_counter_i.counter,2.1378
u_ibex_core.id_stage_i.controller_i.instr_i,u_ibex_core.ex_block_i.alu_i.g_no_alu_rvb.unused_imd_val_q,2.1397
u_ibex_core.id_stage_i.controller_i.instr_i,u_ibex_core.ex_block_i.alu_i.g_no_alu_rvb.unused_imd_val_q,2.1444
u_ibex_core.id_stage_i.controller_i.instr_i,u_ibex_core.ex_block_i.genblk3.gen_multdiv_fast.multdiv_i.op_numerator_q,2.1457
u_ibex_core.id_stage_i.controller_i.instr_i,crash_dump_o,2.1476
u_ibex_core.id_stage_i.controller_i.instr_i,u_ibex_core.if_stage_i.gen_prefetch_buffer.prefetch_buffer_i.stored_addr_q,2.1689
u_ibex_core.id_stage_i.controller_i.instr_i,u_ibex_core.if_stage_i.gen_prefetch_buffer.prefetch_buffer_i.fetch_addr_q,2.169
u_ibex_core.id_stage_i.controller_i.instr_i,u_ibex_core.ex_block_i.alu_i.g_no_alu_rvb.unused_imd_val_q,2.174
u_ibex_core.cs_registers_i.mcycle_counter_i.counter,u_ibex_core.cs_registers_i.mcycle_counter_i.counter,2.1946
u_ibex_core.id_stage_i.controller_i.instr_i,crash_dump_o,2.1959
u_ibex_core.id_stage_i.controller_i.instr_i,u_ibex_core.ex_block_i.genblk3.gen_multdiv_fast.multdiv_i.op_numerator_q,2.197
u_ibex_core.id_stage_i.controller_i.instr_i,genblk3.genblk1.gen_regfile_latch.register_file_i.wdata_a_q,2.2039
u_ibex_core.id_stage_i.controller_i.instr_i,u_ibex_core.if_stage_i.gen_prefetch_buffer.prefetch_buffer_i.fetch_addr_q,2.2112
u_ibex_core.id_stage_i.controller_i.instr_i,crash_dump_o,2.2125
u_ibex_core.id_stage_i.controller_i.instr_i,u_ibex_core.ex_block_i.genblk3.gen_multdiv_fast.multdiv_i.op_numerator_q,2.2159
u_ibex_core.id_stage_i.controller_i.instr_i,u_ibex_core.ex_block_i.alu_i.g_no_alu_rvb.unused_imd_val_q,2.2211
u_ibex_core.id_stage_i.controller_i.instr_i,u_ibex_core.cs_registers_i.mcycle_counter_i.counter,2.2253
u_ibex_core.id_stage_i.controller_i.instr_i,u_ibex_core.cs_registers_i.mcycle_counter_i.counter,2.2253
u_ibex_core.id_stage_i.controller_i.instr_i,u_ibex_core.cs_registers_i.mcycle_counter_i.counter,2.2253
u_ibex_core.id_stage_i.controller_i.instr_i,u_ibex_core.cs_registers_i.mcycle_counter_i.counter,2.2253
u_ibex_core.id_stage_i.controller_i.instr_i,u_ibex_core.cs_registers_i.mcycle_counter_i.counter,2.2253
u_ibex_core.id_stage_i.controller_i.instr_i,u_ibex_core.cs_registers_i.mcycle_counter_i.counter,2.2253
u_ibex_core.id_stage_i.controller_i.instr_i,u_ibex_core.cs_registers_i.mcycle_counter_i.counter,2.2253
u_ibex_core.id_stage_i.controller_i.instr_i,u_ibex_core.cs_registers_i.mcycle_counter_i.counter,2.2253
u_ibex_core.id_stage_i.controller_i.instr_i,u_ibex_core.cs_registers_i.mcycle_counter_i.counter,2.2253
u_ibex_core.id_stage_i.controller_i.instr_i,u_ibex_core.cs_registers_i.mcycle_counter_i.counter,2.2253
u_ibex_core.id_stage_i.controller_i.instr_i,u_ibex_core.ex_block_i.alu_i.g_no_alu_rvb.unused_imd_val_q,2.2402
u_ibex_core.id_stage_i.controller_i.instr_i,u_ibex_core.ex_block_i.genblk3.gen_multdiv_fast.multdiv_i.op_numerator_q,2.2402
u_ibex_core.id_stage_i.controller_i.instr_i,u_ibex_core.if_stage_i.gen_prefetch_buffer.prefetch_buffer_i.stored_addr_q,2.2412
u_ibex_core.id_stage_i.controller_i.instr_i,u_ibex_core.if_stage_i.gen_prefetch_buffer.prefetch_buffer_i.stored_addr_q,2.2428
u_ibex_core.id_stage_i.controller_i.instr_i,genblk3.genblk1.gen_regfile_latch.register_file_i.wdata_a_q,2.2474
u_ibex_core.cs_registers_i.mcycle_counter_i.counter,u_ibex_core.cs_registers_i.mcycle_counter_i.counter,2.2476
u_ibex_core.id_stage_i.controller_i.instr_i,u_ibex_core.if_stage_i.gen_prefetch_buffer.prefetch_buffer_i.fetch_addr_q,2.2501
u_ibex_core.id_stage_i.controller_i.instr_i,u_ibex_core.ex_block_i.alu_i.g_no_alu_rvb.unused_imd_val_q,2.2646
u_ibex_core.cs_registers_i.mcycle_counter_i.counter,u_ibex_core.cs_registers_i.mcycle_counter_i.counter,2.2663
u_ibex_core.id_stage_i.controller_i.instr_i,u_ibex_core.cs_registers_i.mcycle_counter_i.counter,2.267
u_ibex_core.id_stage_i.controller_i.instr_i,u_ibex_core.cs_registers_i.mcycle_counter_i.counter,2.2671
u_ibex_core.id_stage_i.controller_i.instr_i,genblk3.genblk1.gen_regfile_latch.register_file_i.wdata_a_q,2.2758
u_ibex_core.id_stage_i.controller_i.instr_i,u_ibex_core.cs_registers_i.mcycle_counter_i.counter,2.2771
u_ibex_core.id_stage_i.controller_i.instr_i,u_ibex_core.ex_block_i.genblk3.gen_multdiv_fast.multdiv_i.op_numerator_q,2.2823
u_ibex_core.id_stage_i.controller_i.instr_i,u_ibex_core.if_stage_i.gen_prefetch_buffer.prefetch_buffer_i.fetch_addr_q,2.2882
u_ibex_core.id_stage_i.controller_i.instr_i,u_ibex_core.cs_registers_i.mcycle_counter_i.counter,2.2894
u_ibex_core.id_stage_i.controller_i.instr_i,u_ibex_core.cs_registers_i.mcycle_counter_i.counter,2.2908
u_ibex_core.id_stage_i.controller_i.instr_i,u_ibex_core.cs_registers_i.mcycle_counter_i.counter,2.2908
u_ibex_core.id_stage_i.controller_i.instr_i,u_ibex_core.cs_registers_i.mcycle_counter_i.counter,2.2908
u_ibex_core.id_stage_i.controller_i.instr_i,u_ibex_core.cs_registers_i.mcycle_counter_i.counter,2.2908
u_ibex_core.id_stage_i.controller_i.instr_i,u_ibex_core.cs_registers_i.mcycle_counter_i.counter,2.2908
u_ibex_core.id_stage_i.controller_i.instr_i,u_ibex_core.cs_registers_i.mcycle_counter_i.counter,2.2908
u_ibex_core.id_stage_i.controller_i.instr_i,u_ibex_core.cs_registers_i.mcycle_counter_i.counter,2.2908
u_ibex_core.id_stage_i.controller_i.instr_i,u_ibex_core.cs_registers_i.mcycle_counter_i.counter,2.2908
u_ibex_core.id_stage_i.controller_i.instr_i,u_ibex_core.cs_registers_i.mcycle_counter_i.counter,2.2908
u_ibex_core.id_stage_i.controller_i.instr_i,u_ibex_core.cs_registers_i.mcycle_counter_i.counter,2.2908
u_ibex_core.id_stage_i.controller_i.instr_i,u_ibex_core.cs_registers_i.mcycle_counter_i.counter,2.2927
u_ibex_core.id_stage_i.controller_i.instr_i,crash_dump_o,2.2968
u_ibex_core.id_stage_i.controller_i.instr_i,u_ibex_core.cs_registers_i.mcycle_counter_i.counter,2.301
u_ibex_core.id_stage_i.controller_i.instr_i,u_ibex_core.if_stage_i.gen_prefetch_buffer.prefetch_buffer_i.stored_addr_q,2.3026
u_ibex_core.id_stage_i.controller_i.instr_i,u_ibex_core.cs_registers_i.mcycle_counter_i.counter,2.3051
u_ibex_core.id_stage_i.controller_i.instr_i,u_ibex_core.cs_registers_i.mcycle_counter_i.counter,2.3051
u_ibex_core.id_stage_i.controller_i.instr_i,u_ibex_core.cs_registers_i.mcycle_counter_i.counter,2.307
u_ibex_core.id_stage_i.controller_i.instr_i,u_ibex_core.cs_registers_i.mcycle_counter_i.counter,2.307
u_ibex_core.id_stage_i.controller_i.instr_i,u_ibex_core.cs_registers_i.mcycle_counter_i.counter,2.307
u_ibex_core.id_stage_i.controller_i.instr_i,u_ibex_core.cs_registers_i.mcycle_counter_i.counter,2.307
u_ibex_core.id_stage_i.controller_i.instr_i,u_ibex_core.cs_registers_i.mcycle_counter_i.counter,2.307
u_ibex_core.id_stage_i.controller_i.instr_i,u_ibex_core.cs_registers_i.mcycle_counter_i.counter,2.307
u_ibex_core.id_stage_i.controller_i.instr_i,u_ibex_core.cs_registers_i.mcycle_counter_i.counter,2.307
u_ibex_core.id_stage_i.controller_i.instr_i,u_ibex_core.cs_registers_i.mcycle_counter_i.counter,2.307
u_ibex_core.id_stage_i.controller_i.instr_i,u_ibex_core.cs_registers_i.mcycle_counter_i.counter,2.307
u_ibex_core.id_stage_i.controller_i.instr_i,u_ibex_core.cs_registers_i.mcycle_counter_i.counter,2.307
u_ibex_core.id_stage_i.controller_i.instr_i,u_ibex_core.if_stage_i.gen_prefetch_buffer.prefetch_buffer_i.stored_addr_q,2.3087
u_ibex_core.id_stage_i.controller_i.instr_i,u_ibex_core.cs_registers_i.mcycle_counter_i.counter,2.3127
u_ibex_core.id_stage_i.controller_i.instr_i,u_ibex_core.if_stage_i.gen_prefetch_buffer.prefetch_buffer_i.fetch_addr_q,2.3131
u_ibex_core.id_stage_i.controller_i.instr_i,u_ibex_core.cs_registers_i.mcycle_counter_i.counter,2.3146
u_ibex_core.id_stage_i.controller_i.instr_i,u_ibex_core.cs_registers_i.mcycle_counter_i.counter,2.3146
u_ibex_core.id_stage_i.controller_i.instr_i,u_ibex_core.if_stage_i.gen_prefetch_buffer.prefetch_buffer_i.stored_addr_q,2.315
u_ibex_core.id_stage_i.controller_i.instr_i,u_ibex_core.cs_registers_i.mcycle_counter_i.counter,2.3156
u_ibex_core.id_stage_i.controller_i.instr_i,u_ibex_core.cs_registers_i.mcycle_counter_i.counter,2.3156
u_ibex_core.id_stage_i.controller_i.instr_i,u_ibex_core.cs_registers_i.mcycle_counter_i.counter,2.3156
u_ibex_core.id_stage_i.controller_i.instr_i,u_ibex_core.cs_registers_i.mcycle_counter_i.counter,2.3156
u_ibex_core.id_stage_i.controller_i.instr_i,u_ibex_core.cs_registers_i.mcycle_counter_i.counter,2.3197
u_ibex_core.id_stage_i.controller_i.instr_i,u_ibex_core.cs_registers_i.mcycle_counter_i.counter,2.3197
u_ibex_core.id_stage_i.controller_i.instr_i,u_ibex_core.cs_registers_i.mcycle_counter_i.counter,2.3197
u_ibex_core.id_stage_i.controller_i.instr_i,u_ibex_core.cs_registers_i.mcycle_counter_i.counter,2.3262
u_ibex_core.id_stage_i.controller_i.instr_i,u_ibex_core.cs_registers_i.mcycle_counter_i.counter,2.3262
u_ibex_core.id_stage_i.controller_i.instr_i,u_ibex_core.id_stage_i.controller_i.ctrl_fsm_cs,2.328
u_ibex_core.id_stage_i.controller_i.instr_i,u_ibex_core.id_stage_i.controller_i.ctrl_fsm_cs,2.3326
u_ibex_core.id_stage_i.controller_i.instr_i,genblk3.genblk1.gen_regfile_latch.register_file_i.wdata_a_q,2.3335
u_ibex_core.id_stage_i.controller_i.instr_i,genblk3.genblk1.gen_regfile_latch.register_file_i.wdata_a_q,2.3364
u_ibex_core.id_stage_i.controller_i.instr_i,crash_dump_o,2.3375
u_ibex_core.id_stage_i.controller_i.instr_i,u_ibex_core.if_stage_i.gen_prefetch_buffer.prefetch_buffer_i.stored_addr_q,2.3463
u_ibex_core.id_stage_i.controller_i.instr_i,genblk3.genblk1.gen_regfile_latch.register_file_i.wdata_a_q,2.3512
u_ibex_core.id_stage_i.controller_i.instr_i,u_ibex_core.if_stage_i.gen_prefetch_buffer.prefetch_buffer_i.fetch_addr_q,2.3536
u_ibex_core.id_stage_i.controller_i.instr_i,genblk3.genblk1.gen_regfile_latch.register_file_i.wdata_a_q,2.3548
u_ibex_core.id_stage_i.controller_i.instr_i,genblk3.genblk1.gen_regfile_latch.register_file_i.wdata_a_q,2.359
u_ibex_core.id_stage_i.controller_i.instr_i,genblk3.genblk1.gen_regfile_latch.register_file_i.wdata_a_q,2.3591
u_ibex_core.id_stage_i.controller_i.instr_i,u_ibex_core.id_stage_i.controller_i.ctrl_fsm_cs,2.3596
u_ibex_core.id_stage_i.controller_i.instr_i,crash_dump_o,2.3635
u_ibex_core.id_stage_i.controller_i.instr_i,u_ibex_core.ex_block_i.genblk3.gen_multdiv_fast.multdiv_i.op_numerator_q,2.3668
u_ibex_core.id_stage_i.controller_i.instr_i,u_ibex_core.cs_registers_i.mcause_q,2.3745
u_ibex_core.id_stage_i.controller_i.instr_i,u_ibex_core.ex_block_i.alu_i.g_no_alu_rvb.unused_imd_val_q,2.3746
u_ibex_core.id_stage_i.controller_i.instr_i,crash_dump_o,2.3753
u_ibex_core.id_stage_i.controller_i.instr_i,crash_dump_o,2.3753
u_ibex_core.id_stage_i.controller_i.instr_i,u_ibex_core.if_stage_i.gen_prefetch_buffer.prefetch_buffer_i.fetch_addr_q,2.3785
u_ibex_core.id_stage_i.controller_i.instr_i,crash_dump_o,2.3792
u_ibex_core.id_stage_i.controller_i.instr_i,u_ibex_core.cs_registers_i.csr_mtvec_o,2.3795
u_ibex_core.id_stage_i.controller_i.instr_i,crash_dump_o,2.38
u_ibex_core.id_stage_i.controller_i.instr_i,u_ibex_core.cs_registers_i.mstack_d,2.3822
u_ibex_core.id_stage_i.controller_i.instr_i,crash_dump_o,2.3847
u_ibex_core.id_stage_i.controller_i.instr_i,u_ibex_core.ex_block_i.genblk3.gen_multdiv_fast.multdiv_i.op_numerator_q,2.3871
u_ibex_core.id_stage_i.controller_i.instr_i,crash_dump_o,2.3877
u_ibex_core.id_stage_i.controller_i.instr_i,crash_dump_o,2.3882
u_ibex_core.id_stage_i.controller_i.instr_i,crash_dump_o,2.3893
u_ibex_core.id_stage_i.controller_i.instr_i,u_ibex_core.if_stage_i.gen_prefetch_buffer.prefetch_buffer_i.stored_addr_q,2.3904
u_ibex_core.id_stage_i.controller_i.instr_i,crash_dump_o,2.392
u_ibex_core.id_stage_i.controller_i.instr_i,crash_dump_o,2.3923
u_ibex_core.id_stage_i.controller_i.instr_i,u_ibex_core.ex_block_i.alu_i.g_no_alu_rvb.unused_imd_val_q,2.394
u_ibex_core.id_stage_i.controller_i.instr_i,crash_dump_o,2.3953
u_ibex_core.id_stage_i.controller_i.instr_i,crash_dump_o,2.3963
u_ibex_core.id_stage_i.controller_i.instr_i,u_ibex_core.cs_registers_i.csr_mtvec_o,2.3991
u_ibex_core.id_stage_i.controller_i.instr_i,u_ibex_core.cs_registers_i.csr_mtvec_o,2.3991
u_ibex_core.id_stage_i.controller_i.instr_i,crash_dump_o,2.3992
u_ibex_core.id_stage_i.controller_i.instr_i,crash_dump_o,2.3993
u_ibex_core.id_stage_i.controller_i.instr_i,u_ibex_core.cs_registers_i.csr_mtvec_o,2.4002
u_ibex_core.id_stage_i.controller_i.instr_i,u_ibex_core.cs_registers_i.csr_mtvec_o,2.4002
u_ibex_core.id_stage_i.controller_i.instr_i,u_ibex_core.cs_registers_i.csr_mtvec_o,2.4005
u_ibex_core.id_stage_i.controller_i.instr_i,u_ibex_core.cs_registers_i.csr_mtvec_o,2.4008
u_ibex_core.id_stage_i.controller_i.instr_i,u_ibex_core.cs_registers_i.csr_mtvec_o,2.4011
u_ibex_core.id_stage_i.controller_i.instr_i,u_ibex_core.cs_registers_i.csr_mtvec_o,2.4011
u_ibex_core.id_stage_i.controller_i.instr_i,u_ibex_core.cs_registers_i.csr_mtvec_o,2.4012
u_ibex_core.id_stage_i.controller_i.instr_i,u_ibex_core.cs_registers_i.csr_mtvec_o,2.4012
u_ibex_core.id_stage_i.controller_i.instr_i,u_ibex_core.cs_registers_i.csr_mtvec_o,2.4012
u_ibex_core.id_stage_i.controller_i.instr_i,u_ibex_core.cs_registers_i.csr_mtvec_o,2.4012
u_ibex_core.id_stage_i.controller_i.instr_i,u_ibex_core.cs_registers_i.csr_mtvec_o,2.4019
u_ibex_core.id_stage_i.controller_i.instr_i,crash_dump_o,2.4019
u_ibex_core.id_stage_i.controller_i.instr_i,crash_dump_o,2.4019
u_ibex_core.id_stage_i.controller_i.instr_i,crash_dump_o,2.4026
u_ibex_core.id_stage_i.controller_i.instr_i,crash_dump_o,2.4026
u_ibex_core.id_stage_i.controller_i.instr_i,u_ibex_core.cs_registers_i.dscratch1_q,2.4037
u_ibex_core.id_stage_i.controller_i.instr_i,u_ibex_core.cs_registers_i.dscratch1_q,2.4037
u_ibex_core.id_stage_i.controller_i.instr_i,u_ibex_core.cs_registers_i.dscratch1_q,2.4037
u_ibex_core.id_stage_i.controller_i.instr_i,u_ibex_core.cs_registers_i.dscratch1_q,2.4037
u_ibex_core.id_stage_i.controller_i.instr_i,u_ibex_core.cs_registers_i.dscratch1_q,2.4037
u_ibex_core.id_stage_i.controller_i.instr_i,u_ibex_core.cs_registers_i.dscratch1_q,2.4037
u_ibex_core.id_stage_i.controller_i.instr_i,u_ibex_core.cs_registers_i.dscratch0_q,2.4037
u_ibex_core.id_stage_i.controller_i.instr_i,u_ibex_core.cs_registers_i.dscratch0_q,2.4037
u_ibex_core.id_stage_i.controller_i.instr_i,u_ibex_core.cs_registers_i.dscratch0_q,2.4037
u_ibex_core.id_stage_i.controller_i.instr_i,u_ibex_core.cs_registers_i.dscratch0_q,2.4037
u_ibex_core.id_stage_i.controller_i.instr_i,u_ibex_core.cs_registers_i.dscratch0_q,2.4037
u_ibex_core.id_stage_i.controller_i.instr_i,u_ibex_core.cs_registers_i.dscratch0_q,2.4037
u_ibex_core.id_stage_i.controller_i.instr_i,crash_dump_o,2.4041
u_ibex_core.id_stage_i.controller_i.instr_i,u_ibex_core.cs_registers_i.mscratch_q,2.4057
u_ibex_core.id_stage_i.controller_i.instr_i,u_ibex_core.cs_registers_i.mscratch_q,2.4057
u_ibex_core.id_stage_i.controller_i.instr_i,u_ibex_core.cs_registers_i.mscratch_q,2.4057
u_ibex_core.id_stage_i.controller_i.instr_i,u_ibex_core.cs_registers_i.mscratch_q,2.4057
u_ibex_core.id_stage_i.controller_i.instr_i,u_ibex_core.cs_registers_i.mscratch_q,2.4057
u_ibex_core.id_stage_i.controller_i.instr_i,u_ibex_core.cs_registers_i.mscratch_q,2.4057
u_ibex_core.id_stage_i.controller_i.instr_i,u_ibex_core.ex_block_i.genblk3.gen_multdiv_fast.multdiv_i.op_numerator_q,2.4057
u_ibex_core.id_stage_i.controller_i.instr_i,crash_dump_o,2.4059
u_ibex_core.id_stage_i.controller_i.instr_i,crash_dump_o,2.406
u_ibex_core.id_stage_i.controller_i.instr_i,u_ibex_core.ex_block_i.alu_i.g_no_alu_rvb.unused_imd_val_q,2.4065
u_ibex_core.id_stage_i.controller_i.instr_i,crash_dump_o,2.4071
u_ibex_core.id_stage_i.controller_i.instr_i,u_ibex_core.cs_registers_i.mscratch_q,2.4081
u_ibex_core.id_stage_i.controller_i.instr_i,u_ibex_core.cs_registers_i.mie_q,2.4081
u_ibex_core.id_stage_i.controller_i.instr_i,u_ibex_core.cs_registers_i.dscratch1_q,2.4081
u_ibex_core.id_stage_i.controller_i.instr_i,u_ibex_core.cs_registers_i.dscratch0_q,2.4081
u_ibex_core.id_stage_i.controller_i.instr_i,crash_dump_o,2.4085
u_ibex_core.id_stage_i.controller_i.instr_i,u_ibex_core.cs_registers_i.mcause_q,2.4086
u_ibex_core.id_stage_i.controller_i.instr_i,u_ibex_core.cs_registers_i.csr_depc_o,2.4095
u_ibex_core.id_stage_i.controller_i.instr_i,u_ibex_core.cs_registers_i.csr_mtvec_o,2.4105
u_ibex_core.id_stage_i.controller_i.instr_i,u_ibex_core.cs_registers_i.csr_mtvec_o,2.4108
u_ibex_core.id_stage_i.controller_i.instr_i,u_ibex_core.cs_registers_i.csr_mtvec_o,2.4108
u_ibex_core.id_stage_i.controller_i.instr_i,u_ibex_core.cs_registers_i.csr_mtvec_o,2.411
u_ibex_core.id_stage_i.controller_i.instr_i,u_ibex_core.cs_registers_i.csr_mtvec_o,2.411
u_ibex_core.id_stage_i.controller_i.instr_i,u_ibex_core.cs_registers_i.csr_mtvec_o,2.411
u_ibex_core.id_stage_i.controller_i.instr_i,u_ibex_core.cs_registers_i.csr_mtvec_o,2.411
u_ibex_core.id_stage_i.controller_i.instr_i,crash_dump_o,2.4119
u_ibex_core.id_stage_i.controller_i.instr_i,u_ibex_core.cs_registers_i.mscratch_q,2.4128
u_ibex_core.id_stage_i.controller_i.instr_i,u_ibex_core.cs_registers_i.dscratch1_q,2.4128
u_ibex_core.id_stage_i.controller_i.instr_i,u_ibex_core.cs_registers_i.dscratch0_q,2.4128
u_ibex_core.id_stage_i.controller_i.instr_i,u_ibex_core.cs_registers_i.mstack_d,2.4129
u_ibex_core.id_stage_i.controller_i.instr_i,u_ibex_core.cs_registers_i.csr_depc_o,2.4143
u_ibex_core.id_stage_i.controller_i.instr_i,crash_dump_o,2.4155
u_ibex_core.id_stage_i.controller_i.instr_i,crash_dump_o,2.417
u_ibex_core.id_stage_i.controller_i.instr_i,u_ibex_core.cs_registers_i.csr_depc_o,2.4178
u_ibex_core.id_stage_i.controller_i.instr_i,u_ibex_core.cs_registers_i.csr_depc_o,2.4179
u_ibex_core.id_stage_i.controller_i.instr_i,u_ibex_core.cs_registers_i.csr_depc_o,2.418
u_ibex_core.id_stage_i.controller_i.instr_i,u_ibex_core.cs_registers_i.csr_depc_o,2.4181
u_ibex_core.id_stage_i.controller_i.instr_i,u_ibex_core.cs_registers_i.csr_depc_o,2.4181
u_ibex_core.id_stage_i.controller_i.instr_i,u_ibex_core.cs_registers_i.csr_depc_o,2.4182
u_ibex_core.id_stage_i.controller_i.instr_i,u_ibex_core.cs_registers_i.csr_depc_o,2.4183
u_ibex_core.id_stage_i.controller_i.instr_i,u_ibex_core.cs_registers_i.csr_depc_o,2.4183
u_ibex_core.id_stage_i.controller_i.instr_i,u_ibex_core.cs_registers_i.csr_depc_o,2.4183
u_ibex_core.id_stage_i.controller_i.instr_i,u_ibex_core.cs_registers_i.csr_depc_o,2.4183
u_ibex_core.id_stage_i.controller_i.instr_i,u_ibex_core.cs_registers_i.csr_depc_o,2.4185
u_ibex_core.id_stage_i.controller_i.instr_i,u_ibex_core.cs_registers_i.csr_depc_o,2.4187
u_ibex_core.id_stage_i.controller_i.instr_i,u_ibex_core.cs_registers_i.csr_depc_o,2.4187
u_ibex_core.id_stage_i.controller_i.instr_i,u_ibex_core.cs_registers_i.csr_depc_o,2.4187
u_ibex_core.id_stage_i.controller_i.instr_i,u_ibex_core.cs_registers_i.csr_depc_o,2.4188
u_ibex_core.id_stage_i.controller_i.instr_i,u_ibex_core.cs_registers_i.csr_depc_o,2.4188
u_ibex_core.id_stage_i.controller_i.instr_i,u_ibex_core.cs_registers_i.csr_depc_o,2.4188
u_ibex_core.id_stage_i.controller_i.instr_i,u_ibex_core.cs_registers_i.csr_depc_o,2.419
u_ibex_core.id_stage_i.controller_i.instr_i,u_ibex_core.cs_registers_i.csr_depc_o,2.419
u_ibex_core.id_stage_i.controller_i.instr_i,u_ibex_core.cs_registers_i.csr_depc_o,2.419
u_ibex_core.id_stage_i.controller_i.instr_i,u_ibex_core.cs_registers_i.csr_depc_o,2.419
u_ibex_core.id_stage_i.controller_i.instr_i,u_ibex_core.cs_registers_i.csr_depc_o,2.419
u_ibex_core.id_stage_i.controller_i.instr_i,u_ibex_core.cs_registers_i.csr_depc_o,2.419
u_ibex_core.id_stage_i.controller_i.instr_i,u_ibex_core.cs_registers_i.csr_depc_o,2.419
u_ibex_core.id_stage_i.controller_i.instr_i,u_ibex_core.cs_registers_i.csr_depc_o,2.419
u_ibex_core.id_stage_i.controller_i.instr_i,u_ibex_core.cs_registers_i.csr_depc_o,2.419
u_ibex_core.id_stage_i.controller_i.instr_i,u_ibex_core.cs_registers_i.csr_depc_o,2.419
u_ibex_core.id_stage_i.controller_i.instr_i,u_ibex_core.cs_registers_i.csr_depc_o,2.419
u_ibex_core.id_stage_i.controller_i.instr_i,u_ibex_core.if_stage_i.gen_prefetch_buffer.prefetch_buffer_i.fetch_addr_q,2.4195
u_ibex_core.id_stage_i.controller_i.instr_i,u_ibex_core.cs_registers_i.mscratch_q,2.4201
u_ibex_core.id_stage_i.controller_i.instr_i,u_ibex_core.cs_registers_i.mie_q,2.4201
u_ibex_core.id_stage_i.controller_i.instr_i,u_ibex_core.cs_registers_i.dscratch1_q,2.4201
u_ibex_core.id_stage_i.controller_i.instr_i,u_ibex_core.cs_registers_i.dscratch0_q,2.4201
u_ibex_core.id_stage_i.controller_i.instr_i,u_ibex_core.if_stage_i.gen_prefetch_buffer.prefetch_buffer_i.stored_addr_q,2.4202
u_ibex_core.id_stage_i.controller_i.instr_i,crash_dump_o,2.424
u_ibex_core.id_stage_i.controller_i.instr_i,u_ibex_core.cs_registers_i.csr_mtvec_o,2.4245
u_ibex_core.id_stage_i.controller_i.instr_i,crash_dump_o,2.4261
u_ibex_core.id_stage_i.controller_i.instr_i,crash_dump_o,2.4288
u_ibex_core.id_stage_i.controller_i.instr_i,u_ibex_core.cs_registers_i.mie_q,2.429
u_ibex_core.id_stage_i.controller_i.instr_i,u_ibex_core.cs_registers_i.mie_q,2.429
u_ibex_core.id_stage_i.controller_i.instr_i,u_ibex_core.cs_registers_i.mie_q,2.429
u_ibex_core.id_stage_i.controller_i.instr_i,u_ibex_core.cs_registers_i.mie_q,2.429
u_ibex_core.id_stage_i.controller_i.instr_i,u_ibex_core.cs_registers_i.mcause_q,2.4304
u_ibex_core.id_stage_i.controller_i.instr_i,crash_dump_o,2.4315
u_ibex_core.id_stage_i.controller_i.instr_i,u_ibex_core.cs_registers_i.dscratch1_q,2.432
u_ibex_core.id_stage_i.controller_i.instr_i,u_ibex_core.cs_registers_i.dscratch0_q,2.432
u_ibex_core.id_stage_i.controller_i.instr_i,u_ibex_core.cs_registers_i.dscratch1_q,2.4321
u_ibex_core.id_stage_i.controller_i.instr_i,u_ibex_core.cs_registers_i.dscratch0_q,2.4321
u_ibex_core.id_stage_i.controller_i.instr_i,u_ibex_core.cs_registers_i.mscratch_q,2.4321
u_ibex_core.id_stage_i.controller_i.instr_i,u_ibex_core.cs_registers_i.dscratch1_q,2.4321
u_ibex_core.id_stage_i.controller_i.instr_i,u_ibex_core.cs_registers_i.dscratch0_q,2.4321
u_ibex_core.id_stage_i.controller_i.instr_i,u_ibex_core.cs_registers_i.dscratch1_q,2.4325
u_ibex_core.id_stage_i.controller_i.instr_i,u_ibex_core.cs_registers_i.dscratch1_q,2.4325
u_ibex_core.id_stage_i.controller_i.instr_i,u_ibex_core.cs_registers_i.dscratch0_q,2.4325
u_ibex_core.id_stage_i.controller_i.instr_i,u_ibex_core.cs_registers_i.dscratch0_q,2.4325
u_ibex_core.id_stage_i.controller_i.instr_i,u_ibex_core.cs_registers_i.mie_q,2.4334
u_ibex_core.id_stage_i.controller_i.instr_i,u_ibex_core.cs_registers_i.mscratch_q,2.4334
u_ibex_core.id_stage_i.controller_i.instr_i,u_ibex_core.cs_registers_i.mscratch_q,2.4339
u_ibex_core.id_stage_i.controller_i.instr_i,u_ibex_core.cs_registers_i.mscratch_q,2.4344
u_ibex_core.id_stage_i.controller_i.instr_i,u_ibex_core.cs_registers_i.mscratch_q,2.4344
u_ibex_core.id_stage_i.controller_i.instr_i,u_ibex_core.cs_registers_i.dscratch1_q,2.4349
u_ibex_core.id_stage_i.controller_i.instr_i,u_ibex_core.cs_registers_i.dscratch0_q,2.4349
u_ibex_core.id_stage_i.controller_i.instr_i,u_ibex_core.cs_registers_i.mscratch_q,2.4349
u_ibex_core.id_stage_i.controller_i.instr_i,u_ibex_core.cs_registers_i.mie_q,2.435
u_ibex_core.id_stage_i.controller_i.instr_i,u_ibex_core.cs_registers_i.mie_q,2.4351
u_ibex_core.id_stage_i.controller_i.instr_i,u_ibex_core.cs_registers_i.dscratch1_q,2.4351
u_ibex_core.id_stage_i.controller_i.instr_i,u_ibex_core.cs_registers_i.dscratch0_q,2.4351
u_ibex_core.id_stage_i.controller_i.instr_i,u_ibex_core.cs_registers_i.mscratch_q,2.4351
u_ibex_core.id_stage_i.controller_i.instr_i,crash_dump_o,2.4352
u_ibex_core.id_stage_i.controller_i.instr_i,u_ibex_core.cs_registers_i.dscratch1_q,2.4359
u_ibex_core.id_stage_i.controller_i.instr_i,u_ibex_core.cs_registers_i.dscratch0_q,2.4359
u_ibex_core.id_stage_i.controller_i.instr_i,u_ibex_core.cs_registers_i.dscratch1_q,2.436
u_ibex_core.id_stage_i.controller_i.instr_i,u_ibex_core.cs_registers_i.dscratch0_q,2.436
u_ibex_core.id_stage_i.controller_i.instr_i,u_ibex_core.cs_registers_i.dscratch1_q,2.4362
u_ibex_core.id_stage_i.controller_i.instr_i,u_ibex_core.cs_registers_i.dscratch0_q,2.4362
u_ibex_core.id_stage_i.controller_i.instr_i,u_ibex_core.cs_registers_i.dscratch1_q,2.4362
u_ibex_core.id_stage_i.controller_i.instr_i,u_ibex_core.cs_registers_i.dscratch0_q,2.4362
u_ibex_core.id_stage_i.controller_i.instr_i,u_ibex_core.cs_registers_i.mstatus_q,2.4364
u_ibex_core.id_stage_i.controller_i.instr_i,u_ibex_core.cs_registers_i.dscratch1_q,2.4366
u_ibex_core.id_stage_i.controller_i.instr_i,u_ibex_core.cs_registers_i.dscratch1_q,2.4366
u_ibex_core.id_stage_i.controller_i.instr_i,u_ibex_core.cs_registers_i.dscratch1_q,2.4366
u_ibex_core.id_stage_i.controller_i.instr_i,u_ibex_core.cs_registers_i.dscratch1_q,2.4366
u_ibex_core.id_stage_i.controller_i.instr_i,u_ibex_core.cs_registers_i.dscratch0_q,2.4366
u_ibex_core.id_stage_i.controller_i.instr_i,u_ibex_core.cs_registers_i.dscratch0_q,2.4366
u_ibex_core.id_stage_i.controller_i.instr_i,u_ibex_core.cs_registers_i.dscratch0_q,2.4366
u_ibex_core.id_stage_i.controller_i.instr_i,u_ibex_core.cs_registers_i.dscratch0_q,2.4366
u_ibex_core.id_stage_i.controller_i.instr_i,u_ibex_core.cs_registers_i.dscratch1_q,2.4366
u_ibex_core.id_stage_i.controller_i.instr_i,u_ibex_core.cs_registers_i.dscratch1_q,2.4366
u_ibex_core.id_stage_i.controller_i.instr_i,u_ibex_core.cs_registers_i.dscratch1_q,2.4366
u_ibex_core.id_stage_i.controller_i.instr_i,u_ibex_core.cs_registers_i.dscratch1_q,2.4366
u_ibex_core.id_stage_i.controller_i.instr_i,u_ibex_core.cs_registers_i.dscratch0_q,2.4366
u_ibex_core.id_stage_i.controller_i.instr_i,u_ibex_core.cs_registers_i.dscratch0_q,2.4366
u_ibex_core.id_stage_i.controller_i.instr_i,u_ibex_core.cs_registers_i.dscratch0_q,2.4366
u_ibex_core.id_stage_i.controller_i.instr_i,u_ibex_core.cs_registers_i.dscratch0_q,2.4366
u_ibex_core.id_stage_i.controller_i.instr_i,u_ibex_core.cs_registers_i.mie_q,2.4366
u_ibex_core.id_stage_i.controller_i.instr_i,u_ibex_core.cs_registers_i.mscratch_q,2.4366
u_ibex_core.id_stage_i.controller_i.instr_i,crash_dump_o,2.4367
u_ibex_core.id_stage_i.controller_i.instr_i,crash_dump_o,2.4369
u_ibex_core.id_stage_i.controller_i.instr_i,u_ibex_core.cs_registers_i.mscratch_q,2.4373
u_ibex_core.id_stage_i.controller_i.instr_i,u_ibex_core.cs_registers_i.mscratch_q,2.4378
u_ibex_core.id_stage_i.controller_i.instr_i,u_ibex_core.cs_registers_i.mscratch_q,2.438
u_ibex_core.id_stage_i.controller_i.instr_i,crash_dump_o,2.4383
u_ibex_core.id_stage_i.controller_i.instr_i,u_ibex_core.cs_registers_i.mscratch_q,2.4385
u_ibex_core.id_stage_i.controller_i.instr_i,u_ibex_core.cs_registers_i.mscratch_q,2.4385
u_ibex_core.id_stage_i.controller_i.instr_i,u_ibex_core.cs_registers_i.mscratch_q,2.4385
u_ibex_core.id_stage_i.controller_i.instr_i,u_ibex_core.cs_registers_i.mscratch_q,2.4385
u_ibex_core.id_stage_i.controller_i.instr_i,u_ibex_core.cs_registers_i.mscratch_q,2.4385
u_ibex_core.id_stage_i.controller_i.instr_i,u_ibex_core.cs_registers_i.mscratch_q,2.4385
u_ibex_core.id_stage_i.controller_i.instr_i,u_ibex_core.cs_registers_i.mscratch_q,2.4385
u_ibex_core.id_stage_i.controller_i.instr_i,u_ibex_core.cs_registers_i.mscratch_q,2.4385
u_ibex_core.id_stage_i.controller_i.instr_i,u_ibex_core.cs_registers_i.mcause_q,2.4391
u_ibex_core.id_stage_i.controller_i.instr_i,crash_dump_o,2.4391
u_ibex_core.id_stage_i.controller_i.instr_i,crash_dump_o,2.4406
u_ibex_core.id_stage_i.controller_i.instr_i,crash_dump_o,2.4413
u_ibex_core.id_stage_i.controller_i.instr_i,crash_dump_o,2.4413
u_ibex_core.id_stage_i.controller_i.instr_i,crash_dump_o,2.4413
u_ibex_core.id_stage_i.controller_i.instr_i,crash_dump_o,2.4413
u_ibex_core.id_stage_i.controller_i.instr_i,crash_dump_o,2.4413
u_ibex_core.id_stage_i.controller_i.instr_i,crash_dump_o,2.4413
u_ibex_core.id_stage_i.controller_i.instr_i,crash_dump_o,2.4413
u_ibex_core.id_stage_i.controller_i.instr_i,crash_dump_o,2.4413
u_ibex_core.id_stage_i.controller_i.instr_i,crash_dump_o,2.4427
u_ibex_core.id_stage_i.controller_i.instr_i,crash_dump_o,2.443
u_ibex_core.id_stage_i.controller_i.instr_i,crash_dump_o,2.4432
u_ibex_core.id_stage_i.controller_i.instr_i,crash_dump_o,2.4443
u_ibex_core.id_stage_i.controller_i.instr_i,u_ibex_core.cs_registers_i.csr_mstatus_mie_o,2.4456
u_ibex_core.id_stage_i.controller_i.instr_i,u_ibex_core.cs_registers_i.mcause_q,2.4457
u_ibex_core.id_stage_i.controller_i.instr_i,u_ibex_core.cs_registers_i.csr_mtvec_o,2.4478
u_ibex_core.id_stage_i.controller_i.instr_i,u_ibex_core.cs_registers_i.dcsr_q,2.4485
u_ibex_core.id_stage_i.controller_i.instr_i,u_ibex_core.cs_registers_i.dcsr_q,2.449
u_ibex_core.id_stage_i.controller_i.instr_i,u_ibex_core.cs_registers_i.csr_mtvec_o,2.4509
u_ibex_core.id_stage_i.controller_i.instr_i,u_ibex_core.ex_block_i.alu_i.g_no_alu_rvb.unused_imd_val_q,2.4513
u_ibex_core.id_stage_i.controller_i.instr_i,crash_dump_o,2.453
u_ibex_core.id_stage_i.controller_i.instr_i,u_ibex_core.ex_block_i.genblk3.gen_multdiv_fast.multdiv_i.op_numerator_q,2.4533
u_ibex_core.id_stage_i.controller_i.instr_i,u_ibex_core.cs_registers_i.dscratch1_q,2.4553
u_ibex_core.id_stage_i.controller_i.instr_i,u_ibex_core.cs_registers_i.dscratch0_q,2.4553
u_ibex_core.id_stage_i.controller_i.instr_i,u_ibex_core.cs_registers_i.mscratch_q,2.4553
u_ibex_core.id_stage_i.controller_i.instr_i,crash_dump_o,2.4569
u_ibex_core.id_stage_i.controller_i.instr_i,u_ibex_core.if_stage_i.gen_prefetch_buffer.prefetch_buffer_i.stored_addr_q,2.4572
u_ibex_core.id_stage_i.controller_i.instr_i,u_ibex_core.cs_registers_i.mie_q,2.4578
u_ibex_core.id_stage_i.controller_i.instr_i,u_ibex_core.cs_registers_i.mie_q,2.4578
u_ibex_core.id_stage_i.controller_i.instr_i,u_ibex_core.cs_registers_i.mie_q,2.4578
u_ibex_core.id_stage_i.controller_i.instr_i,crash_dump_o,2.4588
u_ibex_core.id_stage_i.controller_i.instr_i,crash_dump_o,2.4597
u_ibex_core.id_stage_i.controller_i.instr_i,u_ibex_core.cs_registers_i.mie_q,2.4599
u_ibex_core.id_stage_i.controller_i.instr_i,u_ibex_core.cs_registers_i.mie_q,2.4606
u_ibex_core.id_stage_i.controller_i.instr_i,u_ibex_core.cs_registers_i.mie_q,2.4606
u_ibex_core.id_stage_i.controller_i.instr_i,u_ibex_core.cs_registers_i.mie_q,2.4606
u_ibex_core.id_stage_i.controller_i.instr_i,u_ibex_core.cs_registers_i.debug_single_step_o,2.4618
u_ibex_core.id_stage_i.controller_i.instr_i,crash_dump_o,2.4622
u_ibex_core.id_stage_i.controller_i.instr_i,u_ibex_core.cs_registers_i.dcsr_q,2.4655
u_ibex_core.id_stage_i.controller_i.instr_i,crash_dump_o,2.4657
u_ibex_core.id_stage_i.controller_i.instr_i,u_ibex_core.ex_block_i.genblk3.gen_multdiv_fast.multdiv_i.op_numerator_q,2.4709
u_ibex_core.id_stage_i.controller_i.instr_i,u_ibex_core.ex_block_i.alu_i.g_no_alu_rvb.unused_imd_val_q,2.4712
u_ibex_core.id_stage_i.controller_i.instr_i,u_ibex_core.if_stage_i.gen_prefetch_buffer.prefetch_buffer_i.fetch_addr_q,2.4722
u_ibex_core.id_stage_i.controller_i.instr_i,u_ibex_core.cs_registers_i.csr_mstatus_tw_o,2.4724
u_ibex_core.id_stage_i.controller_i.instr_i,u_ibex_core.cs_registers_i.mscratch_q,2.4727
u_ibex_core.id_stage_i.controller_i.instr_i,u_ibex_core.cs_registers_i.dscratch1_q,2.4727
u_ibex_core.id_stage_i.controller_i.instr_i,u_ibex_core.cs_registers_i.dscratch0_q,2.4727
u_ibex_core.id_stage_i.controller_i.instr_i,crash_dump_o,2.4729
u_ibex_core.id_stage_i.controller_i.instr_i,u_ibex_core.cs_registers_i.dscratch1_q,2.4729
u_ibex_core.id_stage_i.controller_i.instr_i,u_ibex_core.cs_registers_i.dscratch1_q,2.4729
u_ibex_core.id_stage_i.controller_i.instr_i,u_ibex_core.cs_registers_i.dscratch0_q,2.4729
u_ibex_core.id_stage_i.controller_i.instr_i,u_ibex_core.cs_registers_i.dscratch0_q,2.4729
u_ibex_core.id_stage_i.controller_i.instr_i,u_ibex_core.cs_registers_i.mscratch_q,2.4751
u_ibex_core.id_stage_i.controller_i.instr_i,u_ibex_core.cs_registers_i.mscratch_q,2.4751
u_ibex_core.id_stage_i.controller_i.instr_i,u_ibex_core.cs_registers_i.cpuctrlsts_part_q,2.4753
u_ibex_core.id_stage_i.controller_i.instr_i,u_ibex_core.cs_registers_i.csr_depc_o,2.4767
u_ibex_core.id_stage_i.controller_i.instr_i,crash_dump_o,2.4777
u_ibex_core.id_stage_i.controller_i.instr_i,crash_dump_o,2.4777
u_ibex_core.id_stage_i.controller_i.instr_i,crash_dump_o,2.4777
u_ibex_core.id_stage_i.controller_i.instr_i,crash_dump_o,2.4777
u_ibex_core.id_stage_i.controller_i.instr_i,crash_dump_o,2.4777
u_ibex_core.id_stage_i.controller_i.instr_i,crash_dump_o,2.4777
u_ibex_core.id_stage_i.controller_i.instr_i,crash_dump_o,2.4777
u_ibex_core.id_stage_i.controller_i.instr_i,crash_dump_o,2.4777
u_ibex_core.id_stage_i.controller_i.instr_i,crash_dump_o,2.4777
u_ibex_core.id_stage_i.controller_i.instr_i,crash_dump_o,2.4777
u_ibex_core.id_stage_i.controller_i.instr_i,u_ibex_core.cs_registers_i.mcause_q,2.4788
u_ibex_core.id_stage_i.controller_i.instr_i,u_ibex_core.if_stage_i.gen_prefetch_buffer.prefetch_buffer_i.stored_addr_q,2.4815
u_ibex_core.id_stage_i.controller_i.instr_i,u_ibex_core.cs_registers_i.mstack_d,2.4823
u_ibex_core.id_stage_i.controller_i.instr_i,u_ibex_core.cs_registers_i.mie_q,2.4827
u_ibex_core.id_stage_i.controller_i.instr_i,crash_dump_o,2.484
u_ibex_core.id_stage_i.controller_i.instr_i,u_ibex_core.cs_registers_i.debug_ebreakm_o,2.4856
u_ibex_core.id_stage_i.controller_i.instr_i,crash_dump_o,2.4861
u_ibex_core.id_stage_i.controller_i.instr_i,u_ibex_core.if_stage_i.gen_prefetch_buffer.prefetch_buffer_i.fetch_addr_q,2.4874
u_ibex_core.id_stage_i.controller_i.instr_i,crash_dump_o,2.4903
u_ibex_core.id_stage_i.controller_i.instr_i,u_ibex_core.cs_registers_i.debug_ebreaku_o,2.4908
u_ibex_core.id_stage_i.controller_i.instr_i,u_ibex_core.cs_registers_i.mcause_q,2.4919
u_ibex_core.id_stage_i.controller_i.instr_i,u_ibex_core.id_stage_i.controller_i.exc_req_q,2.4972
u_ibex_core.id_stage_i.controller_i.instr_i,u_ibex_core.if_stage_i.gen_prefetch_buffer.prefetch_buffer_i.fetch_addr_q,2.5059
u_ibex_core.id_stage_i.controller_i.instr_i,crash_dump_o,2.5064
u_ibex_core.id_stage_i.controller_i.instr_i,u_ibex_core.if_stage_i.gen_prefetch_buffer.prefetch_buffer_i.stored_addr_q,2.5081
u_ibex_core.id_stage_i.controller_i.instr_i,u_ibex_core.ex_block_i.genblk3.gen_multdiv_fast.multdiv_i.op_numerator_q,2.5092
u_ibex_core.id_stage_i.controller_i.instr_i,u_ibex_core.id_stage_i.controller_i.illegal_insn_q,2.5099
u_ibex_core.id_stage_i.controller_i.instr_i,u_ibex_core.cs_registers_i.cpuctrlsts_part_q,2.519
u_ibex_core.id_stage_i.controller_i.instr_i,u_ibex_core.cs_registers_i.mcountinhibit,2.5297
u_ibex_core.id_stage_i.controller_i.instr_i,u_ibex_core.ex_block_i.alu_i.g_no_alu_rvb.unused_imd_val_q,2.5321
u_ibex_core.id_stage_i.controller_i.instr_i,u_ibex_core.ex_block_i.alu_i.g_no_alu_rvb.unused_imd_val_q,2.5366
u_ibex_core.id_stage_i.controller_i.instr_i,u_ibex_core.cs_registers_i.mcountinhibit,2.5367
u_ibex_core.id_stage_i.controller_i.instr_i,u_ibex_core.if_stage_i.gen_prefetch_buffer.prefetch_buffer_i.stored_addr_q,2.5465
u_ibex_core.id_stage_i.controller_i.instr_i,u_ibex_core.if_stage_i.gen_prefetch_buffer.prefetch_buffer_i.fetch_addr_q,2.547
u_ibex_core.id_stage_i.controller_i.instr_i,u_ibex_core.ex_block_i.genblk3.gen_multdiv_fast.multdiv_i.op_numerator_q,2.5486
u_ibex_core.id_stage_i.controller_i.instr_i,u_ibex_core.ex_block_i.alu_i.g_no_alu_rvb.unused_imd_val_q,2.5494
u_ibex_core.id_stage_i.controller_i.instr_i,crash_dump_o,2.5514
u_ibex_core.id_stage_i.controller_i.instr_i,u_ibex_core.ex_block_i.genblk3.gen_multdiv_fast.multdiv_i.op_numerator_q,2.5595
u_ibex_core.id_stage_i.controller_i.instr_i,u_ibex_core.if_stage_i.gen_prefetch_buffer.prefetch_buffer_i.fetch_addr_q,2.5669
u_ibex_core.id_stage_i.controller_i.instr_i,crash_dump_o,2.5714
u_ibex_core.id_stage_i.controller_i.instr_i,crash_dump_o,2.5923
u_ibex_core.id_stage_i.controller_i.instr_i,u_ibex_core.ex_block_i.genblk3.gen_multdiv_fast.multdiv_i.op_numerator_q,2.5937
u_ibex_core.id_stage_i.controller_i.instr_i,u_ibex_core.ex_block_i.alu_i.g_no_alu_rvb.unused_imd_val_q,2.5945
u_ibex_core.id_stage_i.controller_i.instr_i,u_ibex_core.if_stage_i.gen_prefetch_buffer.prefetch_buffer_i.fetch_addr_q,2.5948
u_ibex_core.id_stage_i.controller_i.instr_i,u_ibex_core.if_stage_i.gen_prefetch_buffer.prefetch_buffer_i.stored_addr_q,2.6074
u_ibex_core.id_stage_i.controller_i.instr_i,u_ibex_core.if_stage_i.gen_prefetch_buffer.prefetch_buffer_i.stored_addr_q,2.6131
u_ibex_core.id_stage_i.controller_i.instr_i,u_ibex_core.ex_block_i.genblk3.gen_multdiv_fast.multdiv_i.op_numerator_q,2.6142
u_ibex_core.id_stage_i.controller_i.instr_i,u_ibex_core.ex_block_i.alu_i.g_no_alu_rvb.unused_imd_val_q,2.6168
u_ibex_core.id_stage_i.controller_i.instr_i,u_ibex_core.if_stage_i.gen_prefetch_buffer.prefetch_buffer_i.fetch_addr_q,2.634
u_ibex_core.id_stage_i.controller_i.instr_i,crash_dump_o,2.6394
u_ibex_core.id_stage_i.controller_i.instr_i,u_ibex_core.ex_block_i.alu_i.g_no_alu_rvb.unused_imd_val_q,2.6444
u_ibex_core.id_stage_i.controller_i.instr_i,u_ibex_core.ex_block_i.genblk3.gen_multdiv_fast.multdiv_i.op_numerator_q,2.6444
u_ibex_core.id_stage_i.controller_i.instr_i,u_ibex_core.if_stage_i.gen_prefetch_buffer.prefetch_buffer_i.stored_addr_q,2.6563
u_ibex_core.id_stage_i.controller_i.instr_i,u_ibex_core.if_stage_i.gen_prefetch_buffer.prefetch_buffer_i.stored_addr_q,2.6581
u_ibex_core.id_stage_i.controller_i.instr_i,u_ibex_core.if_stage_i.gen_prefetch_buffer.prefetch_buffer_i.fetch_addr_q,2.6595
u_ibex_core.id_stage_i.controller_i.instr_i,u_ibex_core.load_store_unit_i.ls_fsm_cs,2.67
u_ibex_core.id_stage_i.controller_i.instr_i,crash_dump_o,2.6724
u_ibex_core.id_stage_i.controller_i.instr_i,u_ibex_core.ex_block_i.genblk3.gen_multdiv_fast.multdiv_i.op_numerator_q,2.6816
u_ibex_core.id_stage_i.controller_i.instr_i,u_ibex_core.ex_block_i.alu_i.g_no_alu_rvb.unused_imd_val_q,2.6824
u_ibex_core.id_stage_i.controller_i.instr_i,u_ibex_core.if_stage_i.gen_prefetch_buffer.prefetch_buffer_i.stored_addr_q,2.6911
u_ibex_core.id_stage_i.controller_i.instr_i,u_ibex_core.if_stage_i.gen_prefetch_buffer.prefetch_buffer_i.fetch_addr_q,2.7003
u_ibex_core.id_stage_i.controller_i.instr_i,u_ibex_core.load_store_unit_i.handle_misaligned_q,2.7044
u_ibex_core.id_stage_i.controller_i.instr_i,crash_dump_o,2.7048
u_ibex_core.id_stage_i.controller_i.instr_i,u_ibex_core.ex_block_i.genblk3.gen_multdiv_fast.multdiv_i.op_numerator_q,2.7147
u_ibex_core.id_stage_i.controller_i.instr_i,u_ibex_core.ex_block_i.alu_i.g_no_alu_rvb.unused_imd_val_q,2.7173
u_ibex_core.id_stage_i.controller_i.instr_i,u_ibex_core.if_stage_i.gen_prefetch_buffer.prefetch_buffer_i.stored_addr_q,2.7207
u_ibex_core.id_stage_i.controller_i.instr_i,crash_dump_o,2.7285
u_ibex_core.id_stage_i.controller_i.instr_i,crash_dump_o,2.7556
u_ibex_core.id_stage_i.controller_i.instr_i,u_ibex_core.if_stage_i.gen_prefetch_buffer.prefetch_buffer_i.fetch_addr_q,2.7563
u_ibex_core.id_stage_i.controller_i.instr_i,u_ibex_core.ex_block_i.alu_i.g_no_alu_rvb.unused_imd_val_q,2.758
u_ibex_core.id_stage_i.controller_i.instr_i,u_ibex_core.ex_block_i.genblk3.gen_multdiv_fast.multdiv_i.op_numerator_q,2.758
u_ibex_core.id_stage_i.controller_i.instr_i,u_ibex_core.ex_block_i.alu_i.g_no_alu_rvb.unused_imd_val_q,2.7718
u_ibex_core.id_stage_i.controller_i.instr_i,u_ibex_core.ex_block_i.genblk3.gen_multdiv_fast.multdiv_i.op_numerator_q,2.7736
u_ibex_core.id_stage_i.controller_i.instr_i,crash_dump_o,2.7832
u_ibex_core.id_stage_i.controller_i.instr_i,crash_dump_o,2.789
u_ibex_core.id_stage_i.controller_i.instr_i,u_ibex_core.ex_block_i.alu_i.g_no_alu_rvb.unused_imd_val_q,2.8104
u_ibex_core.id_stage_i.controller_i.instr_i,u_ibex_core.ex_block_i.genblk3.gen_multdiv_fast.multdiv_i.op_numerator_q,2.8181
u_ibex_core.id_stage_i.controller_i.instr_i,u_ibex_core.if_stage_i.gen_prefetch_buffer.prefetch_buffer_i.fetch_addr_q,2.82
u_ibex_core.id_stage_i.controller_i.instr_i,u_ibex_core.ex_block_i.genblk3.gen_multdiv_fast.multdiv_i.op_numerator_q,2.8315
u_ibex_core.id_stage_i.controller_i.instr_i,u_ibex_core.ex_block_i.alu_i.g_no_alu_rvb.unused_imd_val_q,2.8341
u_ibex_core.id_stage_i.controller_i.instr_i,crash_dump_o,2.8392
u_ibex_core.id_stage_i.controller_i.instr_i,crash_dump_o,2.8405
u_ibex_core.id_stage_i.controller_i.instr_i,u_ibex_core.ex_block_i.alu_i.g_no_alu_rvb.unused_imd_val_q,2.8477
u_ibex_core.id_stage_i.controller_i.instr_i,crash_dump_o,2.8496
u_ibex_core.id_stage_i.controller_i.instr_i,u_ibex_core.load_store_unit_i.rdata_offset_q,2.8543
u_ibex_core.id_stage_i.controller_i.instr_i,u_ibex_core.load_store_unit_i.rdata_offset_q,2.8546
u_ibex_core.id_stage_i.controller_i.instr_i,u_ibex_core.ex_block_i.alu_i.g_no_alu_rvb.unused_imd_val_q,2.8609
u_ibex_core.id_stage_i.controller_i.instr_i,u_ibex_core.if_stage_i.gen_prefetch_buffer.prefetch_buffer_i.branch_discard_q,2.8712
u_ibex_core.id_stage_i.controller_i.instr_i,u_ibex_core.ex_block_i.genblk3.gen_multdiv_fast.multdiv_i.op_numerator_q,2.8774
u_ibex_core.id_stage_i.controller_i.instr_i,u_ibex_core.ex_block_i.genblk3.gen_multdiv_fast.multdiv_i.op_numerator_q,2.8794
u_ibex_core.id_stage_i.controller_i.instr_i,u_ibex_core.ex_block_i.genblk3.gen_multdiv_fast.multdiv_i.op_numerator_q,2.8938
u_ibex_core.id_stage_i.controller_i.instr_i,u_ibex_core.ex_block_i.alu_i.g_no_alu_rvb.unused_imd_val_q,2.8976
u_ibex_core.id_stage_i.controller_i.instr_i,u_ibex_core.ex_block_i.alu_i.g_no_alu_rvb.unused_imd_val_q,2.9249
u_ibex_core.id_stage_i.controller_i.instr_i,u_ibex_core.ex_block_i.genblk3.gen_multdiv_fast.multdiv_i.op_numerator_q,2.9286
u_ibex_core.id_stage_i.controller_i.instr_i,u_ibex_core.if_stage_i.gen_prefetch_buffer.prefetch_buffer_i.branch_discard_q,2.9373
u_ibex_core.id_stage_i.controller_i.instr_i,u_ibex_core.if_stage_i.gen_prefetch_buffer.prefetch_buffer_i.rdata_outstanding_q,3.0064
u_ibex_core.id_stage_i.controller_i.instr_i,u_ibex_core.if_stage_i.gen_prefetch_buffer.prefetch_buffer_i.discard_req_q,3.0203
u_ibex_core.id_stage_i.controller_i.instr_i,u_ibex_core.if_stage_i.gen_prefetch_buffer.prefetch_buffer_i.rdata_outstanding_q,3.025
u_ibex_core.id_stage_i.controller_i.instr_i,u_ibex_core.load_store_unit_i.data_type_q,3.096
u_ibex_core.id_stage_i.controller_i.instr_i,core_busy_q,3.1131
u_ibex_core.id_stage_i.controller_i.instr_i,u_ibex_core.if_stage_i.gen_prefetch_buffer.prefetch_buffer_i.valid_req_q,3.1222
u_ibex_core.id_stage_i.controller_i.instr_i,u_ibex_core.load_store_unit_i.data_type_q,3.126
u_ibex_core.id_stage_i.controller_i.instr_i,u_ibex_core.load_store_unit_i.data_we_q,3.1266
u_ibex_core.id_stage_i.controller_i.instr_i,u_ibex_core.load_store_unit_i.data_sign_ext_q,3.1352
u_ibex_core.id_stage_i.controller_i.instr_i,u_ibex_core.ex_block_i.genblk3.gen_multdiv_fast.multdiv_i.md_state_q,3.1418
u_ibex_core.id_stage_i.controller_i.instr_i,u_ibex_core.cs_registers_i.mstack_epc_q,3.1454
u_ibex_core.id_stage_i.controller_i.instr_i,u_ibex_core.cs_registers_i.mstack_epc_q,3.1454
u_ibex_core.id_stage_i.controller_i.instr_i,u_ibex_core.cs_registers_i.mstack_epc_q,3.1454
u_ibex_core.id_stage_i.controller_i.instr_i,u_ibex_core.cs_registers_i.mstack_epc_q,3.1454
u_ibex_core.id_stage_i.controller_i.instr_i,u_ibex_core.cs_registers_i.mstack_epc_q,3.1454
u_ibex_core.id_stage_i.controller_i.instr_i,u_ibex_core.cs_registers_i.mstack_epc_q,3.1454
u_ibex_core.id_stage_i.controller_i.instr_i,u_ibex_core.cs_registers_i.mstack_epc_q,3.1454
u_ibex_core.id_stage_i.controller_i.instr_i,u_ibex_core.cs_registers_i.mstack_epc_q,3.1454
u_ibex_core.id_stage_i.controller_i.instr_i,u_ibex_core.cs_registers_i.mstack_epc_q,3.1454
u_ibex_core.id_stage_i.controller_i.instr_i,u_ibex_core.cs_registers_i.mstack_epc_q,3.1454
u_ibex_core.id_stage_i.controller_i.instr_i,u_ibex_core.cs_registers_i.mstack_epc_q,3.1454
u_ibex_core.id_stage_i.controller_i.instr_i,u_ibex_core.cs_registers_i.mstack_epc_q,3.1454
u_ibex_core.id_stage_i.controller_i.instr_i,u_ibex_core.cs_registers_i.mstack_epc_q,3.1454
u_ibex_core.id_stage_i.controller_i.instr_i,u_ibex_core.cs_registers_i.mstack_epc_q,3.1454
u_ibex_core.id_stage_i.controller_i.instr_i,u_ibex_core.cs_registers_i.mstack_epc_q,3.1454
u_ibex_core.id_stage_i.controller_i.instr_i,u_ibex_core.cs_registers_i.mstack_epc_q,3.1454
u_ibex_core.id_stage_i.controller_i.instr_i,u_ibex_core.cs_registers_i.mstack_epc_q,3.1454
u_ibex_core.id_stage_i.controller_i.instr_i,u_ibex_core.cs_registers_i.mstack_epc_q,3.1454
u_ibex_core.id_stage_i.controller_i.instr_i,u_ibex_core.cs_registers_i.mstack_epc_q,3.1454
u_ibex_core.id_stage_i.controller_i.instr_i,u_ibex_core.cs_registers_i.mstack_epc_q,3.1454
u_ibex_core.id_stage_i.controller_i.instr_i,u_ibex_core.cs_registers_i.mstack_epc_q,3.1454
u_ibex_core.id_stage_i.controller_i.instr_i,u_ibex_core.cs_registers_i.mstack_epc_q,3.1454
u_ibex_core.id_stage_i.controller_i.instr_i,u_ibex_core.cs_registers_i.mstack_epc_q,3.1454
u_ibex_core.id_stage_i.controller_i.instr_i,u_ibex_core.cs_registers_i.mstack_cause_q,3.1454
u_ibex_core.id_stage_i.controller_i.instr_i,u_ibex_core.cs_registers_i.mstack_cause_q,3.1454
u_ibex_core.id_stage_i.controller_i.instr_i,u_ibex_core.cs_registers_i.mstack_cause_q,3.1454
u_ibex_core.id_stage_i.controller_i.instr_i,u_ibex_core.cs_registers_i.mstack_cause_q,3.1454
u_ibex_core.id_stage_i.controller_i.instr_i,u_ibex_core.cs_registers_i.mstack_cause_q,3.1454
u_ibex_core.id_stage_i.controller_i.instr_i,u_ibex_core.cs_registers_i.mstack_cause_q,3.1454
u_ibex_core.id_stage_i.controller_i.instr_i,u_ibex_core.cs_registers_i.mstack_cause_q,3.1454
u_ibex_core.id_stage_i.controller_i.instr_i,u_ibex_core.cs_registers_i.mstack_epc_q,3.146
u_ibex_core.id_stage_i.controller_i.instr_i,u_ibex_core.cs_registers_i.mstack_epc_q,3.146
u_ibex_core.id_stage_i.controller_i.instr_i,u_ibex_core.cs_registers_i.mstack_epc_q,3.146
u_ibex_core.id_stage_i.controller_i.instr_i,u_ibex_core.cs_registers_i.mstack_epc_q,3.146
u_ibex_core.id_stage_i.controller_i.instr_i,u_ibex_core.cs_registers_i.mstack_epc_q,3.146
u_ibex_core.id_stage_i.controller_i.instr_i,u_ibex_core.cs_registers_i.mstack_epc_q,3.146
u_ibex_core.id_stage_i.controller_i.instr_i,u_ibex_core.cs_registers_i.mstack_epc_q,3.146
u_ibex_core.id_stage_i.controller_i.instr_i,u_ibex_core.cs_registers_i.mstack_epc_q,3.146
u_ibex_core.id_stage_i.controller_i.instr_i,u_ibex_core.cs_registers_i.mstack_epc_q,3.146
u_ibex_core.id_stage_i.controller_i.instr_i,u_ibex_core.load_store_unit_i.lsu_err_q,3.1527
u_ibex_core.id_stage_i.controller_i.instr_i,u_ibex_core.load_store_unit_i.ls_fsm_cs,3.1543
u_ibex_core.id_stage_i.controller_i.instr_i,u_ibex_core.ex_block_i.genblk3.gen_multdiv_fast.multdiv_i.gen_mult_fast.mult_state_q,3.159
u_ibex_core.id_stage_i.controller_i.instr_i,u_ibex_core.ex_block_i.genblk3.gen_multdiv_fast.multdiv_i.gen_mult_fast.mult_state_q,3.159
u_ibex_core.id_stage_i.controller_i.instr_i,u_ibex_core.ex_block_i.genblk3.gen_multdiv_fast.multdiv_i.gen_mult_fast.mult_state_q,3.159
u_ibex_core.id_stage_i.controller_i.instr_i,u_ibex_core.ex_block_i.genblk3.gen_multdiv_fast.multdiv_i.gen_mult_fast.mult_state_q,3.1593
u_ibex_core.id_stage_i.controller_i.instr_i,u_ibex_core.ex_block_i.genblk3.gen_multdiv_fast.multdiv_i.div_counter_q,3.1686
u_ibex_core.id_stage_i.controller_i.instr_i,u_ibex_core.ex_block_i.genblk3.gen_multdiv_fast.multdiv_i.div_counter_q,3.1689
u_ibex_core.id_stage_i.controller_i.instr_i,u_ibex_core.ex_block_i.genblk3.gen_multdiv_fast.multdiv_i.div_counter_q,3.1692
u_ibex_core.id_stage_i.controller_i.instr_i,u_ibex_core.ex_block_i.genblk3.gen_multdiv_fast.multdiv_i.div_counter_q,3.1709
u_ibex_core.id_stage_i.controller_i.instr_i,u_ibex_core.ex_block_i.genblk3.gen_multdiv_fast.multdiv_i.div_counter_q,3.179
u_ibex_core.id_stage_i.controller_i.instr_i,u_ibex_core.load_store_unit_i.ls_fsm_cs,3.1828
u_ibex_core.id_stage_i.controller_i.instr_i,u_ibex_core.cs_registers_i.mstack_q,3.2045
u_ibex_core.id_stage_i.controller_i.instr_i,u_ibex_core.cs_registers_i.mstack_q,3.2045
u_ibex_core.id_stage_i.controller_i.instr_i,u_ibex_core.cs_registers_i.mstack_q,3.2048
u_ibex_core.id_stage_i.controller_i.instr_i,u_ibex_core.ex_block_i.genblk3.gen_multdiv_fast.multdiv_i.md_state_q,3.2269
u_ibex_core.id_stage_i.controller_i.instr_i,u_ibex_core.cs_registers_i.priv_lvl_q,3.2387
u_ibex_core.id_stage_i.controller_i.instr_i,u_ibex_core.cs_registers_i.priv_lvl_q,3.2387
u_ibex_core.id_stage_i.controller_i.instr_i,u_ibex_core.ex_block_i.genblk3.gen_multdiv_fast.multdiv_i.md_state_q,3.243
u_ibex_core.id_stage_i.controller_i.instr_i,u_ibex_core.ex_block_i.genblk3.gen_multdiv_fast.multdiv_i.md_state_q,3.243
u_ibex_core.id_stage_i.controller_i.instr_i,u_ibex_core.ex_block_i.genblk3.gen_multdiv_fast.multdiv_i.md_state_q,3.2434
u_ibex_core.id_stage_i.controller_i.instr_i,u_ibex_core.cs_registers_i.nmi_mode_i,3.2597
u_ibex_core.id_stage_i.controller_i.instr_i,u_ibex_core.cs_registers_i.debug_mode_i,3.2938
u_ibex_core.load_store_unit_i.rdata_offset_q,u_ibex_core.load_store_unit_i.data_rdata_rsrv,3.4449
u_ibex_core.load_store_unit_i.rdata_offset_q,u_ibex_core.load_store_unit_i.data_rdata_rsrv,3.4449
u_ibex_core.id_stage_i.controller_i.instr_i,u_ibex_core.cs_registers_i.debug_cause_i,3.4597
u_ibex_core.load_store_unit_i.rdata_offset_q,u_ibex_core.load_store_unit_i.data_rdata_rsrv,3.4613
u_ibex_core.load_store_unit_i.rdata_offset_q,u_ibex_core.load_store_unit_i.data_rdata_rsrv,3.4613
u_ibex_core.load_store_unit_i.rdata_offset_q,u_ibex_core.load_store_unit_i.data_rdata_rsrv,3.4614
u_ibex_core.load_store_unit_i.rdata_offset_q,u_ibex_core.load_store_unit_i.data_rdata_rsrv,3.4666
u_ibex_core.load_store_unit_i.rdata_offset_q,u_ibex_core.load_store_unit_i.data_rdata_rsrv,3.4666
u_ibex_core.load_store_unit_i.rdata_offset_q,u_ibex_core.load_store_unit_i.data_rdata_rsrv,3.4683
u_ibex_core.load_store_unit_i.rdata_offset_q,u_ibex_core.load_store_unit_i.data_rdata_rsrv,3.4734
u_ibex_core.id_stage_i.controller_i.instr_i,u_ibex_core.cs_registers_i.debug_cause_i,3.4763
u_ibex_core.load_store_unit_i.rdata_offset_q,u_ibex_core.load_store_unit_i.data_rdata_rsrv,3.487
u_ibex_core.id_stage_i.controller_i.instr_i,u_ibex_core.cs_registers_i.debug_cause_i,3.4927
u_ibex_core.load_store_unit_i.rdata_offset_q,u_ibex_core.load_store_unit_i.data_rdata_rsrv,3.5139
u_ibex_core.load_store_unit_i.rdata_offset_q,u_ibex_core.load_store_unit_i.data_rdata_rsrv,3.5154
u_ibex_core.load_store_unit_i.rdata_offset_q,u_ibex_core.load_store_unit_i.data_rdata_rsrv,3.5154
u_ibex_core.id_stage_i.controller_i.instr_i,u_ibex_core.load_store_unit_i.data_rdata_rsrv,3.5196
u_ibex_core.id_stage_i.controller_i.instr_i,u_ibex_core.load_store_unit_i.data_rdata_rsrv,3.5196
u_ibex_core.id_stage_i.controller_i.instr_i,u_ibex_core.load_store_unit_i.data_rdata_rsrv,3.5196
u_ibex_core.id_stage_i.controller_i.instr_i,u_ibex_core.load_store_unit_i.data_rdata_rsrv,3.5196
u_ibex_core.id_stage_i.controller_i.instr_i,u_ibex_core.load_store_unit_i.data_rdata_rsrv,3.5196
u_ibex_core.id_stage_i.controller_i.instr_i,u_ibex_core.load_store_unit_i.data_rdata_rsrv,3.5196
u_ibex_core.id_stage_i.controller_i.instr_i,u_ibex_core.load_store_unit_i.data_rdata_rsrv,3.5196
u_ibex_core.id_stage_i.controller_i.instr_i,u_ibex_core.load_store_unit_i.data_rdata_rsrv,3.5196
u_ibex_core.id_stage_i.controller_i.instr_i,u_ibex_core.load_store_unit_i.data_rdata_rsrv,3.5196
u_ibex_core.load_store_unit_i.rdata_offset_q,u_ibex_core.load_store_unit_i.data_rdata_rsrv,3.5235
u_ibex_core.load_store_unit_i.rdata_offset_q,u_ibex_core.load_store_unit_i.data_rdata_rsrv,3.5235
u_ibex_core.id_stage_i.controller_i.instr_i,u_ibex_core.load_store_unit_i.data_rdata_rsrv,3.5244
u_ibex_core.id_stage_i.controller_i.instr_i,u_ibex_core.load_store_unit_i.data_rdata_rsrv,3.5244
u_ibex_core.id_stage_i.controller_i.instr_i,u_ibex_core.load_store_unit_i.lsu_lw_sw_state,3.5244
u_ibex_core.id_stage_i.controller_i.ctrl_fsm_cs,u_ibex_core.cs_registers_i.dcsr_q,3.5382
u_ibex_core.id_stage_i.controller_i.ctrl_fsm_cs,u_ibex_core.cs_registers_i.dcsr_q,3.5382
u_ibex_core.id_stage_i.controller_i.ctrl_fsm_cs,u_ibex_core.cs_registers_i.dcsr_q,3.5382
u_ibex_core.id_stage_i.controller_i.instr_i,u_ibex_core.load_store_unit_i.data_rdata_rsrv,3.5387
u_ibex_core.id_stage_i.controller_i.instr_i,u_ibex_core.load_store_unit_i.data_rdata_rsrv,3.5387
u_ibex_core.id_stage_i.controller_i.instr_i,u_ibex_core.load_store_unit_i.data_rdata_rsrv,3.5387
u_ibex_core.id_stage_i.controller_i.instr_i,u_ibex_core.load_store_unit_i.data_rdata_rsrv,3.5387
u_ibex_core.id_stage_i.controller_i.instr_i,u_ibex_core.load_store_unit_i.data_rdata_rsrv,3.5387
u_ibex_core.id_stage_i.controller_i.instr_i,u_ibex_core.load_store_unit_i.data_rdata_rsrv,3.5387
u_ibex_core.if_stage_i.gen_prefetch_buffer.prefetch_buffer_i.fifo_busy,u_ibex_core.if_stage_i.gen_prefetch_buffer.prefetch_buffer_i.fifo_i.err_q,3.5542
u_ibex_core.if_stage_i.gen_prefetch_buffer.prefetch_buffer_i.fifo_busy,u_ibex_core.if_stage_i.gen_prefetch_buffer.prefetch_buffer_i.fifo_i.rdata_q,3.5542
u_ibex_core.if_stage_i.gen_prefetch_buffer.prefetch_buffer_i.fifo_busy,u_ibex_core.if_stage_i.gen_prefetch_buffer.prefetch_buffer_i.fifo_i.rdata_q,3.5542
u_ibex_core.if_stage_i.gen_prefetch_buffer.prefetch_buffer_i.fifo_busy,u_ibex_core.if_stage_i.gen_prefetch_buffer.prefetch_buffer_i.fifo_i.rdata_q,3.5542
u_ibex_core.if_stage_i.gen_prefetch_buffer.prefetch_buffer_i.fifo_busy,u_ibex_core.if_stage_i.gen_prefetch_buffer.prefetch_buffer_i.fifo_i.rdata_q,3.5542
u_ibex_core.if_stage_i.gen_prefetch_buffer.prefetch_buffer_i.fifo_busy,u_ibex_core.if_stage_i.gen_prefetch_buffer.prefetch_buffer_i.fifo_i.rdata_q,3.5542
u_ibex_core.if_stage_i.gen_prefetch_buffer.prefetch_buffer_i.fifo_busy,u_ibex_core.if_stage_i.gen_prefetch_buffer.prefetch_buffer_i.fifo_i.rdata_q,3.5542
u_ibex_core.if_stage_i.gen_prefetch_buffer.prefetch_buffer_i.fifo_busy,u_ibex_core.if_stage_i.gen_prefetch_buffer.prefetch_buffer_i.fifo_i.rdata_q,3.5542
u_ibex_core.if_stage_i.gen_prefetch_buffer.prefetch_buffer_i.fifo_busy,u_ibex_core.if_stage_i.gen_prefetch_buffer.prefetch_buffer_i.fifo_i.rdata_q,3.5542
u_ibex_core.if_stage_i.gen_prefetch_buffer.prefetch_buffer_i.fifo_busy,u_ibex_core.if_stage_i.gen_prefetch_buffer.prefetch_buffer_i.fifo_i.rdata_q,3.5542
u_ibex_core.if_stage_i.gen_prefetch_buffer.prefetch_buffer_i.fifo_busy,u_ibex_core.if_stage_i.gen_prefetch_buffer.prefetch_buffer_i.fifo_i.rdata_q,3.5542
u_ibex_core.if_stage_i.gen_prefetch_buffer.prefetch_buffer_i.fifo_busy,u_ibex_core.if_stage_i.gen_prefetch_buffer.prefetch_buffer_i.fifo_i.rdata_q,3.5542
u_ibex_core.if_stage_i.gen_prefetch_buffer.prefetch_buffer_i.fifo_busy,u_ibex_core.if_stage_i.gen_prefetch_buffer.prefetch_buffer_i.fifo_i.rdata_q,3.5542
u_ibex_core.if_stage_i.gen_prefetch_buffer.prefetch_buffer_i.fifo_busy,u_ibex_core.if_stage_i.gen_prefetch_buffer.prefetch_buffer_i.fifo_i.rdata_q,3.5542
u_ibex_core.if_stage_i.gen_prefetch_buffer.prefetch_buffer_i.fifo_busy,u_ibex_core.if_stage_i.gen_prefetch_buffer.prefetch_buffer_i.fifo_i.rdata_q,3.5542
u_ibex_core.if_stage_i.gen_prefetch_buffer.prefetch_buffer_i.fifo_busy,u_ibex_core.if_stage_i.gen_prefetch_buffer.prefetch_buffer_i.fifo_i.rdata_q,3.5542
u_ibex_core.if_stage_i.gen_prefetch_buffer.prefetch_buffer_i.fifo_busy,u_ibex_core.if_stage_i.gen_prefetch_buffer.prefetch_buffer_i.fifo_i.rdata_q,3.5542
u_ibex_core.if_stage_i.gen_prefetch_buffer.prefetch_buffer_i.fifo_busy,u_ibex_core.if_stage_i.gen_prefetch_buffer.prefetch_buffer_i.fifo_i.rdata_q,3.5542
u_ibex_core.if_stage_i.gen_prefetch_buffer.prefetch_buffer_i.fifo_busy,u_ibex_core.if_stage_i.gen_prefetch_buffer.prefetch_buffer_i.fifo_i.rdata_q,3.5542
u_ibex_core.if_stage_i.gen_prefetch_buffer.prefetch_buffer_i.fifo_busy,u_ibex_core.if_stage_i.gen_prefetch_buffer.prefetch_buffer_i.fifo_i.rdata_q,3.5542
u_ibex_core.if_stage_i.gen_prefetch_buffer.prefetch_buffer_i.fifo_busy,u_ibex_core.if_stage_i.gen_prefetch_buffer.prefetch_buffer_i.fifo_i.rdata_q,3.5542
u_ibex_core.if_stage_i.gen_prefetch_buffer.prefetch_buffer_i.fifo_busy,u_ibex_core.if_stage_i.gen_prefetch_buffer.prefetch_buffer_i.fifo_i.rdata_q,3.5542
u_ibex_core.if_stage_i.gen_prefetch_buffer.prefetch_buffer_i.fifo_busy,u_ibex_core.if_stage_i.gen_prefetch_buffer.prefetch_buffer_i.fifo_i.rdata_q,3.5542
u_ibex_core.if_stage_i.gen_prefetch_buffer.prefetch_buffer_i.fifo_busy,u_ibex_core.if_stage_i.gen_prefetch_buffer.prefetch_buffer_i.fifo_i.rdata_q,3.5542
u_ibex_core.if_stage_i.gen_prefetch_buffer.prefetch_buffer_i.fifo_busy,u_ibex_core.if_stage_i.gen_prefetch_buffer.prefetch_buffer_i.fifo_i.rdata_q,3.5542
u_ibex_core.if_stage_i.gen_prefetch_buffer.prefetch_buffer_i.fifo_busy,u_ibex_core.if_stage_i.gen_prefetch_buffer.prefetch_buffer_i.fifo_i.rdata_q,3.5542
u_ibex_core.if_stage_i.gen_prefetch_buffer.prefetch_buffer_i.fifo_busy,u_ibex_core.if_stage_i.gen_prefetch_buffer.prefetch_buffer_i.fifo_i.rdata_q,3.5542
u_ibex_core.if_stage_i.gen_prefetch_buffer.prefetch_buffer_i.fifo_busy,u_ibex_core.if_stage_i.gen_prefetch_buffer.prefetch_buffer_i.fifo_i.rdata_q,3.5542
u_ibex_core.if_stage_i.gen_prefetch_buffer.prefetch_buffer_i.fifo_busy,u_ibex_core.if_stage_i.gen_prefetch_buffer.prefetch_buffer_i.fifo_i.rdata_q,3.5542
u_ibex_core.if_stage_i.gen_prefetch_buffer.prefetch_buffer_i.fifo_busy,u_ibex_core.if_stage_i.gen_prefetch_buffer.prefetch_buffer_i.fifo_i.rdata_q,3.5542
u_ibex_core.load_store_unit_i.ls_fsm_cs,u_ibex_core.load_store_unit_i.rdata_q,3.5581
u_ibex_core.load_store_unit_i.ls_fsm_cs,u_ibex_core.load_store_unit_i.rdata_q,3.5581
u_ibex_core.load_store_unit_i.ls_fsm_cs,u_ibex_core.load_store_unit_i.rdata_q,3.5581
u_ibex_core.load_store_unit_i.ls_fsm_cs,u_ibex_core.load_store_unit_i.rdata_q,3.5581
u_ibex_core.load_store_unit_i.ls_fsm_cs,u_ibex_core.load_store_unit_i.rdata_q,3.5581
u_ibex_core.load_store_unit_i.ls_fsm_cs,u_ibex_core.load_store_unit_i.rdata_q,3.5581
u_ibex_core.load_store_unit_i.ls_fsm_cs,u_ibex_core.load_store_unit_i.rdata_q,3.5581
u_ibex_core.load_store_unit_i.ls_fsm_cs,u_ibex_core.load_store_unit_i.rdata_q,3.5581
u_ibex_core.load_store_unit_i.ls_fsm_cs,u_ibex_core.load_store_unit_i.rdata_q,3.5581
u_ibex_core.load_store_unit_i.ls_fsm_cs,u_ibex_core.load_store_unit_i.rdata_q,3.5581
u_ibex_core.load_store_unit_i.ls_fsm_cs,u_ibex_core.load_store_unit_i.rdata_q,3.5581
u_ibex_core.load_store_unit_i.ls_fsm_cs,u_ibex_core.load_store_unit_i.rdata_q,3.5581
u_ibex_core.load_store_unit_i.ls_fsm_cs,u_ibex_core.load_store_unit_i.rdata_q,3.5581
u_ibex_core.load_store_unit_i.ls_fsm_cs,u_ibex_core.load_store_unit_i.rdata_q,3.5581
